micro_graph.cc:31:13:const char* tflite::{anonymous}::OpNameFromRegistration(const TfLiteRegistration*)	0	static
micro_graph.cc:53:1:tflite::MicroGraph::~MicroGraph()	0	static
micro_graph.cc:53:1:virtual tflite::MicroGraph::~MicroGraph()	8	static
micro_graph.cc:55:14:virtual TfLiteStatus tflite::MicroGraph::InitSubgraphs()	40	static
micro_graph.cc:119:14:virtual TfLiteStatus tflite::MicroGraph::FreeSubgraphs()	32	static
micro_graph.cc:89:14:virtual TfLiteStatus tflite::MicroGraph::PrepareSubgraphs()	48	static
flatbuffers.h:2436:13:flatbuffers::voffset_t flatbuffers::Table::GetOptionalFieldOffset(flatbuffers::voffset_t) const	0	static
micro_profiler.h:109:3:tflite::ScopedMicroProfiler::~ScopedMicroProfiler()	8	static
micro_graph.cc:145:14:virtual TfLiteStatus tflite::MicroGraph::InvokeSubgraph(int)	56	static
micro_graph.cc:218:6:void tflite::MicroGraph::SetSubgraphAllocations(tflite::SubgraphAllocations*)	0	static
flatbuffers.h:261:15:flatbuffers::Vector<T>::return_type flatbuffers::Vector<T>::Get(flatbuffers::uoffset_t) const [with T = long int]	8	static
flatbuffers.h:261:15:flatbuffers::Vector<T>::return_type flatbuffers::Vector<T>::Get(flatbuffers::uoffset_t) const [with T = flatbuffers::Offset<tflite::SubGraph>]	8	static
micro_graph.cc:192:14:virtual TfLiteStatus tflite::MicroGraph::ResetVariableTensors()	56	static
flatbuffers.h:2451:26:P flatbuffers::Table::GetPointer(flatbuffers::voffset_t) [with P = const flatbuffers::Vector<long int>*]	8	static
flatbuffers.h:2451:26:P flatbuffers::Table::GetPointer(flatbuffers::voffset_t) [with P = const flatbuffers::Vector<flatbuffers::Offset<tflite::SubGraph> >*]	8	static
micro_graph.cc:227:19:virtual TfLiteEvalTensor* tflite::MicroGraph::GetSubgraphInput(int, int)	16	static
micro_graph.cc:216:5:virtual int tflite::MicroGraph::NumSubgraphs()	8	static
micro_graph.cc:234:8:virtual size_t tflite::MicroGraph::NumSubgraphOutputs(int)	8	static
micro_graph.cc:223:8:virtual size_t tflite::MicroGraph::NumSubgraphInputs(int)	8	static
micro_graph.cc:42:1:tflite::MicroGraph::MicroGraph(TfLiteContext*, const tflite::Model*, tflite::MicroAllocator*)	8	static
micro_graph.cc:238:19:virtual TfLiteEvalTensor* tflite::MicroGraph::GetSubgraphOutput(int, int)	16	static
