dequantize.cc:41:7:void* tflite::ops::micro::dequantize::Init(TfLiteContext*, const char*, size_t)	8	static
dequantize.cc:46:14:TfLiteStatus tflite::ops::micro::dequantize::Prepare(TfLiteContext*, TfLiteNode*)	40	static
types.h:296:12:int tflite::MatchingFlatSize(const tflite::RuntimeShape&, const tflite::RuntimeShape&)	16	static
dequantize.cc:77:14:TfLiteStatus tflite::ops::micro::dequantize::Eval(TfLiteContext*, TfLiteNode*)	88	static
dequantize.cc:118:20:TfLiteRegistration tflite::ops::micro::Register_DEQUANTIZE()	16	static
