detection_postprocess.cc:150:6:void tflite::{anonymous}::Free(TfLiteContext*, void*)	0	static
detection_postprocess.cc:152:14:TfLiteStatus tflite::{anonymous}::Prepare(TfLiteContext*, TfLiteNode*)	64	static
flexbuffers.h:846:26:int flexbuffers::KeyCompare(const void*, const void*) [with T = long long unsigned int]	0	static
flexbuffers.h:846:26:int flexbuffers::KeyCompare(const void*, const void*) [with T = unsigned char]	0	static
flexbuffers.h:846:26:int flexbuffers::KeyCompare(const void*, const void*) [with T = short unsigned int]	0	static
flexbuffers.h:846:26:int flexbuffers::KeyCompare(const void*, const void*) [with T = long unsigned int]	0	static
detection_postprocess.cc:318:7:tflite::{anonymous}::DecreasingPartialArgSort(const float*, int, int, int*)::<lambda(int, int)>	0	static
stl_heap.h:214:5:void std::__adjust_heap(_RandomAccessIterator, _Distance, _Distance, _Tp, _Compare) [with _RandomAccessIterator = int*; _Distance = int; _Tp = int; _Compare = __gnu_cxx::__ops::_Iter_comp_iter<tflite::{anonymous}::DecreasingPartialArgSort(const float*, int, int, int*)::<lambda(int, int)> >]	40	static
detection_postprocess.cc:313:6:void tflite::{anonymous}::DecreasingPartialArgSort(const float*, int, int, int*)	48	static
util.h:55:13:bool flatbuffers::is_alpha_char(char, char)	8	static
kernel_util.h:31:26:TfLiteEvalTensor* tflite::micro::GetMutableEvalInput(const TfLiteContext*, const TfLiteNode*, int)	8	static
kernel_util.h:46:26:TfLiteEvalTensor* tflite::micro::GetEvalOutput(const TfLiteContext*, const TfLiteNode*, int)	8	static
detection_postprocess.cc:794:21:TfLiteRegistration* tflite::Register_DETECTION_POSTPROCESS()	0	static
util.h:291:13:bool flatbuffers::StringToIntegerImpl(T*, const char*, int, bool) [with T = long long int]	32	static
util.h:291:13:bool flatbuffers::StringToIntegerImpl(T*, const char*, int, bool) [with T = long long unsigned int]	32	static
flexbuffers.h:136:3:R flexbuffers::ReadSizedScalar(const uint8_t*, uint8_t) [with R = long long int; T1 = signed char; T2 = short int; T4 = long int; T8 = long long int]	0	static
flexbuffers.h:136:3:R flexbuffers::ReadSizedScalar(const uint8_t*, uint8_t) [with R = long long unsigned int; T1 = unsigned char; T2 = short unsigned int; T4 = long unsigned int; T8 = long long unsigned int]	0	static
flexbuffers.h:228:10:size_t flexbuffers::Sized::read_size() const	8	static
flexbuffers.h:853:18:flexbuffers::Reference flexbuffers::Map::operator[](const char*) const	56	static
flexbuffers.h:742:18:const uint8_t* flexbuffers::Reference::Indirect() const	8	static
flexbuffers.h:618:10:flexbuffers::Vector flexbuffers::Reference::AsVector() const	16	static
flexbuffers.h:531:10:flexbuffers::String flexbuffers::Reference::AsString() const	16	static
flexbuffers.h:136:3:R flexbuffers::ReadSizedScalar(const uint8_t*, uint8_t) [with R = double; T1 = signed char; T2 = short int; T4 = float; T8 = double]	0	static
flexbuffers.h:452:12:uint64_t flexbuffers::Reference::AsUInt64() const	32	static
flexbuffers.h:423:11:int64_t flexbuffers::Reference::AsInt64() const	32	static
flexbuffers.h:479:10:double flexbuffers::Reference::AsDouble() const	24	static
detection_postprocess.cc:118:7:void* tflite::{anonymous}::Init(TfLiteContext*, const char*, size_t)	40	static
stl_algo.h:1328:5:_RandomAccessIterator std::_V2::__rotate(_RandomAccessIterator, _RandomAccessIterator, _RandomAccessIterator, std::random_access_iterator_tag) [with _RandomAccessIterator = int*]	24	static
detection_postprocess.cc:346:6:void tflite::{anonymous}::MergeSort(int*, int*, int, Compare) [with Compare = tflite::{anonymous}::DecreasingArgSort(const float*, int, int*, int*)::<lambda(int, int)>]	48	static
detection_postprocess.cc:420:14:TfLiteStatus tflite::{anonymous}::NonMaxSuppressionSingleClassHelper(TfLiteContext*, TfLiteNode*, tflite::{anonymous}::OpData*, const float*, int*, int*, int)	72	static
detection_postprocess.cc:769:14:TfLiteStatus tflite::{anonymous}::Eval(TfLiteContext*, TfLiteNode*)	192	static
