floor_div.cc:53:7:void* tflite::{anonymous}::Init(TfLiteContext*, const char*, size_t)	0	static
floor_div.h:27:3:T tflite::reference_ops::FloorDiv(T, T) [with T = float]	0	static
floor_div.cc:57:14:TfLiteStatus tflite::{anonymous}::Prepare(TfLiteContext*, TfLiteNode*)	56	static
runtime_shape.h:54:11:int32_t tflite::RuntimeShape::Dims(int) const	8	static
runtime_shape.h:93:3:tflite::RuntimeShape::RuntimeShape(int, const tflite::RuntimeShape&, int)	24	static
common.h:771:12:int tflite::SubscriptToIndex(const tflite::NdArrayDesc<4>&, int, int, int, int)	16	static
kernel_util.h:31:26:TfLiteEvalTensor* tflite::micro::GetMutableEvalInput(const TfLiteContext*, const TfLiteNode*, int)	8	static
floor_div.cc:119:20:TfLiteRegistration tflite::Register_FLOOR_DIV()	16	static
common.h:853:13:void tflite::CopyDimsToDesc(const tflite::RuntimeShape&, tflite::NdArrayDesc<N>*) [with int N = 4]	24	static
binary_function.h:30:13:void tflite::reference_ops::BroadcastBinaryFunction4DSlow(const tflite::RuntimeShape&, const T1*, const tflite::RuntimeShape&, const T2*, const tflite::RuntimeShape&, R*, R (*)(T1, T2)) [with R = float; T1 = float; T2 = float]	184	static
floor_div.cc:97:14:TfLiteStatus tflite::{anonymous}::Eval(TfLiteContext*, TfLiteNode*)	136	static
