stm32h7xx_hal_msp.c:64:6:HAL_MspInit	8	static
stm32h7xx_hal_msp.c:85:6:HAL_CRC_MspInit	8	static
stm32h7xx_hal_msp.c:107:6:HAL_CRC_MspDeInit	0	static
stm32h7xx_hal_msp.c:129:6:HAL_ETH_MspInit	64	static
stm32h7xx_hal_msp.c:198:6:HAL_ETH_MspDeInit	8	static
stm32h7xx_hal_msp.c:242:6:HAL_TIM_Base_MspInit	8	static
stm32h7xx_hal_msp.c:264:6:HAL_TIM_Base_MspDeInit	0	static
stm32h7xx_hal_msp.c:286:6:HAL_UART_MspInit	224	static
stm32h7xx_hal_msp.c:332:6:HAL_UART_MspDeInit	0	static
stm32h7xx_hal_msp.c:361:6:HAL_PCD_MspInit	232	static
stm32h7xx_hal_msp.c:423:6:HAL_PCD_MspDeInit	0	static
