softmax_common.cc:132:9:static float tflite::SoftmaxPrepare(TfLiteContext*, TfLiteNode*)::<lambda(float)>::_FUN(float)	0	static
softmax_common.cc:129:9:static float tflite::SoftmaxPrepare(TfLiteContext*, TfLiteNode*)::<lambda(float)>::_FUN(float)	0	static
softmax_common.cc:87:7:void* tflite::SoftmaxInit(TfLiteContext*, const char*, size_t)	8	static
common.h:304:13:void tflite::gen_lut(FloatT (*)(FloatT), FloatT, FloatT, FloatT, FloatT, LutOutT*) [with FloatT = float; LutInT = short int; LutOutT = short int]	72	static
softmax_common.cc:92:14:TfLiteStatus tflite::SoftmaxPrepare(TfLiteContext*, TfLiteNode*)	64	static
