Archive member included to satisfy reference by file (symbol)

../../Middlewares/ST/AI/Lib\NetworkRuntime700_CM7_GCC.a(ai_platform_interface.o)
                              ./X-CUBE-AI/App/sine_model.o (ai_platform_get_weights_map)
../../Middlewares/ST/AI/Lib\NetworkRuntime700_CM7_GCC.a(core_mem_manager.o)
                              ../../Middlewares/ST/AI/Lib\NetworkRuntime700_CM7_GCC.a(ai_platform_interface.o) (core_mem_alloc)
../../Middlewares/ST/AI/Lib\NetworkRuntime700_CM7_GCC.a(core_common.o)
                              ../../Middlewares/ST/AI/Lib\NetworkRuntime700_CM7_GCC.a(ai_platform_interface.o) (core_init)
../../Middlewares/ST/AI/Lib\NetworkRuntime700_CM7_GCC.a(layers_conv2d_generic_float.o)
                              ./X-CUBE-AI/App/sine_model.o (forward_dense)
../../Middlewares/ST/AI/Lib\NetworkRuntime700_CM7_GCC.a(layers_nl_generic_float.o)
                              ./X-CUBE-AI/App/sine_model.o (forward_relu)
../../Middlewares/ST/AI/Lib\NetworkRuntime700_CM7_GCC.a(layers.o)
                              ../../Middlewares/ST/AI/Lib\NetworkRuntime700_CM7_GCC.a(ai_platform_interface.o) (ai_check_custom_types)
../../Middlewares/ST/AI/Lib\NetworkRuntime700_CM7_GCC.a(arm_mat_init_f32.o)
                              ../../Middlewares/ST/AI/Lib\NetworkRuntime700_CM7_GCC.a(layers_conv2d_generic_float.o) (st_dsp_arm_mat_init_f32)
../../Middlewares/ST/AI/Lib\NetworkRuntime700_CM7_GCC.a(ai_datatypes_format.o)
                              ../../Middlewares/ST/AI/Lib\NetworkRuntime700_CM7_GCC.a(ai_platform_interface.o) (ai_array_to_buffer_fmt)
../../Middlewares/ST/AI/Lib\NetworkRuntime700_CM7_GCC.a(ai_math_helpers.o)
                              ../../Middlewares/ST/AI/Lib\NetworkRuntime700_CM7_GCC.a(layers_nl_generic_float.o) (ai_math_sqrt)
../../Middlewares/ST/AI/Lib\NetworkRuntime700_CM7_GCC.a(st_convolve_reference.o)
                              ../../Middlewares/ST/AI/Lib\NetworkRuntime700_CM7_GCC.a(ai_math_helpers.o) (align_factor)
c:/st/stm32cubeide_1.7.0/stm32cubeide/plugins/com.st.stm32cube.ide.mcu.externaltools.gnu-tools-for-stm32.9-2020-q2-update.win32_2.0.0.202105311346/tools/bin/../lib/gcc/arm-none-eabi/9.3.1/../../../../arm-none-eabi/lib/thumb/v7e-m+dp/hard\libm.a(lib_a-cosf.o)
                              ../../Middlewares/ST/AI/Lib\NetworkRuntime700_CM7_GCC.a(layers_nl_generic_float.o) (cosf)
c:/st/stm32cubeide_1.7.0/stm32cubeide/plugins/com.st.stm32cube.ide.mcu.externaltools.gnu-tools-for-stm32.9-2020-q2-update.win32_2.0.0.202105311346/tools/bin/../lib/gcc/arm-none-eabi/9.3.1/../../../../arm-none-eabi/lib/thumb/v7e-m+dp/hard\libm.a(lib_a-math_errf.o)
                              c:/st/stm32cubeide_1.7.0/stm32cubeide/plugins/com.st.stm32cube.ide.mcu.externaltools.gnu-tools-for-stm32.9-2020-q2-update.win32_2.0.0.202105311346/tools/bin/../lib/gcc/arm-none-eabi/9.3.1/../../../../arm-none-eabi/lib/thumb/v7e-m+dp/hard\libm.a(lib_a-cosf.o) (__math_invalidf)
c:/st/stm32cubeide_1.7.0/stm32cubeide/plugins/com.st.stm32cube.ide.mcu.externaltools.gnu-tools-for-stm32.9-2020-q2-update.win32_2.0.0.202105311346/tools/bin/../lib/gcc/arm-none-eabi/9.3.1/../../../../arm-none-eabi/lib/thumb/v7e-m+dp/hard\libm.a(lib_a-s_sin.o)
                              ./Core/Src/main.o (sin)
c:/st/stm32cubeide_1.7.0/stm32cubeide/plugins/com.st.stm32cube.ide.mcu.externaltools.gnu-tools-for-stm32.9-2020-q2-update.win32_2.0.0.202105311346/tools/bin/../lib/gcc/arm-none-eabi/9.3.1/../../../../arm-none-eabi/lib/thumb/v7e-m+dp/hard\libm.a(lib_a-sf_asinh.o)
                              ../../Middlewares/ST/AI/Lib\NetworkRuntime700_CM7_GCC.a(layers_nl_generic_float.o) (asinhf)
c:/st/stm32cubeide_1.7.0/stm32cubeide/plugins/com.st.stm32cube.ide.mcu.externaltools.gnu-tools-for-stm32.9-2020-q2-update.win32_2.0.0.202105311346/tools/bin/../lib/gcc/arm-none-eabi/9.3.1/../../../../arm-none-eabi/lib/thumb/v7e-m+dp/hard\libm.a(lib_a-sf_atan.o)
                              ../../Middlewares/ST/AI/Lib\NetworkRuntime700_CM7_GCC.a(layers_nl_generic_float.o) (atanf)
c:/st/stm32cubeide_1.7.0/stm32cubeide/plugins/com.st.stm32cube.ide.mcu.externaltools.gnu-tools-for-stm32.9-2020-q2-update.win32_2.0.0.202105311346/tools/bin/../lib/gcc/arm-none-eabi/9.3.1/../../../../arm-none-eabi/lib/thumb/v7e-m+dp/hard\libm.a(lib_a-sf_erf.o)
                              ../../Middlewares/ST/AI/Lib\NetworkRuntime700_CM7_GCC.a(layers_nl_generic_float.o) (erff)
c:/st/stm32cubeide_1.7.0/stm32cubeide/plugins/com.st.stm32cube.ide.mcu.externaltools.gnu-tools-for-stm32.9-2020-q2-update.win32_2.0.0.202105311346/tools/bin/../lib/gcc/arm-none-eabi/9.3.1/../../../../arm-none-eabi/lib/thumb/v7e-m+dp/hard\libm.a(lib_a-sf_exp.o)
                              ../../Middlewares/ST/AI/Lib\NetworkRuntime700_CM7_GCC.a(layers_nl_generic_float.o) (expf)
[...]
Memory Configuration

Name             Origin             Length             Attributes
RAM_D1           0x0000000024000000 0x0000000000080000 xrw
FLASH            0x0000000008000000 0x0000000000100000 xr
DTCMRAM          0x0000000020000000 0x0000000000020000 xrw
RAM_D2           0x0000000030000000 0x0000000000048000 xrw
RAM_D3           0x0000000038000000 0x0000000000010000 xrw
ITCMRAM          0x0000000000000000 0x0000000000010000 xrw
*default*        0x0000000000000000 0xffffffffffffffff

Linker script and memory map

LOAD c:/st/stm32cubeide_1.7.0/stm32cubeide/plugins/com.st.stm32cube.ide.mcu.externaltools.gnu-tools-for-stm32.9-2020-q2-update.win32_2.0.0.202105311346/tools/bin/../lib/gcc/arm-none-eabi/9.3.1/thumb/v7e-m+dp/hard/crti.o
LOAD c:/st/stm32cubeide_1.7.0/stm32cubeide/plugins/com.st.stm32cube.ide.mcu.externaltools.gnu-tools-for-stm32.9-2020-q2-update.win32_2.0.0.202105311346/tools/bin/../lib/gcc/arm-none-eabi/9.3.1/thumb/v7e-m+dp/hard/crtbegin.o
LOAD c:/st/stm32cubeide_1.7.0/stm32cubeide/plugins/com.st.stm32cube.ide.mcu.externaltools.gnu-tools-for-stm32.9-2020-q2-update.win32_2.0.0.202105311346/tools/bin/../lib/gcc/arm-none-eabi/9.3.1/../../../../arm-none-eabi/lib/thumb/v7e-m+dp/hard/crt0.o
LOAD ./Common/Src/system_stm32h7xx_dualcore_boot_cm4_cm7.o
LOAD ./Core/Src/main.o
LOAD ./Core/Src/stm32h7xx_hal_msp.o
LOAD ./Core/Src/stm32h7xx_it.o
LOAD ./Core/Src/sysmem.o
LOAD ./Core/Startup/startup_stm32h745zitx.o
LOAD ./Drivers/STM32H7xx_HAL_Driver/stm32h7xx_hal.o
LOAD ./Drivers/STM32H7xx_HAL_Driver/stm32h7xx_hal_cortex.o
LOAD ./Drivers/STM32H7xx_HAL_Driver/stm32h7xx_hal_crc.o
LOAD ./Drivers/STM32H7xx_HAL_Driver/stm32h7xx_hal_crc_ex.o
LOAD ./Drivers/STM32H7xx_HAL_Driver/stm32h7xx_hal_dma.o
LOAD ./Drivers/STM32H7xx_HAL_Driver/stm32h7xx_hal_dma_ex.o
LOAD ./Drivers/STM32H7xx_HAL_Driver/stm32h7xx_hal_eth.o
LOAD ./Drivers/STM32H7xx_HAL_Driver/stm32h7xx_hal_eth_ex.o
LOAD ./Drivers/STM32H7xx_HAL_Driver/stm32h7xx_hal_exti.o
LOAD ./Drivers/STM32H7xx_HAL_Driver/stm32h7xx_hal_flash.o
LOAD ./Drivers/STM32H7xx_HAL_Driver/stm32h7xx_hal_flash_ex.o
LOAD ./Drivers/STM32H7xx_HAL_Driver/stm32h7xx_hal_gpio.o
LOAD ./Drivers/STM32H7xx_HAL_Driver/stm32h7xx_hal_hsem.o
LOAD ./Drivers/STM32H7xx_HAL_Driver/stm32h7xx_hal_i2c.o
LOAD ./Drivers/STM32H7xx_HAL_Driver/stm32h7xx_hal_i2c_ex.o
LOAD ./Drivers/STM32H7xx_HAL_Driver/stm32h7xx_hal_mdma.o
LOAD ./Drivers/STM32H7xx_HAL_Driver/stm32h7xx_hal_pcd.o
LOAD ./Drivers/STM32H7xx_HAL_Driver/stm32h7xx_hal_pcd_ex.o
LOAD ./Drivers/STM32H7xx_HAL_Driver/stm32h7xx_hal_pwr.o
LOAD ./Drivers/STM32H7xx_HAL_Driver/stm32h7xx_hal_pwr_ex.o
LOAD ./Drivers/STM32H7xx_HAL_Driver/stm32h7xx_hal_rcc.o
LOAD ./Drivers/STM32H7xx_HAL_Driver/stm32h7xx_hal_rcc_ex.o
LOAD ./Drivers/STM32H7xx_HAL_Driver/stm32h7xx_hal_tim.o
LOAD ./Drivers/STM32H7xx_HAL_Driver/stm32h7xx_hal_tim_ex.o
LOAD ./Drivers/STM32H7xx_HAL_Driver/stm32h7xx_hal_uart.o
LOAD ./Drivers/STM32H7xx_HAL_Driver/stm32h7xx_hal_uart_ex.o
LOAD ./Drivers/STM32H7xx_HAL_Driver/stm32h7xx_ll_usb.o
LOAD ./X-CUBE-AI/App/sine_model.o
LOAD ./X-CUBE-AI/App/sine_model_data.o
LOAD ../../Middlewares/ST/AI/Lib\NetworkRuntime700_CM7_GCC.a
START GROUP
LOAD c:/st/stm32cubeide_1.7.0/stm32cubeide/plugins/com.st.stm32cube.ide.mcu.externaltools.gnu-tools-for-stm32.9-2020-q2-update.win32_2.0.0.202105311346/tools/bin/../lib/gcc/arm-none-eabi/9.3.1/../../../../arm-none-eabi/lib/thumb/v7e-m+dp/hard\libstdc++_nano.a
LOAD c:/st/stm32cubeide_1.7.0/stm32cubeide/plugins/com.st.stm32cube.ide.mcu.externaltools.gnu-tools-for-stm32.9-2020-q2-update.win32_2.0.0.202105311346/tools/bin/../lib/gcc/arm-none-eabi/9.3.1/../../../../arm-none-eabi/lib/thumb/v7e-m+dp/hard\libsupc++_nano.a
END GROUP
LOAD c:/st/stm32cubeide_1.7.0/stm32cubeide/plugins/com.st.stm32cube.ide.mcu.externaltools.gnu-tools-for-stm32.9-2020-q2-update.win32_2.0.0.202105311346/tools/bin/../lib/gcc/arm-none-eabi/9.3.1/../../../../arm-none-eabi/lib/thumb/v7e-m+dp/hard\libstdc++_nano.a
LOAD c:/st/stm32cubeide_1.7.0/stm32cubeide/plugins/com.st.stm32cube.ide.mcu.externaltools.gnu-tools-for-stm32.9-2020-q2-update.win32_2.0.0.202105311346/tools/bin/../lib/gcc/arm-none-eabi/9.3.1/../../../../arm-none-eabi/lib/thumb/v7e-m+dp/hard\libm.a
LOAD c:/st/stm32cubeide_1.7.0/stm32cubeide/plugins/com.st.stm32cube.ide.mcu.externaltools.gnu-tools-for-stm32.9-2020-q2-update.win32_2.0.0.202105311346/tools/bin/../lib/gcc/arm-none-eabi/9.3.1/../../../../arm-none-eabi/lib/thumb/v7e-m+dp/hard\libc_nano.a
START GROUP
LOAD c:/st/stm32cubeide_1.7.0/stm32cubeide/plugins/com.st.stm32cube.ide.mcu.externaltools.gnu-tools-for-stm32.9-2020-q2-update.win32_2.0.0.202105311346/tools/bin/../lib/gcc/arm-none-eabi/9.3.1/thumb/v7e-m+dp/hard\libgcc.a
LOAD c:/st/stm32cubeide_1.7.0/stm32cubeide/plugins/com.st.stm32cube.ide.mcu.externaltools.gnu-tools-for-stm32.9-2020-q2-update.win32_2.0.0.202105311346/tools/bin/../lib/gcc/arm-none-eabi/9.3.1/../../../../arm-none-eabi/lib/thumb/v7e-m+dp/hard\libc_nano.a
END GROUP
START GROUP
LOAD c:/st/stm32cubeide_1.7.0/stm32cubeide/plugins/com.st.stm32cube.ide.mcu.externaltools.gnu-tools-for-stm32.9-2020-q2-update.win32_2.0.0.202105311346/tools/bin/../lib/gcc/arm-none-eabi/9.3.1/thumb/v7e-m+dp/hard\libgcc.a
LOAD c:/st/stm32cubeide_1.7.0/stm32cubeide/plugins/com.st.stm32cube.ide.mcu.externaltools.gnu-tools-for-stm32.9-2020-q2-update.win32_2.0.0.202105311346/tools/bin/../lib/gcc/arm-none-eabi/9.3.1/../../../../arm-none-eabi/lib/thumb/v7e-m+dp/hard\libc_nano.a
LOAD c:/st/stm32cubeide_1.7.0/stm32cubeide/plugins/com.st.stm32cube.ide.mcu.externaltools.gnu-tools-for-stm32.9-2020-q2-update.win32_2.0.0.202105311346/tools/bin/../lib/gcc/arm-none-eabi/9.3.1/../../../../arm-none-eabi/lib/thumb/v7e-m+dp/hard\libnosys.a
END GROUP
START GROUP
LOAD c:/st/stm32cubeide_1.7.0/stm32cubeide/plugins/com.st.stm32cube.ide.mcu.externaltools.gnu-tools-for-stm32.9-2020-q2-update.win32_2.0.0.202105311346/tools/bin/../lib/gcc/arm-none-eabi/9.3.1/thumb/v7e-m+dp/hard\libgcc.a
LOAD c:/st/stm32cubeide_1.7.0/stm32cubeide/plugins/com.st.stm32cube.ide.mcu.externaltools.gnu-tools-for-stm32.9-2020-q2-update.win32_2.0.0.202105311346/tools/bin/../lib/gcc/arm-none-eabi/9.3.1/../../../../arm-none-eabi/lib/thumb/v7e-m+dp/hard\libc_nano.a
LOAD c:/st/stm32cubeide_1.7.0/stm32cubeide/plugins/com.st.stm32cube.ide.mcu.externaltools.gnu-tools-for-stm32.9-2020-q2-update.win32_2.0.0.202105311346/tools/bin/../lib/gcc/arm-none-eabi/9.3.1/../../../../arm-none-eabi/lib/thumb/v7e-m+dp/hard\libnosys.a
END GROUP
LOAD c:/st/stm32cubeide_1.7.0/stm32cubeide/plugins/com.st.stm32cube.ide.mcu.externaltools.gnu-tools-for-stm32.9-2020-q2-update.win32_2.0.0.202105311346/tools/bin/../lib/gcc/arm-none-eabi/9.3.1/thumb/v7e-m+dp/hard/crtend.o
LOAD c:/st/stm32cubeide_1.7.0/stm32cubeide/plugins/com.st.stm32cube.ide.mcu.externaltools.gnu-tools-for-stm32.9-2020-q2-update.win32_2.0.0.202105311346/tools/bin/../lib/gcc/arm-none-eabi/9.3.1/thumb/v7e-m+dp/hard/crtn.o
                0x0000000024080000                _estack = (ORIGIN (RAM_D1) + LENGTH (RAM_D1))
                0x0000000000002000                _Min_Heap_Size = 0x2000
                0x0000000000000400                _Min_Stack_Size = 0x400

.isr_vector     0x0000000008000000      0x298
                0x0000000008000000                . = ALIGN (0x4)
 *(.isr_vector)
 .isr_vector    0x0000000008000000      0x298 ./Core/Startup/startup_stm32h745zitx.o
                0x0000000008000000                g_pfnVectors
                0x0000000008000298                . = ALIGN (0x4)

.text           0x00000000080002a0     0xb1d0
                0x00000000080002a0                . = ALIGN (0x4)
 *(.text)
 .text          0x00000000080002a0       0x40 c:/st/stm32cubeide_1.7.0/stm32cubeide/plugins/com.st.stm32cube.ide.mcu.externaltools.gnu-tools-for-stm32.9-2020-q2-update.win32_2.0.0.202105311346/tools/bin/../lib/gcc/arm-none-eabi/9.3.1/thumb/v7e-m+dp/hard/crtbegin.o
 .text          0x00000000080002e0       0x10 c:/st/stm32cubeide_1.7.0/stm32cubeide/plugins/com.st.stm32cube.ide.mcu.externaltools.gnu-tools-for-stm32.9-2020-q2-update.win32_2.0.0.202105311346/tools/bin/../lib/gcc/arm-none-eabi/9.3.1/../../../../arm-none-eabi/lib/thumb/v7e-m+dp/hard\libc_nano.a(lib_a-strlen.o)
                0x00000000080002e0                strlen
 .text          0x00000000080002f0       0xa0 c:/st/stm32cubeide_1.7.0/stm32cubeide/plugins/com.st.stm32cube.ide.mcu.externaltools.gnu-tools-for-stm32.9-2020-q2-update.win32_2.0.0.202105311346/tools/bin/../lib/gcc/arm-none-eabi/9.3.1/../../../../arm-none-eabi/lib/thumb/v7e-m+dp/hard\libc_nano.a(lib_a-memchr.o)
                0x00000000080002f0                memchr
 .text          0x0000000008000390      0x378 c:/st/stm32cubeide_1.7.0/stm32cubeide/plugins/com.st.stm32cube.ide.mcu.externaltools.gnu-tools-for-stm32.9-2020-q2-update.win32_2.0.0.202105311346/tools/bin/../lib/gcc/arm-none-eabi/9.3.1/thumb/v7e-m+dp/hard\libgcc.a(_arm_addsubdf3.o)
                0x0000000008000390                __aeabi_drsub
                0x0000000008000398                __aeabi_dsub
                0x0000000008000398                __subdf3
                0x000000000800039c                __aeabi_dadd
                0x000000000800039c                __adddf3
                0x0000000008000614                __floatunsidf
                0x0000000008000614                __aeabi_ui2d
                0x0000000008000634                __floatsidf
                0x0000000008000634                __aeabi_i2d
                0x0000000008000658                __aeabi_f2d
                0x0000000008000658                __extendsfdf2
                0x000000000800069c                __floatundidf
                0x000000000800069c                __aeabi_ul2d
                0x00000000080006ac                __floatdidf
                0x00000000080006ac                __aeabi_l2d
 .text          0x0000000008000708       0x30 c:/st/stm32cubeide_1.7.0/stm32cubeide/plugins/com.st.stm32cube.ide.mcu.externaltools.gnu-tools-for-stm32.9-2020-q2-update.win32_2.0.0.202105311346/tools/bin/../lib/gcc/arm-none-eabi/9.3.1/thumb/v7e-m+dp/hard\libgcc.a(_aeabi_uldivmod.o)
                0x0000000008000708                __aeabi_uldivmod
 .text          0x0000000008000738       0x30 c:/st/stm32cubeide_1.7.0/stm32cubeide/plugins/com.st.stm32cube.ide.mcu.externaltools.gnu-tools-for-stm32.9-2020-q2-update.win32_2.0.0.202105311346/tools/bin/../lib/gcc/arm-none-eabi/9.3.1/thumb/v7e-m+dp/hard\libgcc.a(_fixdfdi.o)
                0x0000000008000738                __fixdfdi
                0x0000000008000738                __aeabi_d2lz
 .text          0x0000000008000768       0x40 c:/st/stm32cubeide_1.7.0/stm32cubeide/plugins/com.st.stm32cube.ide.mcu.externaltools.gnu-tools-for-stm32.9-2020-q2-update.win32_2.0.0.202105311346/tools/bin/../lib/gcc/arm-none-eabi/9.3.1/thumb/v7e-m+dp/hard\libgcc.a(_fixunsdfdi.o)
                0x0000000008000768                __fixunsdfdi
                0x0000000008000768                __aeabi_d2ulz
 .text          0x00000000080007a8      0x2c4 c:/st/stm32cubeide_1.7.0/stm32cubeide/plugins/com.st.stm32cube.ide.mcu.externaltools.gnu-tools-for-stm32.9-2020-q2-update.win32_2.0.0.202105311346/tools/bin/../lib/gcc/arm-none-eabi/9.3.1/thumb/v7e-m+dp/hard\libgcc.a(_udivmoddi4.o)
                0x00000000080007a8                __udivmoddi4
 .text          0x0000000008000a6c        0x4 c:/st/stm32cubeide_1.7.0/stm32cubeide/plugins/com.st.stm32cube.ide.mcu.externaltools.gnu-tools-for-stm32.9-2020-q2-update.win32_2.0.0.202105311346/tools/bin/../lib/gcc/arm-none-eabi/9.3.1/thumb/v7e-m+dp/hard\libgcc.a(_dvmd_tls.o)
                0x0000000008000a6c                __aeabi_idiv0
                0x0000000008000a6c                __aeabi_ldiv0
 *(.text*)
 .text.SystemInit
                0x0000000008000a70       0xdc ./Common/Src/system_stm32h7xx_dualcore_boot_cm4_cm7.o
                0x0000000008000a70                SystemInit
 .text.SystemClock_Config
                0x0000000008000b4c       0xcc ./Core/Src/main.o
                0x0000000008000b4c                SystemClock_Config
 .text.startup.main
                0x0000000008000c18      0x4fc ./Core/Src/main.o
                0x0000000008000c18                main
 .text.Error_Handler
                0x0000000008001114        0x4 ./Core/Src/main.o
                0x0000000008001114                Error_Handler
 .text.HAL_MspInit
                0x0000000008001118       0x24 ./Core/Src/stm32h7xx_hal_msp.o
                0x0000000008001118                HAL_MspInit
 .text.HAL_CRC_MspInit
                0x000000000800113c       0x30 ./Core/Src/stm32h7xx_hal_msp.o
                0x000000000800113c                HAL_CRC_MspInit
 .text.HAL_ETH_MspInit
                0x000000000800116c      0x13c ./Core/Src/stm32h7xx_hal_msp.o
                0x000000000800116c                HAL_ETH_MspInit
 .text.HAL_TIM_Base_MspInit
                0x00000000080012a8       0x30 ./Core/Src/stm32h7xx_hal_msp.o
                0x00000000080012a8                HAL_TIM_Base_MspInit
 .text.HAL_UART_MspInit
                0x00000000080012d8       0x94 ./Core/Src/stm32h7xx_hal_msp.o
                0x00000000080012d8                HAL_UART_MspInit
 .text.HAL_PCD_MspInit
                0x000000000800136c       0xcc ./Core/Src/stm32h7xx_hal_msp.o
                0x000000000800136c                HAL_PCD_MspInit
 .text.NMI_Handler
                0x0000000008001438        0x2 ./Core/Src/stm32h7xx_it.o
                0x0000000008001438                NMI_Handler
 .text.HardFault_Handler
                0x000000000800143a        0x2 ./Core/Src/stm32h7xx_it.o
                0x000000000800143a                HardFault_Handler
 .text.MemManage_Handler
                0x000000000800143c        0x2 ./Core/Src/stm32h7xx_it.o
                0x000000000800143c                MemManage_Handler
 .text.BusFault_Handler
                0x000000000800143e        0x2 ./Core/Src/stm32h7xx_it.o
                0x000000000800143e                BusFault_Handler
 .text.UsageFault_Handler
                0x0000000008001440        0x2 ./Core/Src/stm32h7xx_it.o
                0x0000000008001440                UsageFault_Handler
 .text.SVC_Handler
                0x0000000008001442        0x2 ./Core/Src/stm32h7xx_it.o
                0x0000000008001442                SVC_Handler
 .text.DebugMon_Handler
                0x0000000008001444        0x2 ./Core/Src/stm32h7xx_it.o
                0x0000000008001444                DebugMon_Handler
 .text.PendSV_Handler
                0x0000000008001446        0x2 ./Core/Src/stm32h7xx_it.o
                0x0000000008001446                PendSV_Handler
 .text.SysTick_Handler
                0x0000000008001448        0x4 ./Core/Src/stm32h7xx_it.o
                0x0000000008001448                SysTick_Handler
 .text._sbrk    0x000000000800144c       0x40 ./Core/Src/sysmem.o
                0x000000000800144c                _sbrk
 .text.Reset_Handler
                0x000000000800148c       0x50 ./Core/Startup/startup_stm32h745zitx.o
                0x000000000800148c                Reset_Handler
 .text.Default_Handler
                0x00000000080014dc        0x2 ./Core/Startup/startup_stm32h745zitx.o
                0x00000000080014dc                RTC_Alarm_IRQHandler
                0x00000000080014dc                EXTI2_IRQHandler
                0x00000000080014dc                TIM8_CC_IRQHandler
                0x00000000080014dc                HRTIM1_Master_IRQHandler
                0x00000000080014dc                UART8_IRQHandler
                0x00000000080014dc                SPI4_IRQHandler
                0x00000000080014dc                TIM1_CC_IRQHandler
                0x00000000080014dc                BDMA_Channel6_IRQHandler
                0x00000000080014dc                DMA2_Stream5_IRQHandler
                0x00000000080014dc                HRTIM1_FLT_IRQHandler
                0x00000000080014dc                JPEG_IRQHandler
                0x00000000080014dc                DMA1_Stream5_IRQHandler
                0x00000000080014dc                BDMA_Channel1_IRQHandler
                0x00000000080014dc                HRTIM1_TIMD_IRQHandler
                0x00000000080014dc                TAMP_STAMP_IRQHandler
                0x00000000080014dc                EXTI3_IRQHandler
                0x00000000080014dc                LPTIM4_IRQHandler
                0x00000000080014dc                TIM8_TRG_COM_TIM14_IRQHandler
                0x00000000080014dc                LPTIM2_IRQHandler
                0x00000000080014dc                DFSDM1_FLT1_IRQHandler
                0x00000000080014dc                DMAMUX2_OVR_IRQHandler
                0x00000000080014dc                TIM8_UP_TIM13_IRQHandler
                0x00000000080014dc                I2C3_ER_IRQHandler
                0x00000000080014dc                DFSDM1_FLT2_IRQHandler
                0x00000000080014dc                MDMA_IRQHandler
                0x00000000080014dc                LPTIM3_IRQHandler
                0x00000000080014dc                HSEM1_IRQHandler
                0x00000000080014dc                EXTI0_IRQHandler
                0x00000000080014dc                I2C2_EV_IRQHandler
                0x00000000080014dc                DMA1_Stream2_IRQHandler
                0x00000000080014dc                FPU_IRQHandler
                0x00000000080014dc                OTG_HS_WKUP_IRQHandler
                0x00000000080014dc                FDCAN1_IT1_IRQHandler
                0x00000000080014dc                LTDC_ER_IRQHandler
                0x00000000080014dc                DMA2_Stream2_IRQHandler
                0x00000000080014dc                HRTIM1_TIME_IRQHandler
                0x00000000080014dc                SPI1_IRQHandler
                0x00000000080014dc                TIM6_DAC_IRQHandler
                0x00000000080014dc                DCMI_IRQHandler
                0x00000000080014dc                HRTIM1_TIMC_IRQHandler
                0x00000000080014dc                DMA2_Stream3_IRQHandler
                0x00000000080014dc                SAI2_IRQHandler
                0x00000000080014dc                DFSDM1_FLT3_IRQHandler
                0x00000000080014dc                USART6_IRQHandler
                0x00000000080014dc                TIM17_IRQHandler
                0x00000000080014dc                USART3_IRQHandler
                0x00000000080014dc                BDMA_Channel7_IRQHandler
                0x00000000080014dc                LPTIM5_IRQHandler
                0x00000000080014dc                UART5_IRQHandler
                0x00000000080014dc                ADC3_IRQHandler
                0x00000000080014dc                DMA2_Stream0_IRQHandler
                0x00000000080014dc                TIM4_IRQHandler
                0x00000000080014dc                BDMA_Channel2_IRQHandler
                0x00000000080014dc                QUADSPI_IRQHandler
                0x00000000080014dc                I2C1_EV_IRQHandler
                0x00000000080014dc                DMA1_Stream6_IRQHandler
                0x00000000080014dc                DMAMUX1_OVR_IRQHandler
                0x00000000080014dc                DMA1_Stream1_IRQHandler
                0x00000000080014dc                TIM16_IRQHandler
                0x00000000080014dc                UART4_IRQHandler
                0x00000000080014dc                BDMA_Channel5_IRQHandler
                0x00000000080014dc                TIM3_IRQHandler
                0x00000000080014dc                RCC_IRQHandler
                0x00000000080014dc                TIM8_BRK_TIM12_IRQHandler
                0x00000000080014dc                TIM1_TRG_COM_IRQHandler
                0x00000000080014dc                Default_Handler
                0x00000000080014dc                ECC_IRQHandler
                0x00000000080014dc                CEC_IRQHandler
                0x00000000080014dc                EXTI15_10_IRQHandler
                0x00000000080014dc                BDMA_Channel0_IRQHandler
                0x00000000080014dc                ADC_IRQHandler
                0x00000000080014dc                DMA1_Stream7_IRQHandler
                0x00000000080014dc                HRTIM1_TIMA_IRQHandler
                0x00000000080014dc                SPI5_IRQHandler
                0x00000000080014dc                TIM7_IRQHandler
                0x00000000080014dc                SDMMC1_IRQHandler
                0x00000000080014dc                TIM5_IRQHandler
                0x00000000080014dc                DMA2_Stream7_IRQHandler
                0x00000000080014dc                TIM15_IRQHandler
                0x00000000080014dc                PVD_AVD_IRQHandler
                0x00000000080014dc                I2C3_EV_IRQHandler
                0x00000000080014dc                EXTI9_5_IRQHandler
                0x00000000080014dc                RTC_WKUP_IRQHandler
                0x00000000080014dc                LTDC_IRQHandler
                0x00000000080014dc                SAI3_IRQHandler
                0x00000000080014dc                ETH_WKUP_IRQHandler
                0x00000000080014dc                SPDIF_RX_IRQHandler
                0x00000000080014dc                SPI2_IRQHandler
                0x00000000080014dc                OTG_HS_EP1_IN_IRQHandler
                0x00000000080014dc                DMA1_Stream0_IRQHandler
                0x00000000080014dc                CRS_IRQHandler
                0x00000000080014dc                CM7_SEV_IRQHandler
                0x00000000080014dc                EXTI4_IRQHandler
                0x00000000080014dc                RNG_IRQHandler
                0x00000000080014dc                CM4_SEV_IRQHandler
                0x00000000080014dc                HRTIM1_TIMB_IRQHandler
                0x00000000080014dc                FDCAN2_IT1_IRQHandler
                0x00000000080014dc                ETH_IRQHandler
                0x00000000080014dc                TIM1_UP_IRQHandler
                0x00000000080014dc                WWDG_RST_IRQHandler
                0x00000000080014dc                BDMA_Channel4_IRQHandler
                0x00000000080014dc                OTG_HS_EP1_OUT_IRQHandler
                0x00000000080014dc                WWDG_IRQHandler
                0x00000000080014dc                SPI6_IRQHandler
                0x00000000080014dc                MDIOS_IRQHandler
                0x00000000080014dc                I2C4_EV_IRQHandler
                0x00000000080014dc                FDCAN2_IT0_IRQHandler
                0x00000000080014dc                LPUART1_IRQHandler
                0x00000000080014dc                FDCAN1_IT0_IRQHandler
                0x00000000080014dc                TIM2_IRQHandler
                0x00000000080014dc                OTG_FS_WKUP_IRQHandler
                0x00000000080014dc                OTG_HS_IRQHandler
                0x00000000080014dc                HSEM2_IRQHandler
                0x00000000080014dc                DMA2D_IRQHandler
                0x00000000080014dc                TIM1_BRK_IRQHandler
                0x00000000080014dc                EXTI1_IRQHandler
                0x00000000080014dc                SDMMC2_IRQHandler
                0x00000000080014dc                OTG_FS_EP1_OUT_IRQHandler
                0x00000000080014dc                BDMA_Channel3_IRQHandler
                0x00000000080014dc                HOLD_CORE_IRQHandler
                0x00000000080014dc                UART7_IRQHandler
                0x00000000080014dc                MDIOS_WKUP_IRQHandler
                0x00000000080014dc                USART2_IRQHandler
                0x00000000080014dc                DFSDM1_FLT0_IRQHandler
                0x00000000080014dc                SAI4_IRQHandler
                0x00000000080014dc                I2C2_ER_IRQHandler
                0x00000000080014dc                DMA2_Stream1_IRQHandler
                0x00000000080014dc                FLASH_IRQHandler
                0x00000000080014dc                DMA2_Stream4_IRQHandler
                0x00000000080014dc                USART1_IRQHandler
                0x00000000080014dc                OTG_FS_IRQHandler
                0x00000000080014dc                SPI3_IRQHandler
                0x00000000080014dc                WAKEUP_PIN_IRQHandler
                0x00000000080014dc                DMA1_Stream4_IRQHandler
                0x00000000080014dc                OTG_FS_EP1_IN_IRQHandler
                0x00000000080014dc                I2C1_ER_IRQHandler
                0x00000000080014dc                FMC_IRQHandler
                0x00000000080014dc                FDCAN_CAL_IRQHandler
                0x00000000080014dc                SWPMI1_IRQHandler
                0x00000000080014dc                COMP1_IRQHandler
                0x00000000080014dc                LPTIM1_IRQHandler
                0x00000000080014dc                I2C4_ER_IRQHandler
                0x00000000080014dc                DMA2_Stream6_IRQHandler
                0x00000000080014dc                SAI1_IRQHandler
                0x00000000080014dc                DMA1_Stream3_IRQHandler
 *fill*         0x00000000080014de        0x2 
 .text.HAL_InitTick
                0x00000000080014e0       0x4c ./Drivers/STM32H7xx_HAL_Driver/stm32h7xx_hal.o
                0x00000000080014e0                HAL_InitTick
 .text.HAL_Init
                0x000000000800152c       0x5c ./Drivers/STM32H7xx_HAL_Driver/stm32h7xx_hal.o
                0x000000000800152c                HAL_Init
 .text.HAL_IncTick
                0x0000000008001588       0x18 ./Drivers/STM32H7xx_HAL_Driver/stm32h7xx_hal.o
                0x0000000008001588                HAL_IncTick
 .text.HAL_GetTick
                0x00000000080015a0        0xc ./Drivers/STM32H7xx_HAL_Driver/stm32h7xx_hal.o
                0x00000000080015a0                HAL_GetTick
 .text.HAL_Delay
                0x00000000080015ac       0x24 ./Drivers/STM32H7xx_HAL_Driver/stm32h7xx_hal.o
                0x00000000080015ac                HAL_Delay
 .text.HAL_GetREVID
                0x00000000080015d0        0xc ./Drivers/STM32H7xx_HAL_Driver/stm32h7xx_hal.o
                0x00000000080015d0                HAL_GetREVID
 .text.HAL_SYSCFG_ETHInterfaceSelect
                0x00000000080015dc       0x14 ./Drivers/STM32H7xx_HAL_Driver/stm32h7xx_hal.o
                0x00000000080015dc                HAL_SYSCFG_ETHInterfaceSelect
 .text.HAL_NVIC_SetPriorityGrouping
                0x00000000080015f0       0x24 ./Drivers/STM32H7xx_HAL_Driver/stm32h7xx_hal_cortex.o
                0x00000000080015f0                HAL_NVIC_SetPriorityGrouping
 .text.HAL_NVIC_SetPriority
                0x0000000008001614       0x64 ./Drivers/STM32H7xx_HAL_Driver/stm32h7xx_hal_cortex.o
                0x0000000008001614                HAL_NVIC_SetPriority
 .text.HAL_SYSTICK_Config
                0x0000000008001678       0x2c ./Drivers/STM32H7xx_HAL_Driver/stm32h7xx_hal_cortex.o
                0x0000000008001678                HAL_SYSTICK_Config
 .text.HAL_CRC_Init
                0x00000000080016a4       0x74 ./Drivers/STM32H7xx_HAL_Driver/stm32h7xx_hal_crc.o
                0x00000000080016a4                HAL_CRC_Init
 .text.HAL_CRCEx_Polynomial_Set
                0x0000000008001718       0x42 ./Drivers/STM32H7xx_HAL_Driver/stm32h7xx_hal_crc_ex.o
                0x0000000008001718                HAL_CRCEx_Polynomial_Set
 .text.ETH_SetMACConfig
                0x000000000800175a      0x1b2 ./Drivers/STM32H7xx_HAL_Driver/stm32h7xx_hal_eth.o
 .text.ETH_SetDMAConfig
                0x000000000800190c       0x90 ./Drivers/STM32H7xx_HAL_Driver/stm32h7xx_hal_eth.o
 .text.HAL_ETH_SetMDIOClockRange
                0x000000000800199c       0x78 ./Drivers/STM32H7xx_HAL_Driver/stm32h7xx_hal_eth.o
                0x000000000800199c                HAL_ETH_SetMDIOClockRange
 .text.HAL_ETH_Init
                0x0000000008001a14      0x210 ./Drivers/STM32H7xx_HAL_Driver/stm32h7xx_hal_eth.o
                0x0000000008001a14                HAL_ETH_Init
 .text.HAL_GPIO_Init
                0x0000000008001c24      0x1cc ./Drivers/STM32H7xx_HAL_Driver/stm32h7xx_hal_gpio.o
                0x0000000008001c24                HAL_GPIO_Init
 .text.HAL_GPIO_WritePin
                0x0000000008001df0        0xa ./Drivers/STM32H7xx_HAL_Driver/stm32h7xx_hal_gpio.o
                0x0000000008001df0                HAL_GPIO_WritePin
 .text.HAL_GPIO_TogglePin
                0x0000000008001dfa       0x12 ./Drivers/STM32H7xx_HAL_Driver/stm32h7xx_hal_gpio.o
                0x0000000008001dfa                HAL_GPIO_TogglePin
 .text.HAL_HSEM_FastTake
                0x0000000008001e0c       0x1c ./Drivers/STM32H7xx_HAL_Driver/stm32h7xx_hal_hsem.o
                0x0000000008001e0c                HAL_HSEM_FastTake
 .text.HAL_HSEM_Release
                0x0000000008001e28       0x10 ./Drivers/STM32H7xx_HAL_Driver/stm32h7xx_hal_hsem.o
                0x0000000008001e28                HAL_HSEM_Release
 .text.HAL_PCD_Init
                0x0000000008001e38      0x112 ./Drivers/STM32H7xx_HAL_Driver/stm32h7xx_hal_pcd.o
                0x0000000008001e38                HAL_PCD_Init
 .text.HAL_PCDEx_ActivateLPM
                0x0000000008001f4a       0x26 ./Drivers/STM32H7xx_HAL_Driver/stm32h7xx_hal_pcd_ex.o
                0x0000000008001f4a                HAL_PCDEx_ActivateLPM
 .text.HAL_PWREx_ConfigSupply
                0x0000000008001f70       0x78 ./Drivers/STM32H7xx_HAL_Driver/stm32h7xx_hal_pwr_ex.o
                0x0000000008001f70                HAL_PWREx_ConfigSupply
 .text.HAL_PWREx_EnableUSBVoltageDetector
                0x0000000008001fe8       0x10 ./Drivers/STM32H7xx_HAL_Driver/stm32h7xx_hal_pwr_ex.o
                0x0000000008001fe8                HAL_PWREx_EnableUSBVoltageDetector
 .text.HAL_RCC_OscConfig
                0x0000000008001ff8      0x530 ./Drivers/STM32H7xx_HAL_Driver/stm32h7xx_hal_rcc.o
                0x0000000008001ff8                HAL_RCC_OscConfig
 .text.HAL_RCC_GetSysClockFreq
                0x0000000008002528      0x140 ./Drivers/STM32H7xx_HAL_Driver/stm32h7xx_hal_rcc.o
                0x0000000008002528                HAL_RCC_GetSysClockFreq
 .text.HAL_RCC_ClockConfig
                0x0000000008002668      0x24c ./Drivers/STM32H7xx_HAL_Driver/stm32h7xx_hal_rcc.o
                0x0000000008002668                HAL_RCC_ClockConfig
 .text.HAL_RCC_GetHCLKFreq
                0x00000000080028b4       0x44 ./Drivers/STM32H7xx_HAL_Driver/stm32h7xx_hal_rcc.o
                0x00000000080028b4                HAL_RCC_GetHCLKFreq
 .text.HAL_RCC_GetPCLK1Freq
                0x00000000080028f8       0x24 ./Drivers/STM32H7xx_HAL_Driver/stm32h7xx_hal_rcc.o
                0x00000000080028f8                HAL_RCC_GetPCLK1Freq
 .text.HAL_RCC_GetPCLK2Freq
                0x000000000800291c       0x24 ./Drivers/STM32H7xx_HAL_Driver/stm32h7xx_hal_rcc.o
                0x000000000800291c                HAL_RCC_GetPCLK2Freq
 .text.RCCEx_PLL2_Config
                0x0000000008002940       0xf0 ./Drivers/STM32H7xx_HAL_Driver/stm32h7xx_hal_rcc_ex.o
 .text.RCCEx_PLL3_Config
                0x0000000008002a30       0xf0 ./Drivers/STM32H7xx_HAL_Driver/stm32h7xx_hal_rcc_ex.o
 .text.HAL_RCCEx_PeriphCLKConfig
                0x0000000008002b20      0x96c ./Drivers/STM32H7xx_HAL_Driver/stm32h7xx_hal_rcc_ex.o
                0x0000000008002b20                HAL_RCCEx_PeriphCLKConfig
 .text.HAL_RCCEx_GetD3PCLK1Freq
                0x000000000800348c       0x24 ./Drivers/STM32H7xx_HAL_Driver/stm32h7xx_hal_rcc_ex.o
                0x000000000800348c                HAL_RCCEx_GetD3PCLK1Freq
 .text.HAL_RCCEx_GetPLL2ClockFreq
                0x00000000080034b0      0x150 ./Drivers/STM32H7xx_HAL_Driver/stm32h7xx_hal_rcc_ex.o
                0x00000000080034b0                HAL_RCCEx_GetPLL2ClockFreq
 .text.HAL_RCCEx_GetPLL3ClockFreq
                0x0000000008003600      0x150 ./Drivers/STM32H7xx_HAL_Driver/stm32h7xx_hal_rcc_ex.o
                0x0000000008003600                HAL_RCCEx_GetPLL3ClockFreq
 .text.HAL_TIM_Base_Start
                0x0000000008003750       0x6c ./Drivers/STM32H7xx_HAL_Driver/stm32h7xx_hal_tim.o
                0x0000000008003750                HAL_TIM_Base_Start
 .text.TIM_Base_SetConfig
                0x00000000080037bc       0xcc ./Drivers/STM32H7xx_HAL_Driver/stm32h7xx_hal_tim.o
                0x00000000080037bc                TIM_Base_SetConfig
 .text.HAL_TIM_Base_Init
                0x0000000008003888       0x60 ./Drivers/STM32H7xx_HAL_Driver/stm32h7xx_hal_tim.o
                0x0000000008003888                HAL_TIM_Base_Init
 .text.UART_SetConfig
                0x00000000080038e8      0x39c ./Drivers/STM32H7xx_HAL_Driver/stm32h7xx_hal_uart.o
                0x00000000080038e8                UART_SetConfig
 .text.UART_AdvFeatureConfig
                0x0000000008003c84       0xaa ./Drivers/STM32H7xx_HAL_Driver/stm32h7xx_hal_uart.o
                0x0000000008003c84                UART_AdvFeatureConfig
 .text.UART_WaitOnFlagUntilTimeout
                0x0000000008003d2e       0x94 ./Drivers/STM32H7xx_HAL_Driver/stm32h7xx_hal_uart.o
                0x0000000008003d2e                UART_WaitOnFlagUntilTimeout
 .text.HAL_UART_Transmit
                0x0000000008003dc2       0xba ./Drivers/STM32H7xx_HAL_Driver/stm32h7xx_hal_uart.o
                0x0000000008003dc2                HAL_UART_Transmit
 .text.UART_CheckIdleState
                0x0000000008003e7c       0x6a ./Drivers/STM32H7xx_HAL_Driver/stm32h7xx_hal_uart.o
                0x0000000008003e7c                UART_CheckIdleState
 .text.HAL_UART_Init
                0x0000000008003ee6       0x60 ./Drivers/STM32H7xx_HAL_Driver/stm32h7xx_hal_uart.o
                0x0000000008003ee6                HAL_UART_Init
 *fill*         0x0000000008003f46        0x2 
 .text.UARTEx_SetNbDataToProcess
                0x0000000008003f48       0x44 ./Drivers/STM32H7xx_HAL_Driver/stm32h7xx_hal_uart_ex.o
 .text.HAL_UARTEx_DisableFifoMode
                0x0000000008003f8c       0x36 ./Drivers/STM32H7xx_HAL_Driver/stm32h7xx_hal_uart_ex.o
                0x0000000008003f8c                HAL_UARTEx_DisableFifoMode
 .text.HAL_UARTEx_SetTxFifoThreshold
                0x0000000008003fc2       0x48 ./Drivers/STM32H7xx_HAL_Driver/stm32h7xx_hal_uart_ex.o
                0x0000000008003fc2                HAL_UARTEx_SetTxFifoThreshold
 .text.HAL_UARTEx_SetRxFifoThreshold
                0x000000000800400a       0x48 ./Drivers/STM32H7xx_HAL_Driver/stm32h7xx_hal_uart_ex.o
                0x000000000800400a                HAL_UARTEx_SetRxFifoThreshold
 *fill*         0x0000000008004052        0x2 
 .text.USB_CoreReset
                0x0000000008004054       0x30 ./Drivers/STM32H7xx_HAL_Driver/stm32h7xx_ll_usb.o
 .text.USB_CoreInit
                0x0000000008004084       0x94 ./Drivers/STM32H7xx_HAL_Driver/stm32h7xx_ll_usb.o
                0x0000000008004084                USB_CoreInit
 .text.USB_DisableGlobalInt
                0x0000000008004118        0xc ./Drivers/STM32H7xx_HAL_Driver/stm32h7xx_ll_usb.o
                0x0000000008004118                USB_DisableGlobalInt
 .text.USB_SetCurrentMode
                0x0000000008004124       0x2e ./Drivers/STM32H7xx_HAL_Driver/stm32h7xx_ll_usb.o
                0x0000000008004124                USB_SetCurrentMode
 *fill*         0x0000000008004152        0x2 
 .text.USB_FlushTxFifo
                0x0000000008004154       0x24 ./Drivers/STM32H7xx_HAL_Driver/stm32h7xx_ll_usb.o
                0x0000000008004154                USB_FlushTxFifo
 .text.USB_FlushRxFifo
                0x0000000008004178       0x20 ./Drivers/STM32H7xx_HAL_Driver/stm32h7xx_ll_usb.o
                0x0000000008004178                USB_FlushRxFifo
 .text.USB_SetDevSpeed
                0x0000000008004198        0xe ./Drivers/STM32H7xx_HAL_Driver/stm32h7xx_ll_usb.o
                0x0000000008004198                USB_SetDevSpeed
 *fill*         0x00000000080041a6        0x2 
 .text.USB_DevInit
                0x00000000080041a8      0x16c ./Drivers/STM32H7xx_HAL_Driver/stm32h7xx_ll_usb.o
                0x00000000080041a8                USB_DevInit
 .text.USB_DevDisconnect
                0x0000000008004314       0x1c ./Drivers/STM32H7xx_HAL_Driver/stm32h7xx_ll_usb.o
                0x0000000008004314                USB_DevDisconnect
 .text.ai_sine_model_create
                0x0000000008004330       0x1c ./X-CUBE-AI/App/sine_model.o
                0x0000000008004330                ai_sine_model_create
 .text.ai_sine_model_init
                0x000000000800434c      0x14c ./X-CUBE-AI/App/sine_model.o
                0x000000000800434c                ai_sine_model_init
 .text.ai_sine_model_run
                0x0000000008004498        0x4 ./X-CUBE-AI/App/sine_model.o
                0x0000000008004498                ai_sine_model_run
 .text.ai_sine_model_data_weights_get
                0x000000000800449c        0x8 ./X-CUBE-AI/App/sine_model_data.o
                0x000000000800449c                ai_sine_model_data_weights_get
 .text._ai_platform_acquire_crc
                0x00000000080044a4        0x4 ../../Middlewares/ST/AI/Lib\NetworkRuntime700_CM7_GCC.a(ai_platform_interface.o)
                0x00000000080044a4                _ai_platform_acquire_crc
 .text._ai_platform_release_crc
                0x00000000080044a8        0x4 ../../Middlewares/ST/AI/Lib\NetworkRuntime700_CM7_GCC.a(ai_platform_interface.o)
                0x00000000080044a8                _ai_platform_release_crc
 .text.ai_platform_get_weights_map
                0x00000000080044ac       0x6c ../../Middlewares/ST/AI/Lib\NetworkRuntime700_CM7_GCC.a(ai_platform_interface.o)
                0x00000000080044ac                ai_platform_get_weights_map
 .text.ai_platform_get_activations_map
                0x0000000008004518       0x6c ../../Middlewares/ST/AI/Lib\NetworkRuntime700_CM7_GCC.a(ai_platform_interface.o)
                0x0000000008004518                ai_platform_get_activations_map
 .text.ai_platform_network_create
                0x0000000008004584      0x2a0 ../../Middlewares/ST/AI/Lib\NetworkRuntime700_CM7_GCC.a(ai_platform_interface.o)
                0x0000000008004584                ai_platform_network_create
 .text.ai_platform_network_init
                0x0000000008004824      0x2d8 ../../Middlewares/ST/AI/Lib\NetworkRuntime700_CM7_GCC.a(ai_platform_interface.o)
                0x0000000008004824                ai_platform_network_init
 .text.ai_platform_network_post_init
                0x0000000008004afc      0x1c4 ../../Middlewares/ST/AI/Lib\NetworkRuntime700_CM7_GCC.a(ai_platform_interface.o)
                0x0000000008004afc                ai_platform_network_post_init
 .text.ai_platform_network_process
                0x0000000008004cc0      0x590 ../../Middlewares/ST/AI/Lib\NetworkRuntime700_CM7_GCC.a(ai_platform_interface.o)
                0x0000000008004cc0                ai_platform_network_process
 .text.core_init
                0x0000000008005250        0x4 ../../Middlewares/ST/AI/Lib\NetworkRuntime700_CM7_GCC.a(core_common.o)
                0x0000000008005250                core_init
 .text.core_set_error
                0x0000000008005254       0x18 ../../Middlewares/ST/AI/Lib\NetworkRuntime700_CM7_GCC.a(core_common.o)
                0x0000000008005254                core_set_error
 .text.ai_dict8_dot_array_f32
                0x000000000800526c      0x460 ../../Middlewares/ST/AI/Lib\NetworkRuntime700_CM7_GCC.a(layers_conv2d_generic_float.o)
                0x000000000800526c                ai_dict8_dot_array_f32
 .text.ai_dict4_dot_array_f32
                0x00000000080056cc      0x17c ../../Middlewares/ST/AI/Lib\NetworkRuntime700_CM7_GCC.a(layers_conv2d_generic_float.o)
                0x00000000080056cc                ai_dict4_dot_array_f32
 .text.forward_dense
                0x0000000008005848      0x470 ../../Middlewares/ST/AI/Lib\NetworkRuntime700_CM7_GCC.a(layers_conv2d_generic_float.o)
                0x0000000008005848                forward_dense
 .text.nl_func_relu_generic_array_f32
                0x0000000008005cb8       0xf0 ../../Middlewares/ST/AI/Lib\NetworkRuntime700_CM7_GCC.a(layers_nl_generic_float.o)
                0x0000000008005cb8                nl_func_relu_generic_array_f32
 .text.forward_relu
                0x0000000008005da8      0x118 ../../Middlewares/ST/AI/Lib\NetworkRuntime700_CM7_GCC.a(layers_nl_generic_float.o)
                0x0000000008005da8                forward_relu
 .text.ai_check_custom_types
                0x0000000008005ec0       0x54 ../../Middlewares/ST/AI/Lib\NetworkRuntime700_CM7_GCC.a(layers.o)
                0x0000000008005ec0                ai_check_custom_types
 .text.ai_layers_init_all
                0x0000000008005f14       0x28 ../../Middlewares/ST/AI/Lib\NetworkRuntime700_CM7_GCC.a(layers.o)
                0x0000000008005f14                ai_layers_init_all
 .text.ai_layers_post_init_all
                0x0000000008005f3c       0x2c ../../Middlewares/ST/AI/Lib\NetworkRuntime700_CM7_GCC.a(layers.o)
                0x0000000008005f3c                ai_layers_post_init_all
 .text.ai_layers_forward_all
                0x0000000008005f68       0x98 ../../Middlewares/ST/AI/Lib\NetworkRuntime700_CM7_GCC.a(layers.o)
                0x0000000008005f68                ai_layers_forward_all
 .text.ai_array_to_buffer_fmt
                0x0000000008006000       0xb0 ../../Middlewares/ST/AI/Lib\NetworkRuntime700_CM7_GCC.a(ai_datatypes_format.o)
                0x0000000008006000                ai_array_to_buffer_fmt
 .text.ai_array_get_byte_size
                0x00000000080060b0       0x50 ../../Middlewares/ST/AI/Lib\NetworkRuntime700_CM7_GCC.a(ai_datatypes_format.o)
                0x00000000080060b0                ai_array_get_byte_size
 .text.sin      0x0000000008006100       0x90 c:/st/stm32cubeide_1.7.0/stm32cubeide/plugins/com.st.stm32cube.ide.mcu.externaltools.gnu-tools-for-stm32.9-2020-q2-update.win32_2.0.0.202105311346/tools/bin/../lib/gcc/arm-none-eabi/9.3.1/../../../../arm-none-eabi/lib/thumb/v7e-m+dp/hard\libm.a(lib_a-s_sin.o)
                0x0000000008006100                sin
 .text.__ieee754_rem_pio2
                0x0000000008006190      0x280 c:/st/stm32cubeide_1.7.0/stm32cubeide/plugins/com.st.stm32cube.ide.mcu.externaltools.gnu-tools-for-stm32.9-2020-q2-update.win32_2.0.0.202105311346/tools/bin/../lib/gcc/arm-none-eabi/9.3.1/../../../../arm-none-eabi/lib/thumb/v7e-m+dp/hard\libm.a(lib_a-e_rem_pio2.o)
                0x0000000008006190                __ieee754_rem_pio2
 .text.__kernel_cos
                0x0000000008006410       0xd8 c:/st/stm32cubeide_1.7.0/stm32cubeide/plugins/com.st.stm32cube.ide.mcu.externaltools.gnu-tools-for-stm32.9-2020-q2-update.win32_2.0.0.202105311346/tools/bin/../lib/gcc/arm-none-eabi/9.3.1/../../../../arm-none-eabi/lib/thumb/v7e-m+dp/hard\libm.a(lib_a-k_cos.o)
                0x0000000008006410                __kernel_cos
 .text.__kernel_rem_pio2
                0x00000000080064e8      0x500 c:/st/stm32cubeide_1.7.0/stm32cubeide/plugins/com.st.stm32cube.ide.mcu.externaltools.gnu-tools-for-stm32.9-2020-q2-update.win32_2.0.0.202105311346/tools/bin/../lib/gcc/arm-none-eabi/9.3.1/../../../../arm-none-eabi/lib/thumb/v7e-m+dp/hard\libm.a(lib_a-k_rem_pio2.o)
                0x00000000080064e8                __kernel_rem_pio2
 .text.__kernel_sin
                0x00000000080069e8       0xb0 c:/st/stm32cubeide_1.7.0/stm32cubeide/plugins/com.st.stm32cube.ide.mcu.externaltools.gnu-tools-for-stm32.9-2020-q2-update.win32_2.0.0.202105311346/tools/bin/../lib/gcc/arm-none-eabi/9.3.1/../../../../arm-none-eabi/lib/thumb/v7e-m+dp/hard\libm.a(lib_a-k_sin.o)
                0x00000000080069e8                __kernel_sin
 .text.fabs     0x0000000008006a98       0x12 c:/st/stm32cubeide_1.7.0/stm32cubeide/plugins/com.st.stm32cube.ide.mcu.externaltools.gnu-tools-for-stm32.9-2020-q2-update.win32_2.0.0.202105311346/tools/bin/../lib/gcc/arm-none-eabi/9.3.1/../../../../arm-none-eabi/lib/thumb/v7e-m+dp/hard\libm.a(lib_a-s_fabs.o)
                0x0000000008006a98                fabs
 *fill*         0x0000000008006aaa        0x6 
 .text.floor    0x0000000008006ab0       0xe8 c:/st/stm32cubeide_1.7.0/stm32cubeide/plugins/com.st.stm32cube.ide.mcu.externaltools.gnu-tools-for-stm32.9-2020-q2-update.win32_2.0.0.202105311346/tools/bin/../lib/gcc/arm-none-eabi/9.3.1/../../../../arm-none-eabi/lib/thumb/v7e-m+dp/hard\libm.a(lib_a-s_floor.o)
                0x0000000008006ab0                floor
 .text.scalbn   0x0000000008006b98      0x124 c:/st/stm32cubeide_1.7.0/stm32cubeide/plugins/com.st.stm32cube.ide.mcu.externaltools.gnu-tools-for-stm32.9-2020-q2-update.win32_2.0.0.202105311346/tools/bin/../lib/gcc/arm-none-eabi/9.3.1/../../../../arm-none-eabi/lib/thumb/v7e-m+dp/hard\libm.a(lib_a-s_scalbn.o)
                0x0000000008006b98                scalbn
 .text.nanf     0x0000000008006cbc        0xc c:/st/stm32cubeide_1.7.0/stm32cubeide/plugins/com.st.stm32cube.ide.mcu.externaltools.gnu-tools-for-stm32.9-2020-q2-update.win32_2.0.0.202105311346/tools/bin/../lib/gcc/arm-none-eabi/9.3.1/../../../../arm-none-eabi/lib/thumb/v7e-m+dp/hard\libm.a(lib_a-sf_nan.o)
                0x0000000008006cbc                nanf
 .text.__errno  0x0000000008006cc8        0xc c:/st/stm32cubeide_1.7.0/stm32cubeide/plugins/com.st.stm32cube.ide.mcu.externaltools.gnu-tools-for-stm32.9-2020-q2-update.win32_2.0.0.202105311346/tools/bin/../lib/gcc/arm-none-eabi/9.3.1/../../../../arm-none-eabi/lib/thumb/v7e-m+dp/hard\libc_nano.a(lib_a-errno.o)
                0x0000000008006cc8                __errno
 .text.__libc_init_array
                0x0000000008006cd4       0x48 c:/st/stm32cubeide_1.7.0/stm32cubeide/plugins/com.st.stm32cube.ide.mcu.externaltools.gnu-tools-for-stm32.9-2020-q2-update.win32_2.0.0.202105311346/tools/bin/../lib/gcc/arm-none-eabi/9.3.1/../../../../arm-none-eabi/lib/thumb/v7e-m+dp/hard\libc_nano.a(lib_a-init.o)
                0x0000000008006cd4                __libc_init_array
 .text.malloc   0x0000000008006d1c       0x10 c:/st/stm32cubeide_1.7.0/stm32cubeide/plugins/com.st.stm32cube.ide.mcu.externaltools.gnu-tools-for-stm32.9-2020-q2-update.win32_2.0.0.202105311346/tools/bin/../lib/gcc/arm-none-eabi/9.3.1/../../../../arm-none-eabi/lib/thumb/v7e-m+dp/hard\libc_nano.a(lib_a-malloc.o)
                0x0000000008006d1c                malloc
 .text.memcpy   0x0000000008006d2c       0x1c c:/st/stm32cubeide_1.7.0/stm32cubeide/plugins/com.st.stm32cube.ide.mcu.externaltools.gnu-tools-for-stm32.9-2020-q2-update.win32_2.0.0.202105311346/tools/bin/../lib/gcc/arm-none-eabi/9.3.1/../../../../arm-none-eabi/lib/thumb/v7e-m+dp/hard\libc_nano.a(lib_a-memcpy-stub.o)
                0x0000000008006d2c                memcpy
 .text.memset   0x0000000008006d48       0x10 c:/st/stm32cubeide_1.7.0/stm32cubeide/plugins/com.st.stm32cube.ide.mcu.externaltools.gnu-tools-for-stm32.9-2020-q2-update.win32_2.0.0.202105311346/tools/bin/../lib/gcc/arm-none-eabi/9.3.1/../../../../arm-none-eabi/lib/thumb/v7e-m+dp/hard\libc_nano.a(lib_a-memset.o)
                0x0000000008006d48                memset
 .text._free_r  0x0000000008006d58       0xa0 c:/st/stm32cubeide_1.7.0/stm32cubeide/plugins/com.st.stm32cube.ide.mcu.externaltools.gnu-tools-for-stm32.9-2020-q2-update.win32_2.0.0.202105311346/tools/bin/../lib/gcc/arm-none-eabi/9.3.1/../../../../arm-none-eabi/lib/thumb/v7e-m+dp/hard\libc_nano.a(lib_a-nano-freer.o)
                0x0000000008006d58                _free_r
 .text._malloc_r
                0x0000000008006df8       0xb4 c:/st/stm32cubeide_1.7.0/stm32cubeide/plugins/com.st.stm32cube.ide.mcu.externaltools.gnu-tools-for-stm32.9-2020-q2-update.win32_2.0.0.202105311346/tools/bin/../lib/gcc/arm-none-eabi/9.3.1/../../../../arm-none-eabi/lib/thumb/v7e-m+dp/hard\libc_nano.a(lib_a-nano-mallocr.o)
                0x0000000008006df8                _malloc_r
 .text.__cvt    0x0000000008006eac       0xa4 c:/st/stm32cubeide_1.7.0/stm32cubeide/plugins/com.st.stm32cube.ide.mcu.externaltools.gnu-tools-for-stm32.9-2020-q2-update.win32_2.0.0.202105311346/tools/bin/../lib/gcc/arm-none-eabi/9.3.1/../../../../arm-none-eabi/lib/thumb/v7e-m+dp/hard\libc_nano.a(lib_a-nano-vfprintf_float.o)
                0x0000000008006eac                __cvt
 .text.__exponent
                0x0000000008006f50       0x7c c:/st/stm32cubeide_1.7.0/stm32cubeide/plugins/com.st.stm32cube.ide.mcu.externaltools.gnu-tools-for-stm32.9-2020-q2-update.win32_2.0.0.202105311346/tools/bin/../lib/gcc/arm-none-eabi/9.3.1/../../../../arm-none-eabi/lib/thumb/v7e-m+dp/hard\libc_nano.a(lib_a-nano-vfprintf_float.o)
                0x0000000008006f50                __exponent
 *fill*         0x0000000008006fcc        0x4 
 .text._printf_float
                0x0000000008006fd0      0x43c c:/st/stm32cubeide_1.7.0/stm32cubeide/plugins/com.st.stm32cube.ide.mcu.externaltools.gnu-tools-for-stm32.9-2020-q2-update.win32_2.0.0.202105311346/tools/bin/../lib/gcc/arm-none-eabi/9.3.1/../../../../arm-none-eabi/lib/thumb/v7e-m+dp/hard\libc_nano.a(lib_a-nano-vfprintf_float.o)
                0x0000000008006fd0                _printf_float
 .text._printf_common
                0x000000000800740c       0xda c:/st/stm32cubeide_1.7.0/stm32cubeide/plugins/com.st.stm32cube.ide.mcu.externaltools.gnu-tools-for-stm32.9-2020-q2-update.win32_2.0.0.202105311346/tools/bin/../lib/gcc/arm-none-eabi/9.3.1/../../../../arm-none-eabi/lib/thumb/v7e-m+dp/hard\libc_nano.a(lib_a-nano-vfprintf_i.o)
                0x000000000800740c                _printf_common
 *fill*         0x00000000080074e6        0x2 
 .text._printf_i
                0x00000000080074e8      0x24c c:/st/stm32cubeide_1.7.0/stm32cubeide/plugins/com.st.stm32cube.ide.mcu.externaltools.gnu-tools-for-stm32.9-2020-q2-update.win32_2.0.0.202105311346/tools/bin/../lib/gcc/arm-none-eabi/9.3.1/../../../../arm-none-eabi/lib/thumb/v7e-m+dp/hard\libc_nano.a(lib_a-nano-vfprintf_i.o)
                0x00000000080074e8                _printf_i
 .text._scanf_float
                0x0000000008007734      0x408 c:/st/stm32cubeide_1.7.0/stm32cubeide/plugins/com.st.stm32cube.ide.mcu.externaltools.gnu-tools-for-stm32.9-2020-q2-update.win32_2.0.0.202105311346/tools/bin/../lib/gcc/arm-none-eabi/9.3.1/../../../../arm-none-eabi/lib/thumb/v7e-m+dp/hard\libc_nano.a(lib_a-nano-vfscanf_float.o)
                0x0000000008007734                _scanf_float
 .text._sbrk_r  0x0000000008007b3c       0x20 c:/st/stm32cubeide_1.7.0/stm32cubeide/plugins/com.st.stm32cube.ide.mcu.externaltools.gnu-tools-for-stm32.9-2020-q2-update.win32_2.0.0.202105311346/tools/bin/../lib/gcc/arm-none-eabi/9.3.1/../../../../arm-none-eabi/lib/thumb/v7e-m+dp/hard\libc_nano.a(lib_a-sbrkr.o)
                0x0000000008007b3c                _sbrk_r
 .text.sprintf  0x0000000008007b5c       0x40 c:/st/stm32cubeide_1.7.0/stm32cubeide/plugins/com.st.stm32cube.ide.mcu.externaltools.gnu-tools-for-stm32.9-2020-q2-update.win32_2.0.0.202105311346/tools/bin/../lib/gcc/arm-none-eabi/9.3.1/../../../../arm-none-eabi/lib/thumb/v7e-m+dp/hard\libc_nano.a(lib_a-sprintf.o)
                0x0000000008007b5c                siprintf
                0x0000000008007b5c                sprintf
 .text.strcpy   0x0000000008007b9c       0x10 c:/st/stm32cubeide_1.7.0/stm32cubeide/plugins/com.st.stm32cube.ide.mcu.externaltools.gnu-tools-for-stm32.9-2020-q2-update.win32_2.0.0.202105311346/tools/bin/../lib/gcc/arm-none-eabi/9.3.1/../../../../arm-none-eabi/lib/thumb/v7e-m+dp/hard\libc_nano.a(lib_a-strcpy.o)
                0x0000000008007b9c                strcpy
 .text.sulp     0x0000000008007bac       0x34 c:/st/stm32cubeide_1.7.0/stm32cubeide/plugins/com.st.stm32cube.ide.mcu.externaltools.gnu-tools-for-stm32.9-2020-q2-update.win32_2.0.0.202105311346/tools/bin/../lib/gcc/arm-none-eabi/9.3.1/../../../../arm-none-eabi/lib/thumb/v7e-m+dp/hard\libc_nano.a(lib_a-strtod.o)
 .text._strtod_l
                0x0000000008007be0      0xbac c:/st/stm32cubeide_1.7.0/stm32cubeide/plugins/com.st.stm32cube.ide.mcu.externaltools.gnu-tools-for-stm32.9-2020-q2-update.win32_2.0.0.202105311346/tools/bin/../lib/gcc/arm-none-eabi/9.3.1/../../../../arm-none-eabi/lib/thumb/v7e-m+dp/hard\libc_nano.a(lib_a-strtod.o)
                0x0000000008007be0                _strtod_l
 .text._strtod_r
                0x000000000800878c        0xc c:/st/stm32cubeide_1.7.0/stm32cubeide/plugins/com.st.stm32cube.ide.mcu.externaltools.gnu-tools-for-stm32.9-2020-q2-update.win32_2.0.0.202105311346/tools/bin/../lib/gcc/arm-none-eabi/9.3.1/../../../../arm-none-eabi/lib/thumb/v7e-m+dp/hard\libc_nano.a(lib_a-strtod.o)
                0x000000000800878c                _strtod_r
 .text._strtol_l.isra.0
                0x0000000008008798      0x108 c:/st/stm32cubeide_1.7.0/stm32cubeide/plugins/com.st.stm32cube.ide.mcu.externaltools.gnu-tools-for-stm32.9-2020-q2-update.win32_2.0.0.202105311346/tools/bin/../lib/gcc/arm-none-eabi/9.3.1/../../../../arm-none-eabi/lib/thumb/v7e-m+dp/hard\libc_nano.a(lib_a-strtol.o)
 .text._strtol_r
                0x00000000080088a0        0x4 c:/st/stm32cubeide_1.7.0/stm32cubeide/plugins/com.st.stm32cube.ide.mcu.externaltools.gnu-tools-for-stm32.9-2020-q2-update.win32_2.0.0.202105311346/tools/bin/../lib/gcc/arm-none-eabi/9.3.1/../../../../arm-none-eabi/lib/thumb/v7e-m+dp/hard\libc_nano.a(lib_a-strtol.o)
                0x00000000080088a0                _strtol_r
 .text.quorem   0x00000000080088a4      0x116 c:/st/stm32cubeide_1.7.0/stm32cubeide/plugins/com.st.stm32cube.ide.mcu.externaltools.gnu-tools-for-stm32.9-2020-q2-update.win32_2.0.0.202105311346/tools/bin/../lib/gcc/arm-none-eabi/9.3.1/../../../../arm-none-eabi/lib/thumb/v7e-m+dp/hard\libc_nano.a(lib_a-dtoa.o)
 *fill*         0x00000000080089ba        0x6 
 .text._dtoa_r  0x00000000080089c0      0xb04 c:/st/stm32cubeide_1.7.0/stm32cubeide/plugins/com.st.stm32cube.ide.mcu.externaltools.gnu-tools-for-stm32.9-2020-q2-update.win32_2.0.0.202105311346/tools/bin/../lib/gcc/arm-none-eabi/9.3.1/../../../../arm-none-eabi/lib/thumb/v7e-m+dp/hard\libc_nano.a(lib_a-dtoa.o)
                0x00000000080089c0                _dtoa_r
 .text.rshift   0x00000000080094c4       0xa4 c:/st/stm32cubeide_1.7.0/stm32cubeide/plugins/com.st.stm32cube.ide.mcu.externaltools.gnu-tools-for-stm32.9-2020-q2-update.win32_2.0.0.202105311346/tools/bin/../lib/gcc/arm-none-eabi/9.3.1/../../../../arm-none-eabi/lib/thumb/v7e-m+dp/hard\libc_nano.a(lib_a-gdtoa-gethex.o)
 .text.__hexdig_fun
                0x0000000008009568       0x2a c:/st/stm32cubeide_1.7.0/stm32cubeide/plugins/com.st.stm32cube.ide.mcu.externaltools.gnu-tools-for-stm32.9-2020-q2-update.win32_2.0.0.202105311346/tools/bin/../lib/gcc/arm-none-eabi/9.3.1/../../../../arm-none-eabi/lib/thumb/v7e-m+dp/hard\libc_nano.a(lib_a-gdtoa-gethex.o)
                0x0000000008009568                __hexdig_fun
 *fill*         0x0000000008009592        0x2 
 .text.__gethex
                0x0000000008009594      0x48c c:/st/stm32cubeide_1.7.0/stm32cubeide/plugins/com.st.stm32cube.ide.mcu.externaltools.gnu-tools-for-stm32.9-2020-q2-update.win32_2.0.0.202105311346/tools/bin/../lib/gcc/arm-none-eabi/9.3.1/../../../../arm-none-eabi/lib/thumb/v7e-m+dp/hard\libc_nano.a(lib_a-gdtoa-gethex.o)
                0x0000000008009594                __gethex
 .text.L_shift  0x0000000008009a20       0x24 c:/st/stm32cubeide_1.7.0/stm32cubeide/plugins/com.st.stm32cube.ide.mcu.externaltools.gnu-tools-for-stm32.9-2020-q2-update.win32_2.0.0.202105311346/tools/bin/../lib/gcc/arm-none-eabi/9.3.1/../../../../arm-none-eabi/lib/thumb/v7e-m+dp/hard\libc_nano.a(lib_a-gdtoa-hexnan.o)
 .text.__match  0x0000000008009a44       0x28 c:/st/stm32cubeide_1.7.0/stm32cubeide/plugins/com.st.stm32cube.ide.mcu.externaltools.gnu-tools-for-stm32.9-2020-q2-update.win32_2.0.0.202105311346/tools/bin/../lib/gcc/arm-none-eabi/9.3.1/../../../../arm-none-eabi/lib/thumb/v7e-m+dp/hard\libc_nano.a(lib_a-gdtoa-hexnan.o)
                0x0000000008009a44                __match
 .text.__hexnan
                0x0000000008009a6c      0x138 c:/st/stm32cubeide_1.7.0/stm32cubeide/plugins/com.st.stm32cube.ide.mcu.externaltools.gnu-tools-for-stm32.9-2020-q2-update.win32_2.0.0.202105311346/tools/bin/../lib/gcc/arm-none-eabi/9.3.1/../../../../arm-none-eabi/lib/thumb/v7e-m+dp/hard\libc_nano.a(lib_a-gdtoa-hexnan.o)
                0x0000000008009a6c                __hexnan
 .text._localeconv_r
                0x0000000008009ba4        0x8 c:/st/stm32cubeide_1.7.0/stm32cubeide/plugins/com.st.stm32cube.ide.mcu.externaltools.gnu-tools-for-stm32.9-2020-q2-update.win32_2.0.0.202105311346/tools/bin/../lib/gcc/arm-none-eabi/9.3.1/../../../../arm-none-eabi/lib/thumb/v7e-m+dp/hard\libc_nano.a(lib_a-localeconv.o)
                0x0000000008009ba4                _localeconv_r
 .text.__ascii_mbtowc
                0x0000000008009bac       0x24 c:/st/stm32cubeide_1.7.0/stm32cubeide/plugins/com.st.stm32cube.ide.mcu.externaltools.gnu-tools-for-stm32.9-2020-q2-update.win32_2.0.0.202105311346/tools/bin/../lib/gcc/arm-none-eabi/9.3.1/../../../../arm-none-eabi/lib/thumb/v7e-m+dp/hard\libc_nano.a(lib_a-mbtowc_r.o)
                0x0000000008009bac                __ascii_mbtowc
 .text.__malloc_lock
                0x0000000008009bd0        0xc c:/st/stm32cubeide_1.7.0/stm32cubeide/plugins/com.st.stm32cube.ide.mcu.externaltools.gnu-tools-for-stm32.9-2020-q2-update.win32_2.0.0.202105311346/tools/bin/../lib/gcc/arm-none-eabi/9.3.1/../../../../arm-none-eabi/lib/thumb/v7e-m+dp/hard\libc_nano.a(lib_a-mlock.o)
                0x0000000008009bd0                __malloc_lock
 .text.__malloc_unlock
                0x0000000008009bdc        0xc c:/st/stm32cubeide_1.7.0/stm32cubeide/plugins/com.st.stm32cube.ide.mcu.externaltools.gnu-tools-for-stm32.9-2020-q2-update.win32_2.0.0.202105311346/tools/bin/../lib/gcc/arm-none-eabi/9.3.1/../../../../arm-none-eabi/lib/thumb/v7e-m+dp/hard\libc_nano.a(lib_a-mlock.o)
                0x0000000008009bdc                __malloc_unlock
 .text._Balloc  0x0000000008009be8       0x80 c:/st/stm32cubeide_1.7.0/stm32cubeide/plugins/com.st.stm32cube.ide.mcu.externaltools.gnu-tools-for-stm32.9-2020-q2-update.win32_2.0.0.202105311346/tools/bin/../lib/gcc/arm-none-eabi/9.3.1/../../../../arm-none-eabi/lib/thumb/v7e-m+dp/hard\libc_nano.a(lib_a-mprec.o)
                0x0000000008009be8                _Balloc
 .text._Bfree   0x0000000008009c68       0x44 c:/st/stm32cubeide_1.7.0/stm32cubeide/plugins/com.st.stm32cube.ide.mcu.externaltools.gnu-tools-for-stm32.9-2020-q2-update.win32_2.0.0.202105311346/tools/bin/../lib/gcc/arm-none-eabi/9.3.1/../../../../arm-none-eabi/lib/thumb/v7e-m+dp/hard\libc_nano.a(lib_a-mprec.o)
                0x0000000008009c68                _Bfree
 .text.__multadd
                0x0000000008009cac       0x94 c:/st/stm32cubeide_1.7.0/stm32cubeide/plugins/com.st.stm32cube.ide.mcu.externaltools.gnu-tools-for-stm32.9-2020-q2-update.win32_2.0.0.202105311346/tools/bin/../lib/gcc/arm-none-eabi/9.3.1/../../../../arm-none-eabi/lib/thumb/v7e-m+dp/hard\libc_nano.a(lib_a-mprec.o)
                0x0000000008009cac                __multadd
 .text.__s2b    0x0000000008009d40       0x94 c:/st/stm32cubeide_1.7.0/stm32cubeide/plugins/com.st.stm32cube.ide.mcu.externaltools.gnu-tools-for-stm32.9-2020-q2-update.win32_2.0.0.202105311346/tools/bin/../lib/gcc/arm-none-eabi/9.3.1/../../../../arm-none-eabi/lib/thumb/v7e-m+dp/hard\libc_nano.a(lib_a-mprec.o)
                0x0000000008009d40                __s2b
 .text.__hi0bits
                0x0000000008009dd4       0x40 c:/st/stm32cubeide_1.7.0/stm32cubeide/plugins/com.st.stm32cube.ide.mcu.externaltools.gnu-tools-for-stm32.9-2020-q2-update.win32_2.0.0.202105311346/tools/bin/../lib/gcc/arm-none-eabi/9.3.1/../../../../arm-none-eabi/lib/thumb/v7e-m+dp/hard\libc_nano.a(lib_a-mprec.o)
                0x0000000008009dd4                __hi0bits
 .text.__lo0bits
                0x0000000008009e14       0x60 c:/st/stm32cubeide_1.7.0/stm32cubeide/plugins/com.st.stm32cube.ide.mcu.externaltools.gnu-tools-for-stm32.9-2020-q2-update.win32_2.0.0.202105311346/tools/bin/../lib/gcc/arm-none-eabi/9.3.1/../../../../arm-none-eabi/lib/thumb/v7e-m+dp/hard\libc_nano.a(lib_a-mprec.o)
                0x0000000008009e14                __lo0bits
 .text.__i2b    0x0000000008009e74       0x2c c:/st/stm32cubeide_1.7.0/stm32cubeide/plugins/com.st.stm32cube.ide.mcu.externaltools.gnu-tools-for-stm32.9-2020-q2-update.win32_2.0.0.202105311346/tools/bin/../lib/gcc/arm-none-eabi/9.3.1/../../../../arm-none-eabi/lib/thumb/v7e-m+dp/hard\libc_nano.a(lib_a-mprec.o)
                0x0000000008009e74                __i2b
 .text.__multiply
                0x0000000008009ea0      0x14c c:/st/stm32cubeide_1.7.0/stm32cubeide/plugins/com.st.stm32cube.ide.mcu.externaltools.gnu-tools-for-stm32.9-2020-q2-update.win32_2.0.0.202105311346/tools/bin/../lib/gcc/arm-none-eabi/9.3.1/../../../../arm-none-eabi/lib/thumb/v7e-m+dp/hard\libc_nano.a(lib_a-mprec.o)
                0x0000000008009ea0                __multiply
 .text.__pow5mult
                0x0000000008009fec       0xb4 c:/st/stm32cubeide_1.7.0/stm32cubeide/plugins/com.st.stm32cube.ide.mcu.externaltools.gnu-tools-for-stm32.9-2020-q2-update.win32_2.0.0.202105311346/tools/bin/../lib/gcc/arm-none-eabi/9.3.1/../../../../arm-none-eabi/lib/thumb/v7e-m+dp/hard\libc_nano.a(lib_a-mprec.o)
                0x0000000008009fec                __pow5mult
 .text.__lshift
                0x000000000800a0a0       0xd8 c:/st/stm32cubeide_1.7.0/stm32cubeide/plugins/com.st.stm32cube.ide.mcu.externaltools.gnu-tools-for-stm32.9-2020-q2-update.win32_2.0.0.202105311346/tools/bin/../lib/gcc/arm-none-eabi/9.3.1/../../../../arm-none-eabi/lib/thumb/v7e-m+dp/hard\libc_nano.a(lib_a-mprec.o)
                0x000000000800a0a0                __lshift
 .text.__mcmp   0x000000000800a178       0x38 c:/st/stm32cubeide_1.7.0/stm32cubeide/plugins/com.st.stm32cube.ide.mcu.externaltools.gnu-tools-for-stm32.9-2020-q2-update.win32_2.0.0.202105311346/tools/bin/../lib/gcc/arm-none-eabi/9.3.1/../../../../arm-none-eabi/lib/thumb/v7e-m+dp/hard\libc_nano.a(lib_a-mprec.o)
                0x000000000800a178                __mcmp
 .text.__mdiff  0x000000000800a1b0      0x110 c:/st/stm32cubeide_1.7.0/stm32cubeide/plugins/com.st.stm32cube.ide.mcu.externaltools.gnu-tools-for-stm32.9-2020-q2-update.win32_2.0.0.202105311346/tools/bin/../lib/gcc/arm-none-eabi/9.3.1/../../../../arm-none-eabi/lib/thumb/v7e-m+dp/hard\libc_nano.a(lib_a-mprec.o)
                0x000000000800a1b0                __mdiff
 .text.__ulp    0x000000000800a2c0       0x58 c:/st/stm32cubeide_1.7.0/stm32cubeide/plugins/com.st.stm32cube.ide.mcu.externaltools.gnu-tools-for-stm32.9-2020-q2-update.win32_2.0.0.202105311346/tools/bin/../lib/gcc/arm-none-eabi/9.3.1/../../../../arm-none-eabi/lib/thumb/v7e-m+dp/hard\libc_nano.a(lib_a-mprec.o)
                0x000000000800a2c0                __ulp
 .text.__b2d    0x000000000800a318       0xa0 c:/st/stm32cubeide_1.7.0/stm32cubeide/plugins/com.st.stm32cube.ide.mcu.externaltools.gnu-tools-for-stm32.9-2020-q2-update.win32_2.0.0.202105311346/tools/bin/../lib/gcc/arm-none-eabi/9.3.1/../../../../arm-none-eabi/lib/thumb/v7e-m+dp/hard\libc_nano.a(lib_a-mprec.o)
                0x000000000800a318                __b2d
 .text.__d2b    0x000000000800a3b8       0xb8 c:/st/stm32cubeide_1.7.0/stm32cubeide/plugins/com.st.stm32cube.ide.mcu.externaltools.gnu-tools-for-stm32.9-2020-q2-update.win32_2.0.0.202105311346/tools/bin/../lib/gcc/arm-none-eabi/9.3.1/../../../../arm-none-eabi/lib/thumb/v7e-m+dp/hard\libc_nano.a(lib_a-mprec.o)
                0x000000000800a3b8                __d2b
 .text.__ratio  0x000000000800a470       0x68 c:/st/stm32cubeide_1.7.0/stm32cubeide/plugins/com.st.stm32cube.ide.mcu.externaltools.gnu-tools-for-stm32.9-2020-q2-update.win32_2.0.0.202105311346/tools/bin/../lib/gcc/arm-none-eabi/9.3.1/../../../../arm-none-eabi/lib/thumb/v7e-m+dp/hard\libc_nano.a(lib_a-mprec.o)
                0x000000000800a470                __ratio
 .text.__copybits
                0x000000000800a4d8       0x46 c:/st/stm32cubeide_1.7.0/stm32cubeide/plugins/com.st.stm32cube.ide.mcu.externaltools.gnu-tools-for-stm32.9-2020-q2-update.win32_2.0.0.202105311346/tools/bin/../lib/gcc/arm-none-eabi/9.3.1/../../../../arm-none-eabi/lib/thumb/v7e-m+dp/hard\libc_nano.a(lib_a-mprec.o)
                0x000000000800a4d8                __copybits
 .text.__any_on
                0x000000000800a51e       0x42 c:/st/stm32cubeide_1.7.0/stm32cubeide/plugins/com.st.stm32cube.ide.mcu.externaltools.gnu-tools-for-stm32.9-2020-q2-update.win32_2.0.0.202105311346/tools/bin/../lib/gcc/arm-none-eabi/9.3.1/../../../../arm-none-eabi/lib/thumb/v7e-m+dp/hard\libc_nano.a(lib_a-mprec.o)
                0x000000000800a51e                __any_on
 .text._calloc_r
                0x000000000800a560       0x1e c:/st/stm32cubeide_1.7.0/stm32cubeide/plugins/com.st.stm32cube.ide.mcu.externaltools.gnu-tools-for-stm32.9-2020-q2-update.win32_2.0.0.202105311346/tools/bin/../lib/gcc/arm-none-eabi/9.3.1/../../../../arm-none-eabi/lib/thumb/v7e-m+dp/hard\libc_nano.a(lib_a-nano-callocr.o)
                0x000000000800a560                _calloc_r
 .text._realloc_r
                0x000000000800a57e       0x4c c:/st/stm32cubeide_1.7.0/stm32cubeide/plugins/com.st.stm32cube.ide.mcu.externaltools.gnu-tools-for-stm32.9-2020-q2-update.win32_2.0.0.202105311346/tools/bin/../lib/gcc/arm-none-eabi/9.3.1/../../../../arm-none-eabi/lib/thumb/v7e-m+dp/hard\libc_nano.a(lib_a-nano-reallocr.o)
                0x000000000800a57e                _realloc_r
 .text.__ssputs_r
                0x000000000800a5ca       0xb6 c:/st/stm32cubeide_1.7.0/stm32cubeide/plugins/com.st.stm32cube.ide.mcu.externaltools.gnu-tools-for-stm32.9-2020-q2-update.win32_2.0.0.202105311346/tools/bin/../lib/gcc/arm-none-eabi/9.3.1/../../../../arm-none-eabi/lib/thumb/v7e-m+dp/hard\libc_nano.a(lib_a-nano-svfprintf.o)
                0x000000000800a5ca                __ssputs_r
 .text._svfprintf_r
                0x000000000800a680      0x200 c:/st/stm32cubeide_1.7.0/stm32cubeide/plugins/com.st.stm32cube.ide.mcu.externaltools.gnu-tools-for-stm32.9-2020-q2-update.win32_2.0.0.202105311346/tools/bin/../lib/gcc/arm-none-eabi/9.3.1/../../../../arm-none-eabi/lib/thumb/v7e-m+dp/hard\libc_nano.a(lib_a-nano-svfprintf.o)
                0x000000000800a680                _svfiprintf_r
                0x000000000800a680                _svfprintf_r
 .text.nan      0x000000000800a880       0x10 c:/st/stm32cubeide_1.7.0/stm32cubeide/plugins/com.st.stm32cube.ide.mcu.externaltools.gnu-tools-for-stm32.9-2020-q2-update.win32_2.0.0.202105311346/tools/bin/../lib/gcc/arm-none-eabi/9.3.1/../../../../arm-none-eabi/lib/thumb/v7e-m+dp/hard\libc_nano.a(lib_a-s_nan.o)
                0x000000000800a880                nan
 .text.strncmp  0x000000000800a890       0x24 c:/st/stm32cubeide_1.7.0/stm32cubeide/plugins/com.st.stm32cube.ide.mcu.externaltools.gnu-tools-for-stm32.9-2020-q2-update.win32_2.0.0.202105311346/tools/bin/../lib/gcc/arm-none-eabi/9.3.1/../../../../arm-none-eabi/lib/thumb/v7e-m+dp/hard\libc_nano.a(lib_a-strncmp.o)
                0x000000000800a890                strncmp
 .text.__ascii_wctomb
                0x000000000800a8b4       0x1a c:/st/stm32cubeide_1.7.0/stm32cubeide/plugins/com.st.stm32cube.ide.mcu.externaltools.gnu-tools-for-stm32.9-2020-q2-update.win32_2.0.0.202105311346/tools/bin/../lib/gcc/arm-none-eabi/9.3.1/../../../../arm-none-eabi/lib/thumb/v7e-m+dp/hard\libc_nano.a(lib_a-wctomb_r.o)
                0x000000000800a8b4                __ascii_wctomb
 *fill*         0x000000000800a8ce        0x2 
 .text.__assert_func
                0x000000000800a8d0       0x3c c:/st/stm32cubeide_1.7.0/stm32cubeide/plugins/com.st.stm32cube.ide.mcu.externaltools.gnu-tools-for-stm32.9-2020-q2-update.win32_2.0.0.202105311346/tools/bin/../lib/gcc/arm-none-eabi/9.3.1/../../../../arm-none-eabi/lib/thumb/v7e-m+dp/hard\libc_nano.a(lib_a-assert.o)
                0x000000000800a8d0                __assert_func
 .text.fprintf  0x000000000800a90c       0x24 c:/st/stm32cubeide_1.7.0/stm32cubeide/plugins/com.st.stm32cube.ide.mcu.externaltools.gnu-tools-for-stm32.9-2020-q2-update.win32_2.0.0.202105311346/tools/bin/../lib/gcc/arm-none-eabi/9.3.1/../../../../arm-none-eabi/lib/thumb/v7e-m+dp/hard\libc_nano.a(lib_a-fprintf.o)
                0x000000000800a90c                fiprintf
                0x000000000800a90c                fprintf
 .text.__retarget_lock_init_recursive
                0x000000000800a930        0x2 c:/st/stm32cubeide_1.7.0/stm32cubeide/plugins/com.st.stm32cube.ide.mcu.externaltools.gnu-tools-for-stm32.9-2020-q2-update.win32_2.0.0.202105311346/tools/bin/../lib/gcc/arm-none-eabi/9.3.1/../../../../arm-none-eabi/lib/thumb/v7e-m+dp/hard\libc_nano.a(lib_a-lock.o)
                0x000000000800a930                __retarget_lock_init_recursive
 .text.__retarget_lock_acquire_recursive
                0x000000000800a932        0x2 c:/st/stm32cubeide_1.7.0/stm32cubeide/plugins/com.st.stm32cube.ide.mcu.externaltools.gnu-tools-for-stm32.9-2020-q2-update.win32_2.0.0.202105311346/tools/bin/../lib/gcc/arm-none-eabi/9.3.1/../../../../arm-none-eabi/lib/thumb/v7e-m+dp/hard\libc_nano.a(lib_a-lock.o)
                0x000000000800a932                __retarget_lock_acquire_recursive
 .text.__retarget_lock_release_recursive
                0x000000000800a934        0x2 c:/st/stm32cubeide_1.7.0/stm32cubeide/plugins/com.st.stm32cube.ide.mcu.externaltools.gnu-tools-for-stm32.9-2020-q2-update.win32_2.0.0.202105311346/tools/bin/../lib/gcc/arm-none-eabi/9.3.1/../../../../arm-none-eabi/lib/thumb/v7e-m+dp/hard\libc_nano.a(lib_a-lock.o)
                0x000000000800a934                __retarget_lock_release_recursive
 .text.memmove  0x000000000800a936       0x34 c:/st/stm32cubeide_1.7.0/stm32cubeide/plugins/com.st.stm32cube.ide.mcu.externaltools.gnu-tools-for-stm32.9-2020-q2-update.win32_2.0.0.202105311346/tools/bin/../lib/gcc/arm-none-eabi/9.3.1/../../../../arm-none-eabi/lib/thumb/v7e-m+dp/hard\libc_nano.a(lib_a-memmove.o)
                0x000000000800a936                memmove
 .text._malloc_usable_size_r
                0x000000000800a96a       0x10 c:/st/stm32cubeide_1.7.0/stm32cubeide/plugins/com.st.stm32cube.ide.mcu.externaltools.gnu-tools-for-stm32.9-2020-q2-update.win32_2.0.0.202105311346/tools/bin/../lib/gcc/arm-none-eabi/9.3.1/../../../../arm-none-eabi/lib/thumb/v7e-m+dp/hard\libc_nano.a(lib_a-nano-msizer.o)
                0x000000000800a96a                _malloc_usable_size_r
 .text.__sfputc_r
                0x000000000800a97a       0x2e c:/st/stm32cubeide_1.7.0/stm32cubeide/plugins/com.st.stm32cube.ide.mcu.externaltools.gnu-tools-for-stm32.9-2020-q2-update.win32_2.0.0.202105311346/tools/bin/../lib/gcc/arm-none-eabi/9.3.1/../../../../arm-none-eabi/lib/thumb/v7e-m+dp/hard\libc_nano.a(lib_a-nano-vfprintf.o)
 .text.__sfputs_r
                0x000000000800a9a8       0x24 c:/st/stm32cubeide_1.7.0/stm32cubeide/plugins/com.st.stm32cube.ide.mcu.externaltools.gnu-tools-for-stm32.9-2020-q2-update.win32_2.0.0.202105311346/tools/bin/../lib/gcc/arm-none-eabi/9.3.1/../../../../arm-none-eabi/lib/thumb/v7e-m+dp/hard\libc_nano.a(lib_a-nano-vfprintf.o)
                0x000000000800a9a8                __sfputs_r
 .text._vfprintf_r
                0x000000000800a9cc      0x260 c:/st/stm32cubeide_1.7.0/stm32cubeide/plugins/com.st.stm32cube.ide.mcu.externaltools.gnu-tools-for-stm32.9-2020-q2-update.win32_2.0.0.202105311346/tools/bin/../lib/gcc/arm-none-eabi/9.3.1/../../../../arm-none-eabi/lib/thumb/v7e-m+dp/hard\libc_nano.a(lib_a-nano-vfprintf.o)
                0x000000000800a9cc                _vfprintf_r
                0x000000000800a9cc                _vfiprintf_r
 .text.__swbuf_r
                0x000000000800ac2c       0xa4 c:/st/stm32cubeide_1.7.0/stm32cubeide/plugins/com.st.stm32cube.ide.mcu.externaltools.gnu-tools-for-stm32.9-2020-q2-update.win32_2.0.0.202105311346/tools/bin/../lib/gcc/arm-none-eabi/9.3.1/../../../../arm-none-eabi/lib/thumb/v7e-m+dp/hard\libc_nano.a(lib_a-wbuf.o)
                0x000000000800ac2c                __swbuf_r
 .text.__swsetup_r
                0x000000000800acd0       0xdc c:/st/stm32cubeide_1.7.0/stm32cubeide/plugins/com.st.stm32cube.ide.mcu.externaltools.gnu-tools-for-stm32.9-2020-q2-update.win32_2.0.0.202105311346/tools/bin/../lib/gcc/arm-none-eabi/9.3.1/../../../../arm-none-eabi/lib/thumb/v7e-m+dp/hard\libc_nano.a(lib_a-wsetup.o)
                0x000000000800acd0                __swsetup_r
 .text.abort    0x000000000800adac        0xe c:/st/stm32cubeide_1.7.0/stm32cubeide/plugins/com.st.stm32cube.ide.mcu.externaltools.gnu-tools-for-stm32.9-2020-q2-update.win32_2.0.0.202105311346/tools/bin/../lib/gcc/arm-none-eabi/9.3.1/../../../../arm-none-eabi/lib/thumb/v7e-m+dp/hard\libc_nano.a(lib_a-abort.o)
                0x000000000800adac                abort
 *fill*         0x000000000800adba        0x2 
 .text.__sflush_r
                0x000000000800adbc      0x10c c:/st/stm32cubeide_1.7.0/stm32cubeide/plugins/com.st.stm32cube.ide.mcu.externaltools.gnu-tools-for-stm32.9-2020-q2-update.win32_2.0.0.202105311346/tools/bin/../lib/gcc/arm-none-eabi/9.3.1/../../../../arm-none-eabi/lib/thumb/v7e-m+dp/hard\libc_nano.a(lib_a-fflush.o)
                0x000000000800adbc                __sflush_r
 .text._fflush_r
                0x000000000800aec8       0x78 c:/st/stm32cubeide_1.7.0/stm32cubeide/plugins/com.st.stm32cube.ide.mcu.externaltools.gnu-tools-for-stm32.9-2020-q2-update.win32_2.0.0.202105311346/tools/bin/../lib/gcc/arm-none-eabi/9.3.1/../../../../arm-none-eabi/lib/thumb/v7e-m+dp/hard\libc_nano.a(lib_a-fflush.o)
                0x000000000800aec8                _fflush_r
 .text.std      0x000000000800af40       0x48 c:/st/stm32cubeide_1.7.0/stm32cubeide/plugins/com.st.stm32cube.ide.mcu.externaltools.gnu-tools-for-stm32.9-2020-q2-update.win32_2.0.0.202105311346/tools/bin/../lib/gcc/arm-none-eabi/9.3.1/../../../../arm-none-eabi/lib/thumb/v7e-m+dp/hard\libc_nano.a(lib_a-findfp.o)
 .text._cleanup_r
                0x000000000800af88        0xc c:/st/stm32cubeide_1.7.0/stm32cubeide/plugins/com.st.stm32cube.ide.mcu.externaltools.gnu-tools-for-stm32.9-2020-q2-update.win32_2.0.0.202105311346/tools/bin/../lib/gcc/arm-none-eabi/9.3.1/../../../../arm-none-eabi/lib/thumb/v7e-m+dp/hard\libc_nano.a(lib_a-findfp.o)
                0x000000000800af88                _cleanup_r
 .text.__sfmoreglue
                0x000000000800af94       0x2c c:/st/stm32cubeide_1.7.0/stm32cubeide/plugins/com.st.stm32cube.ide.mcu.externaltools.gnu-tools-for-stm32.9-2020-q2-update.win32_2.0.0.202105311346/tools/bin/../lib/gcc/arm-none-eabi/9.3.1/../../../../arm-none-eabi/lib/thumb/v7e-m+dp/hard\libc_nano.a(lib_a-findfp.o)
                0x000000000800af94                __sfmoreglue
 .text.__sfp_lock_acquire
                0x000000000800afc0        0xc c:/st/stm32cubeide_1.7.0/stm32cubeide/plugins/com.st.stm32cube.ide.mcu.externaltools.gnu-tools-for-stm32.9-2020-q2-update.win32_2.0.0.202105311346/tools/bin/../lib/gcc/arm-none-eabi/9.3.1/../../../../arm-none-eabi/lib/thumb/v7e-m+dp/hard\libc_nano.a(lib_a-findfp.o)
                0x000000000800afc0                __sfp_lock_acquire
 .text.__sfp_lock_release
                0x000000000800afcc        0xc c:/st/stm32cubeide_1.7.0/stm32cubeide/plugins/com.st.stm32cube.ide.mcu.externaltools.gnu-tools-for-stm32.9-2020-q2-update.win32_2.0.0.202105311346/tools/bin/../lib/gcc/arm-none-eabi/9.3.1/../../../../arm-none-eabi/lib/thumb/v7e-m+dp/hard\libc_nano.a(lib_a-findfp.o)
                0x000000000800afcc                __sfp_lock_release
 .text.__sinit_lock_acquire
                0x000000000800afd8        0xc c:/st/stm32cubeide_1.7.0/stm32cubeide/plugins/com.st.stm32cube.ide.mcu.externaltools.gnu-tools-for-stm32.9-2020-q2-update.win32_2.0.0.202105311346/tools/bin/../lib/gcc/arm-none-eabi/9.3.1/../../../../arm-none-eabi/lib/thumb/v7e-m+dp/hard\libc_nano.a(lib_a-findfp.o)
                0x000000000800afd8                __sinit_lock_acquire
 .text.__sinit_lock_release
                0x000000000800afe4        0xc c:/st/stm32cubeide_1.7.0/stm32cubeide/plugins/com.st.stm32cube.ide.mcu.externaltools.gnu-tools-for-stm32.9-2020-q2-update.win32_2.0.0.202105311346/tools/bin/../lib/gcc/arm-none-eabi/9.3.1/../../../../arm-none-eabi/lib/thumb/v7e-m+dp/hard\libc_nano.a(lib_a-findfp.o)
                0x000000000800afe4                __sinit_lock_release
 .text.__sinit  0x000000000800aff0       0x70 c:/st/stm32cubeide_1.7.0/stm32cubeide/plugins/com.st.stm32cube.ide.mcu.externaltools.gnu-tools-for-stm32.9-2020-q2-update.win32_2.0.0.202105311346/tools/bin/../lib/gcc/arm-none-eabi/9.3.1/../../../../arm-none-eabi/lib/thumb/v7e-m+dp/hard\libc_nano.a(lib_a-findfp.o)
                0x000000000800aff0                __sinit
 .text.__sfp    0x000000000800b060       0x8c c:/st/stm32cubeide_1.7.0/stm32cubeide/plugins/com.st.stm32cube.ide.mcu.externaltools.gnu-tools-for-stm32.9-2020-q2-update.win32_2.0.0.202105311346/tools/bin/../lib/gcc/arm-none-eabi/9.3.1/../../../../arm-none-eabi/lib/thumb/v7e-m+dp/hard\libc_nano.a(lib_a-findfp.o)
                0x000000000800b060                __sfp
 .text._fwalk_reent
                0x000000000800b0ec       0x3e c:/st/stm32cubeide_1.7.0/stm32cubeide/plugins/com.st.stm32cube.ide.mcu.externaltools.gnu-tools-for-stm32.9-2020-q2-update.win32_2.0.0.202105311346/tools/bin/../lib/gcc/arm-none-eabi/9.3.1/../../../../arm-none-eabi/lib/thumb/v7e-m+dp/hard\libc_nano.a(lib_a-fwalk.o)
                0x000000000800b0ec                _fwalk_reent
 .text.__swhatbuf_r
                0x000000000800b12a       0x48 c:/st/stm32cubeide_1.7.0/stm32cubeide/plugins/com.st.stm32cube.ide.mcu.externaltools.gnu-tools-for-stm32.9-2020-q2-update.win32_2.0.0.202105311346/tools/bin/../lib/gcc/arm-none-eabi/9.3.1/../../../../arm-none-eabi/lib/thumb/v7e-m+dp/hard\libc_nano.a(lib_a-makebuf.o)
                0x000000000800b12a                __swhatbuf_r
 *fill*         0x000000000800b172        0x2 
 .text.__smakebuf_r
                0x000000000800b174       0x80 c:/st/stm32cubeide_1.7.0/stm32cubeide/plugins/com.st.stm32cube.ide.mcu.externaltools.gnu-tools-for-stm32.9-2020-q2-update.win32_2.0.0.202105311346/tools/bin/../lib/gcc/arm-none-eabi/9.3.1/../../../../arm-none-eabi/lib/thumb/v7e-m+dp/hard\libc_nano.a(lib_a-makebuf.o)
                0x000000000800b174                __smakebuf_r
 .text._raise_r
                0x000000000800b1f4       0x50 c:/st/stm32cubeide_1.7.0/stm32cubeide/plugins/com.st.stm32cube.ide.mcu.externaltools.gnu-tools-for-stm32.9-2020-q2-update.win32_2.0.0.202105311346/tools/bin/../lib/gcc/arm-none-eabi/9.3.1/../../../../arm-none-eabi/lib/thumb/v7e-m+dp/hard\libc_nano.a(lib_a-signal.o)
                0x000000000800b1f4                _raise_r
 .text.raise    0x000000000800b244       0x10 c:/st/stm32cubeide_1.7.0/stm32cubeide/plugins/com.st.stm32cube.ide.mcu.externaltools.gnu-tools-for-stm32.9-2020-q2-update.win32_2.0.0.202105311346/tools/bin/../lib/gcc/arm-none-eabi/9.3.1/../../../../arm-none-eabi/lib/thumb/v7e-m+dp/hard\libc_nano.a(lib_a-signal.o)
                0x000000000800b244                raise
 .text._kill_r  0x000000000800b254       0x24 c:/st/stm32cubeide_1.7.0/stm32cubeide/plugins/com.st.stm32cube.ide.mcu.externaltools.gnu-tools-for-stm32.9-2020-q2-update.win32_2.0.0.202105311346/tools/bin/../lib/gcc/arm-none-eabi/9.3.1/../../../../arm-none-eabi/lib/thumb/v7e-m+dp/hard\libc_nano.a(lib_a-signalr.o)
                0x000000000800b254                _kill_r
 .text._getpid_r
                0x000000000800b278        0x4 c:/st/stm32cubeide_1.7.0/stm32cubeide/plugins/com.st.stm32cube.ide.mcu.externaltools.gnu-tools-for-stm32.9-2020-q2-update.win32_2.0.0.202105311346/tools/bin/../lib/gcc/arm-none-eabi/9.3.1/../../../../arm-none-eabi/lib/thumb/v7e-m+dp/hard\libc_nano.a(lib_a-signalr.o)
                0x000000000800b278                _getpid_r
 .text.__sread  0x000000000800b27c       0x22 c:/st/stm32cubeide_1.7.0/stm32cubeide/plugins/com.st.stm32cube.ide.mcu.externaltools.gnu-tools-for-stm32.9-2020-q2-update.win32_2.0.0.202105311346/tools/bin/../lib/gcc/arm-none-eabi/9.3.1/../../../../arm-none-eabi/lib/thumb/v7e-m+dp/hard\libc_nano.a(lib_a-stdio.o)
                0x000000000800b27c                __sread
 .text.__swrite
                0x000000000800b29e       0x38 c:/st/stm32cubeide_1.7.0/stm32cubeide/plugins/com.st.stm32cube.ide.mcu.externaltools.gnu-tools-for-stm32.9-2020-q2-update.win32_2.0.0.202105311346/tools/bin/../lib/gcc/arm-none-eabi/9.3.1/../../../../arm-none-eabi/lib/thumb/v7e-m+dp/hard\libc_nano.a(lib_a-stdio.o)
                0x000000000800b29e                __swrite
 .text.__sseek  0x000000000800b2d6       0x24 c:/st/stm32cubeide_1.7.0/stm32cubeide/plugins/com.st.stm32cube.ide.mcu.externaltools.gnu-tools-for-stm32.9-2020-q2-update.win32_2.0.0.202105311346/tools/bin/../lib/gcc/arm-none-eabi/9.3.1/../../../../arm-none-eabi/lib/thumb/v7e-m+dp/hard\libc_nano.a(lib_a-stdio.o)
                0x000000000800b2d6                __sseek
 .text.__sclose
                0x000000000800b2fa        0x8 c:/st/stm32cubeide_1.7.0/stm32cubeide/plugins/com.st.stm32cube.ide.mcu.externaltools.gnu-tools-for-stm32.9-2020-q2-update.win32_2.0.0.202105311346/tools/bin/../lib/gcc/arm-none-eabi/9.3.1/../../../../arm-none-eabi/lib/thumb/v7e-m+dp/hard\libc_nano.a(lib_a-stdio.o)
                0x000000000800b2fa                __sclose
 *fill*         0x000000000800b302        0x2 
 .text._write_r
                0x000000000800b304       0x24 c:/st/stm32cubeide_1.7.0/stm32cubeide/plugins/com.st.stm32cube.ide.mcu.externaltools.gnu-tools-for-stm32.9-2020-q2-update.win32_2.0.0.202105311346/tools/bin/../lib/gcc/arm-none-eabi/9.3.1/../../../../arm-none-eabi/lib/thumb/v7e-m+dp/hard\libc_nano.a(lib_a-writer.o)
                0x000000000800b304                _write_r
 .text._close_r
                0x000000000800b328       0x20 c:/st/stm32cubeide_1.7.0/stm32cubeide/plugins/com.st.stm32cube.ide.mcu.externaltools.gnu-tools-for-stm32.9-2020-q2-update.win32_2.0.0.202105311346/tools/bin/../lib/gcc/arm-none-eabi/9.3.1/../../../../arm-none-eabi/lib/thumb/v7e-m+dp/hard\libc_nano.a(lib_a-closer.o)
                0x000000000800b328                _close_r
 .text._fstat_r
                0x000000000800b348       0x24 c:/st/stm32cubeide_1.7.0/stm32cubeide/plugins/com.st.stm32cube.ide.mcu.externaltools.gnu-tools-for-stm32.9-2020-q2-update.win32_2.0.0.202105311346/tools/bin/../lib/gcc/arm-none-eabi/9.3.1/../../../../arm-none-eabi/lib/thumb/v7e-m+dp/hard\libc_nano.a(lib_a-fstatr.o)
                0x000000000800b348                _fstat_r
 .text._isatty_r
                0x000000000800b36c       0x20 c:/st/stm32cubeide_1.7.0/stm32cubeide/plugins/com.st.stm32cube.ide.mcu.externaltools.gnu-tools-for-stm32.9-2020-q2-update.win32_2.0.0.202105311346/tools/bin/../lib/gcc/arm-none-eabi/9.3.1/../../../../arm-none-eabi/lib/thumb/v7e-m+dp/hard\libc_nano.a(lib_a-isattyr.o)
                0x000000000800b36c                _isatty_r
 .text._lseek_r
                0x000000000800b38c       0x24 c:/st/stm32cubeide_1.7.0/stm32cubeide/plugins/com.st.stm32cube.ide.mcu.externaltools.gnu-tools-for-stm32.9-2020-q2-update.win32_2.0.0.202105311346/tools/bin/../lib/gcc/arm-none-eabi/9.3.1/../../../../arm-none-eabi/lib/thumb/v7e-m+dp/hard\libc_nano.a(lib_a-lseekr.o)
                0x000000000800b38c                _lseek_r
 .text._read_r  0x000000000800b3b0       0x24 c:/st/stm32cubeide_1.7.0/stm32cubeide/plugins/com.st.stm32cube.ide.mcu.externaltools.gnu-tools-for-stm32.9-2020-q2-update.win32_2.0.0.202105311346/tools/bin/../lib/gcc/arm-none-eabi/9.3.1/../../../../arm-none-eabi/lib/thumb/v7e-m+dp/hard\libc_nano.a(lib_a-readr.o)
                0x000000000800b3b0                _read_r
 .text._close   0x000000000800b3d4       0x10 c:/st/stm32cubeide_1.7.0/stm32cubeide/plugins/com.st.stm32cube.ide.mcu.externaltools.gnu-tools-for-stm32.9-2020-q2-update.win32_2.0.0.202105311346/tools/bin/../lib/gcc/arm-none-eabi/9.3.1/../../../../arm-none-eabi/lib/thumb/v7e-m+dp/hard\libnosys.a(close.o)
                0x000000000800b3d4                _close
 .text._fstat   0x000000000800b3e4       0x10 c:/st/stm32cubeide_1.7.0/stm32cubeide/plugins/com.st.stm32cube.ide.mcu.externaltools.gnu-tools-for-stm32.9-2020-q2-update.win32_2.0.0.202105311346/tools/bin/../lib/gcc/arm-none-eabi/9.3.1/../../../../arm-none-eabi/lib/thumb/v7e-m+dp/hard\libnosys.a(fstat.o)
                0x000000000800b3e4                _fstat
 .text._getpid  0x000000000800b3f4       0x10 c:/st/stm32cubeide_1.7.0/stm32cubeide/plugins/com.st.stm32cube.ide.mcu.externaltools.gnu-tools-for-stm32.9-2020-q2-update.win32_2.0.0.202105311346/tools/bin/../lib/gcc/arm-none-eabi/9.3.1/../../../../arm-none-eabi/lib/thumb/v7e-m+dp/hard\libnosys.a(getpid.o)
                0x000000000800b3f4                _getpid
 .text._isatty  0x000000000800b404       0x10 c:/st/stm32cubeide_1.7.0/stm32cubeide/plugins/com.st.stm32cube.ide.mcu.externaltools.gnu-tools-for-stm32.9-2020-q2-update.win32_2.0.0.202105311346/tools/bin/../lib/gcc/arm-none-eabi/9.3.1/../../../../arm-none-eabi/lib/thumb/v7e-m+dp/hard\libnosys.a(isatty.o)
                0x000000000800b404                _isatty
 .text._kill    0x000000000800b414       0x10 c:/st/stm32cubeide_1.7.0/stm32cubeide/plugins/com.st.stm32cube.ide.mcu.externaltools.gnu-tools-for-stm32.9-2020-q2-update.win32_2.0.0.202105311346/tools/bin/../lib/gcc/arm-none-eabi/9.3.1/../../../../arm-none-eabi/lib/thumb/v7e-m+dp/hard\libnosys.a(kill.o)
                0x000000000800b414                _kill
 .text._lseek   0x000000000800b424       0x10 c:/st/stm32cubeide_1.7.0/stm32cubeide/plugins/com.st.stm32cube.ide.mcu.externaltools.gnu-tools-for-stm32.9-2020-q2-update.win32_2.0.0.202105311346/tools/bin/../lib/gcc/arm-none-eabi/9.3.1/../../../../arm-none-eabi/lib/thumb/v7e-m+dp/hard\libnosys.a(lseek.o)
                0x000000000800b424                _lseek
 .text._read    0x000000000800b434       0x10 c:/st/stm32cubeide_1.7.0/stm32cubeide/plugins/com.st.stm32cube.ide.mcu.externaltools.gnu-tools-for-stm32.9-2020-q2-update.win32_2.0.0.202105311346/tools/bin/../lib/gcc/arm-none-eabi/9.3.1/../../../../arm-none-eabi/lib/thumb/v7e-m+dp/hard\libnosys.a(read.o)
                0x000000000800b434                _read
 .text._write   0x000000000800b444       0x10 c:/st/stm32cubeide_1.7.0/stm32cubeide/plugins/com.st.stm32cube.ide.mcu.externaltools.gnu-tools-for-stm32.9-2020-q2-update.win32_2.0.0.202105311346/tools/bin/../lib/gcc/arm-none-eabi/9.3.1/../../../../arm-none-eabi/lib/thumb/v7e-m+dp/hard\libnosys.a(write.o)
                0x000000000800b444                _write
 .text._exit    0x000000000800b454        0x2 c:/st/stm32cubeide_1.7.0/stm32cubeide/plugins/com.st.stm32cube.ide.mcu.externaltools.gnu-tools-for-stm32.9-2020-q2-update.win32_2.0.0.202105311346/tools/bin/../lib/gcc/arm-none-eabi/9.3.1/../../../../arm-none-eabi/lib/thumb/v7e-m+dp/hard\libnosys.a(_exit.o)
                0x000000000800b454                _exit
 *(.glue_7)
 .glue_7        0x000000000800b456        0x0 linker stubs
 *(.glue_7t)
 .glue_7t       0x000000000800b456        0x0 linker stubs
 *(.eh_frame)
 *fill*         0x000000000800b456        0x2 
 .eh_frame      0x000000000800b458        0x0 c:/st/stm32cubeide_1.7.0/stm32cubeide/plugins/com.st.stm32cube.ide.mcu.externaltools.gnu-tools-for-stm32.9-2020-q2-update.win32_2.0.0.202105311346/tools/bin/../lib/gcc/arm-none-eabi/9.3.1/thumb/v7e-m+dp/hard/crtbegin.o
 *(.init)
 .init          0x000000000800b458        0x4 c:/st/stm32cubeide_1.7.0/stm32cubeide/plugins/com.st.stm32cube.ide.mcu.externaltools.gnu-tools-for-stm32.9-2020-q2-update.win32_2.0.0.202105311346/tools/bin/../lib/gcc/arm-none-eabi/9.3.1/thumb/v7e-m+dp/hard/crti.o
                0x000000000800b458                _init
 .init          0x000000000800b45c        0x8 c:/st/stm32cubeide_1.7.0/stm32cubeide/plugins/com.st.stm32cube.ide.mcu.externaltools.gnu-tools-for-stm32.9-2020-q2-update.win32_2.0.0.202105311346/tools/bin/../lib/gcc/arm-none-eabi/9.3.1/thumb/v7e-m+dp/hard/crtn.o
 *(.fini)
 .fini          0x000000000800b464        0x4 c:/st/stm32cubeide_1.7.0/stm32cubeide/plugins/com.st.stm32cube.ide.mcu.externaltools.gnu-tools-for-stm32.9-2020-q2-update.win32_2.0.0.202105311346/tools/bin/../lib/gcc/arm-none-eabi/9.3.1/thumb/v7e-m+dp/hard/crti.o
                0x000000000800b464                _fini
 .fini          0x000000000800b468        0x8 c:/st/stm32cubeide_1.7.0/stm32cubeide/plugins/com.st.stm32cube.ide.mcu.externaltools.gnu-tools-for-stm32.9-2020-q2-update.win32_2.0.0.202105311346/tools/bin/../lib/gcc/arm-none-eabi/9.3.1/thumb/v7e-m+dp/hard/crtn.o
                0x000000000800b470                . = ALIGN (0x4)
                0x000000000800b470                _etext = .

.vfp11_veneer   0x000000000800b470        0x0
 .vfp11_veneer  0x000000000800b470        0x0 linker stubs

.v4_bx          0x000000000800b470        0x0
 .v4_bx         0x000000000800b470        0x0 linker stubs

.iplt           0x000000000800b470        0x0
 .iplt          0x000000000800b470        0x0 c:/st/stm32cubeide_1.7.0/stm32cubeide/plugins/com.st.stm32cube.ide.mcu.externaltools.gnu-tools-for-stm32.9-2020-q2-update.win32_2.0.0.202105311346/tools/bin/../lib/gcc/arm-none-eabi/9.3.1/thumb/v7e-m+dp/hard/crtbegin.o

.rodata         0x000000000800b480    0x19044
                0x000000000800b480                . = ALIGN (0x4)
 *(.rodata)
 .rodata        0x000000000800b480       0x18 ./Core/Src/main.o
 .rodata        0x000000000800b498        0x4 ../../Middlewares/ST/AI/Lib\NetworkRuntime700_CM7_GCC.a(layers.o)
 *(.rodata*)
 .rodata.D1CorePrescTable
                0x000000000800b49c       0x10 ./Common/Src/system_stm32h7xx_dualcore_boot_cm4_cm7.o
                0x000000000800b49c                D1CorePrescTable
 .rodata.main.str1.1
                0x000000000800b4ac       0xd2 ./Core/Src/main.o
 .rodata.CSWTCH.59
                0x000000000800b57e       0x29 ./Drivers/STM32H7xx_HAL_Driver/stm32h7xx_hal_uart.o
 .rodata.CSWTCH.60
                0x000000000800b5a7        0x6 ./Drivers/STM32H7xx_HAL_Driver/stm32h7xx_hal_uart.o
 .rodata.CSWTCH.67
                0x000000000800b5ad        0x6 ./Drivers/STM32H7xx_HAL_Driver/stm32h7xx_hal_uart.o
 *fill*         0x000000000800b5b3        0x1 
 .rodata.UARTPrescTable
                0x000000000800b5b4       0x18 ./Drivers/STM32H7xx_HAL_Driver/stm32h7xx_hal_uart.o
                0x000000000800b5b4                UARTPrescTable
 .rodata.denominator.11841
                0x000000000800b5cc        0x8 ./Drivers/STM32H7xx_HAL_Driver/stm32h7xx_hal_uart_ex.o
 .rodata.numerator.11840
                0x000000000800b5d4        0x8 ./Drivers/STM32H7xx_HAL_Driver/stm32h7xx_hal_uart_ex.o
 .rodata.dense_0_chain
                0x000000000800b5dc        0x8 ./X-CUBE-AI/App/sine_model.o
 .rodata.dense_1_chain
                0x000000000800b5e4        0x8 ./X-CUBE-AI/App/sine_model.o
 .rodata.dense_2_chain
                0x000000000800b5ec        0x8 ./X-CUBE-AI/App/sine_model.o
 .rodata.dense_3_chain
                0x000000000800b5f4        0x8 ./X-CUBE-AI/App/sine_model.o
 .rodata.nl_0_nl_chain
                0x000000000800b5fc        0x8 ./X-CUBE-AI/App/sine_model.o
 .rodata.nl_1_nl_chain
                0x000000000800b604        0x8 ./X-CUBE-AI/App/sine_model.o
 .rodata.nl_2_nl_chain
                0x000000000800b60c        0x8 ./X-CUBE-AI/App/sine_model.o
 *fill*         0x000000000800b614        0xc 
 .rodata.s_sine_model_weights_array_u64
                0x000000000800b620    0x18808 ./X-CUBE-AI/App/sine_model_data.o
                0x000000000800b620                s_sine_model_weights_array_u64
 .rodata.s_sine_model_weights_map.6537
                0x0000000008023e28        0xc ./X-CUBE-AI/App/sine_model_data.o
 .rodata.npio2_hw
                0x0000000008023e34       0x80 c:/st/stm32cubeide_1.7.0/stm32cubeide/plugins/com.st.stm32cube.ide.mcu.externaltools.gnu-tools-for-stm32.9-2020-q2-update.win32_2.0.0.202105311346/tools/bin/../lib/gcc/arm-none-eabi/9.3.1/../../../../arm-none-eabi/lib/thumb/v7e-m+dp/hard\libm.a(lib_a-e_rem_pio2.o)
 .rodata.two_over_pi
                0x0000000008023eb4      0x108 c:/st/stm32cubeide_1.7.0/stm32cubeide/plugins/com.st.stm32cube.ide.mcu.externaltools.gnu-tools-for-stm32.9-2020-q2-update.win32_2.0.0.202105311346/tools/bin/../lib/gcc/arm-none-eabi/9.3.1/../../../../arm-none-eabi/lib/thumb/v7e-m+dp/hard\libm.a(lib_a-e_rem_pio2.o)
 *fill*         0x0000000008023fbc        0x4 
 .rodata.PIo2   0x0000000008023fc0       0x40 c:/st/stm32cubeide_1.7.0/stm32cubeide/plugins/com.st.stm32cube.ide.mcu.externaltools.gnu-tools-for-stm32.9-2020-q2-update.win32_2.0.0.202105311346/tools/bin/../lib/gcc/arm-none-eabi/9.3.1/../../../../arm-none-eabi/lib/thumb/v7e-m+dp/hard\libm.a(lib_a-k_rem_pio2.o)
 .rodata.init_jk
                0x0000000008024000       0x10 c:/st/stm32cubeide_1.7.0/stm32cubeide/plugins/com.st.stm32cube.ide.mcu.externaltools.gnu-tools-for-stm32.9-2020-q2-update.win32_2.0.0.202105311346/tools/bin/../lib/gcc/arm-none-eabi/9.3.1/../../../../arm-none-eabi/lib/thumb/v7e-m+dp/hard\libm.a(lib_a-k_rem_pio2.o)
 .rodata._global_impure_ptr
                0x0000000008024010        0x4 c:/st/stm32cubeide_1.7.0/stm32cubeide/plugins/com.st.stm32cube.ide.mcu.externaltools.gnu-tools-for-stm32.9-2020-q2-update.win32_2.0.0.202105311346/tools/bin/../lib/gcc/arm-none-eabi/9.3.1/../../../../arm-none-eabi/lib/thumb/v7e-m+dp/hard\libc_nano.a(lib_a-impure.o)
                0x0000000008024010                _global_impure_ptr
 .rodata._printf_float.str1.1
                0x0000000008024014       0x12 c:/st/stm32cubeide_1.7.0/stm32cubeide/plugins/com.st.stm32cube.ide.mcu.externaltools.gnu-tools-for-stm32.9-2020-q2-update.win32_2.0.0.202105311346/tools/bin/../lib/gcc/arm-none-eabi/9.3.1/../../../../arm-none-eabi/lib/thumb/v7e-m+dp/hard\libc_nano.a(lib_a-nano-vfprintf_float.o)
 .rodata._printf_i.str1.1
                0x0000000008024026       0x22 c:/st/stm32cubeide_1.7.0/stm32cubeide/plugins/com.st.stm32cube.ide.mcu.externaltools.gnu-tools-for-stm32.9-2020-q2-update.win32_2.0.0.202105311346/tools/bin/../lib/gcc/arm-none-eabi/9.3.1/../../../../arm-none-eabi/lib/thumb/v7e-m+dp/hard\libc_nano.a(lib_a-nano-vfprintf_i.o)
 .rodata._scanf_float.str1.1
                0x0000000008024048        0x5 c:/st/stm32cubeide_1.7.0/stm32cubeide/plugins/com.st.stm32cube.ide.mcu.externaltools.gnu-tools-for-stm32.9-2020-q2-update.win32_2.0.0.202105311346/tools/bin/../lib/gcc/arm-none-eabi/9.3.1/../../../../arm-none-eabi/lib/thumb/v7e-m+dp/hard\libc_nano.a(lib_a-nano-vfscanf_float.o)
                                          0x6 (size before relaxing)
 .rodata._strtod_l.str1.1