10:35:24 **** Incremental Build of configuration Debug for project NUCLEO-H745ZI-Q-CUBE-AI-TEMPLATE_CM4 ****
make -j8 all 
arm-none-eabi-gcc "../Core/Src/main.c" -mcpu=cortex-m4 -std=gnu11 -g3 -DDEBUG -DCORE_CM4 -DUSE_HAL_DRIVER -DSTM32H745xx -c -I../Core/Inc -I../../Drivers/STM32H7xx_HAL_Driver/Inc -I../../Drivers/STM32H7xx_HAL_Driver/Inc/Legacy -I../../Drivers/CMSIS/Device/ST/STM32H7xx/Include -I../../Drivers/CMSIS/Include -I"C:/Users/robin/OneDrive/Hochschule/Master/Masterarbeit/Programme/STM32-Workspace-Steppermotor-Project/NUCLEO-H745ZI-Q-CUBE-AI-TEMPLATE/CM4/TMC-API/tmc/helpers" -I"C:/Users/robin/OneDrive/Hochschule/Master/Masterarbeit/Programme/STM32-Workspace-Steppermotor-Project/NUCLEO-H745ZI-Q-CUBE-AI-TEMPLATE/CM4/TMC-API/tmc/ramp" -I"C:/Users/robin/OneDrive/Hochschule/Master/Masterarbeit/Programme/STM32-Workspace-Steppermotor-Project/NUCLEO-H745ZI-Q-CUBE-AI-TEMPLATE/CM4/TMC-API" -I"C:/Users/robin/OneDrive/Hochschule/Master/Masterarbeit/Programme/STM32-Workspace-Steppermotor-Project/NUCLEO-H745ZI-Q-CUBE-AI-TEMPLATE/CM4/TMC-API/tmc/ic/TMC4361A" -I"C:/Users/robin/OneDrive/Hochschule/Master/Masterarbeit/Programme/STM32-Workspace-Steppermotor-Project/NUCLEO-H745ZI-Q-CUBE-AI-TEMPLATE/CM4/TMC-API/tmc/ic/TMC2130" -O0 -ffunction-sections -fdata-sections -Wall -fstack-usage -MMD -MP -MF"Core/Src/main.d" -MT"Core/Src/main.o" --specs=nano.specs -mfpu=fpv4-sp-d16 -mfloat-abi=hard -mthumb -o "Core/Src/main.o"
../Core/Src/main.c: In function 'main':
../Core/Src/main.c:230:39: warning: format '%d' expects argument of type 'int', but argument 3 has type 'int32_t' {aka 'long int'} [-Wformat=]
  230 |  buf_len = sprintf(buf, "\nPosition: %d \r\n", readController(TMC4361A_X_TARGET));
      |                                      ~^        ~~~~~~~~~~~~~~~~~~~~~~~~~~~~~~~~~
      |                                       |        |
      |                                       int      int32_t {aka long int}
      |                                      %ld
../Core/Src/main.c:237:39: warning: format '%d' expects argument of type 'int', but argument 3 has type 'int32_t' {aka 'long int'} [-Wformat=]
  237 |  buf_len = sprintf(buf, "\nPosition: %d \r\n", readController(TMC4361A_X_TARGET));
      |                                      ~^        ~~~~~~~~~~~~~~~~~~~~~~~~~~~~~~~~~
      |                                       |        |
      |                                       int      int32_t {aka long int}
      |                                      %ld
arm-none-eabi-g++ -o "NUCLEO-H745ZI-Q-CUBE-AI-TEMPLATE_CM4.elf" @"objects.list"   -mcpu=cortex-m4 -T"C:\Users\robin\OneDrive\Hochschule\Master\Masterarbeit\Programme\STM32-Workspace-Steppermotor-Project\NUCLEO-H745ZI-Q-CUBE-AI-TEMPLATE\CM4\STM32H745ZITX_FLASH.ld" --specs=nosys.specs -Wl,-Map="NUCLEO-H745ZI-Q-CUBE-AI-TEMPLATE_CM4.map" -Wl,--gc-sections -static --specs=nano.specs -mfpu=fpv4-sp-d16 -mfloat-abi=hard -mthumb -Wl,--start-group -lc -lm -lstdc++ -lsupc++ -Wl,--end-group
Finished building target: NUCLEO-H745ZI-Q-CUBE-AI-TEMPLATE_CM4.elf
 
arm-none-eabi-size   NUCLEO-H745ZI-Q-CUBE-AI-TEMPLATE_CM4.elf 
arm-none-eabi-objdump -h -S  NUCLEO-H745ZI-Q-CUBE-AI-TEMPLATE_CM4.elf  > "NUCLEO-H745ZI-Q-CUBE-AI-TEMPLATE_CM4.list"
arm-none-eabi-objcopy  -O binary  NUCLEO-H745ZI-Q-CUBE-AI-TEMPLATE_CM4.elf  "NUCLEO-H745ZI-Q-CUBE-AI-TEMPLATE_CM4.bin"
   text	   data	    bss	    dec	    hex	filename
  29676	    124	   2140	  31940	   7cc4	NUCLEO-H745ZI-Q-CUBE-AI-TEMPLATE_CM4.elf
Finished building: default.size.stdout
 
Finished building: NUCLEO-H745ZI-Q-CUBE-AI-TEMPLATE_CM4.bin
 
Finished building: NUCLEO-H745ZI-Q-CUBE-AI-TEMPLATE_CM4.list
 
10:35:43 **** Incremental Build of configuration Debug for project NUCLEO-H745ZI-Q-CUBE-AI-TEMPLATE_CM4 ****
make -j8 all 
arm-none-eabi-size   NUCLEO-H745ZI-Q-CUBE-AI-TEMPLATE_CM4.elf 
   text	   data	    bss	    dec	    hex	filename
  29676	    124	   2140	  31940	   7cc4	NUCLEO-H745ZI-Q-CUBE-AI-TEMPLATE_CM4.elf
Finished building: default.size.stdout
 
10:35:44 **** Incremental Build of configuration Release for project NUCLEO-H745ZI-Q-CUBE-AI-TEMPLATE_CM7 ****
make -j8 all 
arm-none-eabi-size   NUCLEO-H745ZI-Q-CUBE-AI-TEMPLATE_CM7.elf 
   text	   data	    bss	    dec	    hex	filename
  53892	   2612	   3224	  59728	   e950	NUCLEO-H745ZI-Q-CUBE-AI-TEMPLATE_CM7.elf
Finished building: default.size.stdout
 
10:36:34 **** Incremental Build of configuration Debug for project NUCLEO-H745ZI-Q-CUBE-AI-TEMPLATE_CM4 ****
make -j8 all 
arm-none-eabi-size   NUCLEO-H745ZI-Q-CUBE-AI-TEMPLATE_CM4.elf 
   text	   data	    bss	    dec	    hex	filename
  29676	    124	   2140	  31940	   7cc4	NUCLEO-H745ZI-Q-CUBE-AI-TEMPLATE_CM4.elf
Finished building: default.size.stdout
 
10:36:35 **** Incremental Build of configuration Debug for project NUCLEO-H745ZI-Q-CUBE-AI-TEMPLATE_CM7 ****
make -j8 all 
arm-none-eabi-size   NUCLEO-H745ZI-Q-CUBE-AI-TEMPLATE_CM7.elf 
   text	   data	    bss	    dec	    hex	filename
  53892	   2612	   3224	  59728	   e950	NUCLEO-H745ZI-Q-CUBE-AI-TEMPLATE_CM7.elf
Finished building: default.size.stdout
 
10:36:46 **** Incremental Build of configuration Debug for project NUCLEO-H745ZI-Q-CUBE-AI-TEMPLATE_CM4 ****
make -j8 all 
arm-none-eabi-size   NUCLEO-H745ZI-Q-CUBE-AI-TEMPLATE_CM4.elf 
   text	   data	    bss	    dec	    hex	filename
  29676	    124	   2140	  31940	   7cc4	NUCLEO-H745ZI-Q-CUBE-AI-TEMPLATE_CM4.elf
Finished building: default.size.stdout
 
10:46:45 **** Incremental Build of configuration Debug for project NUCLEO-H745ZI-Q-CUBE-AI-TEMPLATE_CM4 ****
make -j8 all 
arm-none-eabi-gcc "../Core/Src/main.c" -mcpu=cortex-m4 -std=gnu11 -g3 -DDEBUG -DCORE_CM4 -DUSE_HAL_DRIVER -DSTM32H745xx -c -I../Core/Inc -I../../Drivers/STM32H7xx_HAL_Driver/Inc -I../../Drivers/STM32H7xx_HAL_Driver/Inc/Legacy -I../../Drivers/CMSIS/Device/ST/STM32H7xx/Include -I../../Drivers/CMSIS/Include -I"C:/Users/robin/OneDrive/Hochschule/Master/Masterarbeit/Programme/STM32-Workspace-Steppermotor-Project/NUCLEO-H745ZI-Q-CUBE-AI-TEMPLATE/CM4/TMC-API/tmc/helpers" -I"C:/Users/robin/OneDrive/Hochschule/Master/Masterarbeit/Programme/STM32-Workspace-Steppermotor-Project/NUCLEO-H745ZI-Q-CUBE-AI-TEMPLATE/CM4/TMC-API/tmc/ramp" -I"C:/Users/robin/OneDrive/Hochschule/Master/Masterarbeit/Programme/STM32-Workspace-Steppermotor-Project/NUCLEO-H745ZI-Q-CUBE-AI-TEMPLATE/CM4/TMC-API" -I"C:/Users/robin/OneDrive/Hochschule/Master/Masterarbeit/Programme/STM32-Workspace-Steppermotor-Project/NUCLEO-H745ZI-Q-CUBE-AI-TEMPLATE/CM4/TMC-API/tmc/ic/TMC4361A" -I"C:/Users/robin/OneDrive/Hochschule/Master/Masterarbeit/Programme/STM32-Workspace-Steppermotor-Project/NUCLEO-H745ZI-Q-CUBE-AI-TEMPLATE/CM4/TMC-API/tmc/ic/TMC2130" -O0 -ffunction-sections -fdata-sections -Wall -fstack-usage -MMD -MP -MF"Core/Src/main.d" -MT"Core/Src/main.o" --specs=nano.specs -mfpu=fpv4-sp-d16 -mfloat-abi=hard -mthumb -o "Core/Src/main.o"
../Core/Src/main.c: In function 'main':
../Core/Src/main.c:230:39: warning: format '%d' expects argument of type 'int', but argument 3 has type 'int32_t' {aka 'long int'} [-Wformat=]
  230 |  buf_len = sprintf(buf, "\nPosition: %d \r\n", readController(TMC4361A_X_TARGET));
      |                                      ~^        ~~~~~~~~~~~~~~~~~~~~~~~~~~~~~~~~~
      |                                       |        |
      |                                       int      int32_t {aka long int}
      |                                      %ld
../Core/Src/main.c:237:39: warning: format '%d' expects argument of type 'int', but argument 3 has type 'int32_t' {aka 'long int'} [-Wformat=]
  237 |  buf_len = sprintf(buf, "\nPosition: %d \r\n", readController(TMC4361A_X_TARGET));
      |                                      ~^        ~~~~~~~~~~~~~~~~~~~~~~~~~~~~~~~~~
      |                                       |        |
      |                                       int      int32_t {aka long int}
      |                                      %ld
arm-none-eabi-g++ -o "NUCLEO-H745ZI-Q-CUBE-AI-TEMPLATE_CM4.elf" @"objects.list"   -mcpu=cortex-m4 -T"C:\Users\robin\OneDrive\Hochschule\Master\Masterarbeit\Programme\STM32-Workspace-Steppermotor-Project\NUCLEO-H745ZI-Q-CUBE-AI-TEMPLATE\CM4\STM32H745ZITX_FLASH.ld" --specs=nosys.specs -Wl,-Map="NUCLEO-H745ZI-Q-CUBE-AI-TEMPLATE_CM4.map" -Wl,--gc-sections -static --specs=nano.specs -mfpu=fpv4-sp-d16 -mfloat-abi=hard -mthumb -Wl,--start-group -lc -lm -lstdc++ -lsupc++ -Wl,--end-group
Finished building target: NUCLEO-H745ZI-Q-CUBE-AI-TEMPLATE_CM4.elf
 
arm-none-eabi-size   NUCLEO-H745ZI-Q-CUBE-AI-TEMPLATE_CM4.elf 
arm-none-eabi-objdump -h -S  NUCLEO-H745ZI-Q-CUBE-AI-TEMPLATE_CM4.elf  > "NUCLEO-H745ZI-Q-CUBE-AI-TEMPLATE_CM4.list"
arm-none-eabi-objcopy  -O binary  NUCLEO-H745ZI-Q-CUBE-AI-TEMPLATE_CM4.elf  "NUCLEO-H745ZI-Q-CUBE-AI-TEMPLATE_CM4.bin"
   text	   data	    bss	    dec	    hex	filename
  29692	    124	   2140	  31956	   7cd4	NUCLEO-H745ZI-Q-CUBE-AI-TEMPLATE_CM4.elf
Finished building: default.size.stdout
 
Finished building: NUCLEO-H745ZI-Q-CUBE-AI-TEMPLATE_CM4.bin
 
Finished building: NUCLEO-H745ZI-Q-CUBE-AI-TEMPLATE_CM4.list
 
10:46:48 **** Incremental Build of configuration Debug for project NUCLEO-H745ZI-Q-CUBE-AI-TEMPLATE_CM7 ****
make -j8 all 
arm-none-eabi-size   NUCLEO-H745ZI-Q-CUBE-AI-TEMPLATE_CM7.elf 
   text	   data	    bss	    dec	    hex	filename
  53892	   2612	   3224	  59728	   e950	NUCLEO-H745ZI-Q-CUBE-AI-TEMPLATE_CM7.elf
Finished building: default.size.stdout
 
10:46:57 **** Incremental Build of configuration Debug for project NUCLEO-H745ZI-Q-CUBE-AI-TEMPLATE_CM4 ****
make -j8 all 
arm-none-eabi-size   NUCLEO-H745ZI-Q-CUBE-AI-TEMPLATE_CM4.elf 
   text	   data	    bss	    dec	    hex	filename
  29692	    124	   2140	  31956	   7cd4	NUCLEO-H745ZI-Q-CUBE-AI-TEMPLATE_CM4.elf
Finished building: default.size.stdout
 
10:52:38 **** Incremental Build of configuration Debug for project NUCLEO-H745ZI-Q-CUBE-AI-TEMPLATE_CM4 ****
make -j8 all 
arm-none-eabi-gcc "../Core/Src/main.c" -mcpu=cortex-m4 -std=gnu11 -g3 -DDEBUG -DCORE_CM4 -DUSE_HAL_DRIVER -DSTM32H745xx -c -I../Core/Inc -I../../Drivers/STM32H7xx_HAL_Driver/Inc -I../../Drivers/STM32H7xx_HAL_Driver/Inc/Legacy -I../../Drivers/CMSIS/Device/ST/STM32H7xx/Include -I../../Drivers/CMSIS/Include -I"C:/Users/robin/OneDrive/Hochschule/Master/Masterarbeit/Programme/STM32-Workspace-Steppermotor-Project/NUCLEO-H745ZI-Q-CUBE-AI-TEMPLATE/CM4/TMC-API/tmc/helpers" -I"C:/Users/robin/OneDrive/Hochschule/Master/Masterarbeit/Programme/STM32-Workspace-Steppermotor-Project/NUCLEO-H745ZI-Q-CUBE-AI-TEMPLATE/CM4/TMC-API/tmc/ramp" -I"C:/Users/robin/OneDrive/Hochschule/Master/Masterarbeit/Programme/STM32-Workspace-Steppermotor-Project/NUCLEO-H745ZI-Q-CUBE-AI-TEMPLATE/CM4/TMC-API" -I"C:/Users/robin/OneDrive/Hochschule/Master/Masterarbeit/Programme/STM32-Workspace-Steppermotor-Project/NUCLEO-H745ZI-Q-CUBE-AI-TEMPLATE/CM4/TMC-API/tmc/ic/TMC4361A" -I"C:/Users/robin/OneDrive/Hochschule/Master/Masterarbeit/Programme/STM32-Workspace-Steppermotor-Project/NUCLEO-H745ZI-Q-CUBE-AI-TEMPLATE/CM4/TMC-API/tmc/ic/TMC2130" -O0 -ffunction-sections -fdata-sections -Wall -fstack-usage -MMD -MP -MF"Core/Src/main.d" -MT"Core/Src/main.o" --specs=nano.specs -mfpu=fpv4-sp-d16 -mfloat-abi=hard -mthumb -o "Core/Src/main.o"
../Core/Src/main.c: In function 'main':
../Core/Src/main.c:230:39: warning: format '%d' expects argument of type 'int', but argument 3 has type 'int32_t' {aka 'long int'} [-Wformat=]
  230 |  buf_len = sprintf(buf, "\nPosition: %d \r\n", readController(TMC4361A_X_TARGET));
      |                                      ~^        ~~~~~~~~~~~~~~~~~~~~~~~~~~~~~~~~~
      |                                       |        |
      |                                       int      int32_t {aka long int}
      |                                      %ld
../Core/Src/main.c:237:39: warning: format '%d' expects argument of type 'int', but argument 3 has type 'int32_t' {aka 'long int'} [-Wformat=]
  237 |  buf_len = sprintf(buf, "\nPosition: %d \r\n", readController(TMC4361A_X_TARGET));
      |                                      ~^        ~~~~~~~~~~~~~~~~~~~~~~~~~~~~~~~~~
      |                                       |        |
      |                                       int      int32_t {aka long int}
      |                                      %ld
arm-none-eabi-g++ -o "NUCLEO-H745ZI-Q-CUBE-AI-TEMPLATE_CM4.elf" @"objects.list"   -mcpu=cortex-m4 -T"C:\Users\robin\OneDrive\Hochschule\Master\Masterarbeit\Programme\STM32-Workspace-Steppermotor-Project\NUCLEO-H745ZI-Q-CUBE-AI-TEMPLATE\CM4\STM32H745ZITX_FLASH.ld" --specs=nosys.specs -Wl,-Map="NUCLEO-H745ZI-Q-CUBE-AI-TEMPLATE_CM4.map" -Wl,--gc-sections -static --specs=nano.specs -mfpu=fpv4-sp-d16 -mfloat-abi=hard -mthumb -Wl,--start-group -lc -lm -lstdc++ -lsupc++ -Wl,--end-group
Finished building target: NUCLEO-H745ZI-Q-CUBE-AI-TEMPLATE_CM4.elf
 
arm-none-eabi-size   NUCLEO-H745ZI-Q-CUBE-AI-TEMPLATE_CM4.elf 
arm-none-eabi-objdump -h -S  NUCLEO-H745ZI-Q-CUBE-AI-TEMPLATE_CM4.elf  > "NUCLEO-H745ZI-Q-CUBE-AI-TEMPLATE_CM4.list"
arm-none-eabi-objcopy  -O binary  NUCLEO-H745ZI-Q-CUBE-AI-TEMPLATE_CM4.elf  "NUCLEO-H745ZI-Q-CUBE-AI-TEMPLATE_CM4.bin"
   text	   data	    bss	    dec	    hex	filename
  29612	    124	   2140	  31876	   7c84	NUCLEO-H745ZI-Q-CUBE-AI-TEMPLATE_CM4.elf
Finished building: default.size.stdout
 
Finished building: NUCLEO-H745ZI-Q-CUBE-AI-TEMPLATE_CM4.bin
 
Finished building: NUCLEO-H745ZI-Q-CUBE-AI-TEMPLATE_CM4.list
 
10:52:40 **** Incremental Build of configuration Debug for project NUCLEO-H745ZI-Q-CUBE-AI-TEMPLATE_CM7 ****
make -j8 all 
arm-none-eabi-size   NUCLEO-H745ZI-Q-CUBE-AI-TEMPLATE_CM7.elf 
   text	   data	    bss	    dec	    hex	filename
  53892	   2612	   3224	  59728	   e950	NUCLEO-H745ZI-Q-CUBE-AI-TEMPLATE_CM7.elf
Finished building: default.size.stdout
 
10:52:49 **** Incremental Build of configuration Debug for project NUCLEO-H745ZI-Q-CUBE-AI-TEMPLATE_CM4 ****
make -j8 all 
arm-none-eabi-size   NUCLEO-H745ZI-Q-CUBE-AI-TEMPLATE_CM4.elf 
   text	   data	    bss	    dec	    hex	filename
  29612	    124	   2140	  31876	   7c84	NUCLEO-H745ZI-Q-CUBE-AI-TEMPLATE_CM4.elf
Finished building: default.size.stdout
 
10:53:18 **** Incremental Build of configuration Debug for project NUCLEO-H745ZI-Q-CUBE-AI-TEMPLATE_CM4 ****
make -j8 all 
arm-none-eabi-size   NUCLEO-H745ZI-Q-CUBE-AI-TEMPLATE_CM4.elf 
   text	   data	    bss	    dec	    hex	filename
  29612	    124	   2140	  31876	   7c84	NUCLEO-H745ZI-Q-CUBE-AI-TEMPLATE_CM4.elf
Finished building: default.size.stdout
 
10:53:20 **** Incremental Build of configuration Debug for project NUCLEO-H745ZI-Q-CUBE-AI-TEMPLATE_CM7 ****
make -j8 all 
arm-none-eabi-size   NUCLEO-H745ZI-Q-CUBE-AI-TEMPLATE_CM7.elf 
   text	   data	    bss	    dec	    hex	filename
  53892	   2612	   3224	  59728	   e950	NUCLEO-H745ZI-Q-CUBE-AI-TEMPLATE_CM7.elf
Finished building: default.size.stdout
 
10:53:29 **** Incremental Build of configuration Debug for project NUCLEO-H745ZI-Q-CUBE-AI-TEMPLATE_CM4 ****
make -j8 all 
arm-none-eabi-size   NUCLEO-H745ZI-Q-CUBE-AI-TEMPLATE_CM4.elf 
   text	   data	    bss	    dec	    hex	filename
  29612	    124	   2140	  31876	   7c84	NUCLEO-H745ZI-Q-CUBE-AI-TEMPLATE_CM4.elf
Finished building: default.size.stdout
 
10:59:12 **** Incremental Build of configuration Debug for project NUCLEO-H745ZI-Q-CUBE-AI-TEMPLATE_CM4 ****
make -j8 all 
arm-none-eabi-gcc "../Core/Src/main.c" -mcpu=cortex-m4 -std=gnu11 -g3 -DDEBUG -DCORE_CM4 -DUSE_HAL_DRIVER -DSTM32H745xx -c -I../Core/Inc -I../../Drivers/STM32H7xx_HAL_Driver/Inc -I../../Drivers/STM32H7xx_HAL_Driver/Inc/Legacy -I../../Drivers/CMSIS/Device/ST/STM32H7xx/Include -I../../Drivers/CMSIS/Include -I"C:/Users/robin/OneDrive/Hochschule/Master/Masterarbeit/Programme/STM32-Workspace-Steppermotor-Project/NUCLEO-H745ZI-Q-CUBE-AI-TEMPLATE/CM4/TMC-API/tmc/helpers" -I"C:/Users/robin/OneDrive/Hochschule/Master/Masterarbeit/Programme/STM32-Workspace-Steppermotor-Project/NUCLEO-H745ZI-Q-CUBE-AI-TEMPLATE/CM4/TMC-API/tmc/ramp" -I"C:/Users/robin/OneDrive/Hochschule/Master/Masterarbeit/Programme/STM32-Workspace-Steppermotor-Project/NUCLEO-H745ZI-Q-CUBE-AI-TEMPLATE/CM4/TMC-API" -I"C:/Users/robin/OneDrive/Hochschule/Master/Masterarbeit/Programme/STM32-Workspace-Steppermotor-Project/NUCLEO-H745ZI-Q-CUBE-AI-TEMPLATE/CM4/TMC-API/tmc/ic/TMC4361A" -I"C:/Users/robin/OneDrive/Hochschule/Master/Masterarbeit/Programme/STM32-Workspace-Steppermotor-Project/NUCLEO-H745ZI-Q-CUBE-AI-TEMPLATE/CM4/TMC-API/tmc/ic/TMC2130" -O0 -ffunction-sections -fdata-sections -Wall -fstack-usage -MMD -MP -MF"Core/Src/main.d" -MT"Core/Src/main.o" --specs=nano.specs -mfpu=fpv4-sp-d16 -mfloat-abi=hard -mthumb -o "Core/Src/main.o"
../Core/Src/main.c: In function 'main':
../Core/Src/main.c:230:39: warning: format '%d' expects argument of type 'int', but argument 3 has type 'int32_t' {aka 'long int'} [-Wformat=]
  230 |  buf_len = sprintf(buf, "\nPosition: %d \r\n", readController(TMC4361A_X_TARGET));
      |                                      ~^        ~~~~~~~~~~~~~~~~~~~~~~~~~~~~~~~~~
      |                                       |        |
      |                                       int      int32_t {aka long int}
      |                                      %ld
../Core/Src/main.c:237:39: warning: format '%d' expects argument of type 'int', but argument 3 has type 'int32_t' {aka 'long int'} [-Wformat=]
  237 |  buf_len = sprintf(buf, "\nPosition: %d \r\n", readController(TMC4361A_X_TARGET));
      |                                      ~^        ~~~~~~~~~~~~~~~~~~~~~~~~~~~~~~~~~
      |                                       |        |
      |                                       int      int32_t {aka long int}
      |                                      %ld
arm-none-eabi-g++ -o "NUCLEO-H745ZI-Q-CUBE-AI-TEMPLATE_CM4.elf" @"objects.list"   -mcpu=cortex-m4 -T"C:\Users\robin\OneDrive\Hochschule\Master\Masterarbeit\Programme\STM32-Workspace-Steppermotor-Project\NUCLEO-H745ZI-Q-CUBE-AI-TEMPLATE\CM4\STM32H745ZITX_FLASH.ld" --specs=nosys.specs -Wl,-Map="NUCLEO-H745ZI-Q-CUBE-AI-TEMPLATE_CM4.map" -Wl,--gc-sections -static --specs=nano.specs -mfpu=fpv4-sp-d16 -mfloat-abi=hard -mthumb -Wl,--start-group -lc -lm -lstdc++ -lsupc++ -Wl,--end-group
Finished building target: NUCLEO-H745ZI-Q-CUBE-AI-TEMPLATE_CM4.elf
 
arm-none-eabi-size   NUCLEO-H745ZI-Q-CUBE-AI-TEMPLATE_CM4.elf 
arm-none-eabi-objdump -h -S  NUCLEO-H745ZI-Q-CUBE-AI-TEMPLATE_CM4.elf  > "NUCLEO-H745ZI-Q-CUBE-AI-TEMPLATE_CM4.list"
arm-none-eabi-objcopy  -O binary  NUCLEO-H745ZI-Q-CUBE-AI-TEMPLATE_CM4.elf  "NUCLEO-H745ZI-Q-CUBE-AI-TEMPLATE_CM4.bin"
   text	   data	    bss	    dec	    hex	filename
  29612	    124	   2140	  31876	   7c84	NUCLEO-H745ZI-Q-CUBE-AI-TEMPLATE_CM4.elf
Finished building: default.size.stdout
 
Finished building: NUCLEO-H745ZI-Q-CUBE-AI-TEMPLATE_CM4.bin
 
Finished building: NUCLEO-H745ZI-Q-CUBE-AI-TEMPLATE_CM4.list
 
10:59:14 **** Incremental Build of configuration Debug for project NUCLEO-H745ZI-Q-CUBE-AI-TEMPLATE_CM7 ****
make -j8 all 
arm-none-eabi-size   NUCLEO-H745ZI-Q-CUBE-AI-TEMPLATE_CM7.elf 
   text	   data	    bss	    dec	    hex	filename
  53892	   2612	   3224	  59728	   e950	NUCLEO-H745ZI-Q-CUBE-AI-TEMPLATE_CM7.elf
Finished building: default.size.stdout
 
10:59:23 **** Incremental Build of configuration Debug for project NUCLEO-H745ZI-Q-CUBE-AI-TEMPLATE_CM4 ****
make -j8 all 
arm-none-eabi-size   NUCLEO-H745ZI-Q-CUBE-AI-TEMPLATE_CM4.elf 
   text	   data	    bss	    dec	    hex	filename
  29612	    124	   2140	  31876	   7c84	NUCLEO-H745ZI-Q-CUBE-AI-TEMPLATE_CM4.elf
Finished building: default.size.stdout
 
11:00:51 **** Incremental Build of configuration Debug for project NUCLEO-H745ZI-Q-CUBE-AI-TEMPLATE_CM4 ****
make -j8 all 
arm-none-eabi-gcc "../Core/Src/main.c" -mcpu=cortex-m4 -std=gnu11 -g3 -DDEBUG -DCORE_CM4 -DUSE_HAL_DRIVER -DSTM32H745xx -c -I../Core/Inc -I../../Drivers/STM32H7xx_HAL_Driver/Inc -I../../Drivers/STM32H7xx_HAL_Driver/Inc/Legacy -I../../Drivers/CMSIS/Device/ST/STM32H7xx/Include -I../../Drivers/CMSIS/Include -I"C:/Users/robin/OneDrive/Hochschule/Master/Masterarbeit/Programme/STM32-Workspace-Steppermotor-Project/NUCLEO-H745ZI-Q-CUBE-AI-TEMPLATE/CM4/TMC-API/tmc/helpers" -I"C:/Users/robin/OneDrive/Hochschule/Master/Masterarbeit/Programme/STM32-Workspace-Steppermotor-Project/NUCLEO-H745ZI-Q-CUBE-AI-TEMPLATE/CM4/TMC-API/tmc/ramp" -I"C:/Users/robin/OneDrive/Hochschule/Master/Masterarbeit/Programme/STM32-Workspace-Steppermotor-Project/NUCLEO-H745ZI-Q-CUBE-AI-TEMPLATE/CM4/TMC-API" -I"C:/Users/robin/OneDrive/Hochschule/Master/Masterarbeit/Programme/STM32-Workspace-Steppermotor-Project/NUCLEO-H745ZI-Q-CUBE-AI-TEMPLATE/CM4/TMC-API/tmc/ic/TMC4361A" -I"C:/Users/robin/OneDrive/Hochschule/Master/Masterarbeit/Programme/STM32-Workspace-Steppermotor-Project/NUCLEO-H745ZI-Q-CUBE-AI-TEMPLATE/CM4/TMC-API/tmc/ic/TMC2130" -O0 -ffunction-sections -fdata-sections -Wall -fstack-usage -MMD -MP -MF"Core/Src/main.d" -MT"Core/Src/main.o" --specs=nano.specs -mfpu=fpv4-sp-d16 -mfloat-abi=hard -mthumb -o "Core/Src/main.o"
../Core/Src/main.c: In function 'main':
../Core/Src/main.c:230:39: warning: format '%d' expects argument of type 'int', but argument 3 has type 'int32_t' {aka 'long int'} [-Wformat=]
  230 |  buf_len = sprintf(buf, "\nPosition: %d \r\n", readController(TMC4361A_X_TARGET));
      |                                      ~^        ~~~~~~~~~~~~~~~~~~~~~~~~~~~~~~~~~
      |                                       |        |
      |                                       int      int32_t {aka long int}
      |                                      %ld
../Core/Src/main.c:237:39: warning: format '%d' expects argument of type 'int', but argument 3 has type 'int32_t' {aka 'long int'} [-Wformat=]
  237 |  buf_len = sprintf(buf, "\nPosition: %d \r\n", readController(TMC4361A_X_TARGET));
      |                                      ~^        ~~~~~~~~~~~~~~~~~~~~~~~~~~~~~~~~~
      |                                       |        |
      |                                       int      int32_t {aka long int}
      |                                      %ld
arm-none-eabi-g++ -o "NUCLEO-H745ZI-Q-CUBE-AI-TEMPLATE_CM4.elf" @"objects.list"   -mcpu=cortex-m4 -T"C:\Users\robin\OneDrive\Hochschule\Master\Masterarbeit\Programme\STM32-Workspace-Steppermotor-Project\NUCLEO-H745ZI-Q-CUBE-AI-TEMPLATE\CM4\STM32H745ZITX_FLASH.ld" --specs=nosys.specs -Wl,-Map="NUCLEO-H745ZI-Q-CUBE-AI-TEMPLATE_CM4.map" -Wl,--gc-sections -static --specs=nano.specs -mfpu=fpv4-sp-d16 -mfloat-abi=hard -mthumb -Wl,--start-group -lc -lm -lstdc++ -lsupc++ -Wl,--end-group
Finished building target: NUCLEO-H745ZI-Q-CUBE-AI-TEMPLATE_CM4.elf
 
arm-none-eabi-size   NUCLEO-H745ZI-Q-CUBE-AI-TEMPLATE_CM4.elf 
arm-none-eabi-objdump -h -S  NUCLEO-H745ZI-Q-CUBE-AI-TEMPLATE_CM4.elf  > "NUCLEO-H745ZI-Q-CUBE-AI-TEMPLATE_CM4.list"
arm-none-eabi-objcopy  -O binary  NUCLEO-H745ZI-Q-CUBE-AI-TEMPLATE_CM4.elf  "NUCLEO-H745ZI-Q-CUBE-AI-TEMPLATE_CM4.bin"
   text	   data	    bss	    dec	    hex	filename
  29592	    124	   2140	  31856	   7c70	NUCLEO-H745ZI-Q-CUBE-AI-TEMPLATE_CM4.elf
Finished building: default.size.stdout
 
Finished building: NUCLEO-H745ZI-Q-CUBE-AI-TEMPLATE_CM4.bin
 
Finished building: NUCLEO-H745ZI-Q-CUBE-AI-TEMPLATE_CM4.list
 
11:00:54 **** Incremental Build of configuration Debug for project NUCLEO-H745ZI-Q-CUBE-AI-TEMPLATE_CM7 ****
make -j8 all 
arm-none-eabi-size   NUCLEO-H745ZI-Q-CUBE-AI-TEMPLATE_CM7.elf 
   text	   data	    bss	    dec	    hex	filename
  53892	   2612	   3224	  59728	   e950	NUCLEO-H745ZI-Q-CUBE-AI-TEMPLATE_CM7.elf
Finished building: default.size.stdout
 
11:01:03 **** Incremental Build of configuration Debug for project NUCLEO-H745ZI-Q-CUBE-AI-TEMPLATE_CM4 ****
make -j8 all 
arm-none-eabi-size   NUCLEO-H745ZI-Q-CUBE-AI-TEMPLATE_CM4.elf 
   text	   data	    bss	    dec	    hex	filename
  29592	    124	   2140	  31856	   7c70	NUCLEO-H745ZI-Q-CUBE-AI-TEMPLATE_CM4.elf
Finished building: default.size.stdout
 
11:05:06 **** Incremental Build of configuration Debug for project NUCLEO-H745ZI-Q-CUBE-AI-TEMPLATE_CM4 ****
make -j8 all 
arm-none-eabi-gcc "../Core/Src/main.c" -mcpu=cortex-m4 -std=gnu11 -g3 -DDEBUG -DCORE_CM4 -DUSE_HAL_DRIVER -DSTM32H745xx -c -I../Core/Inc -I../../Drivers/STM32H7xx_HAL_Driver/Inc -I../../Drivers/STM32H7xx_HAL_Driver/Inc/Legacy -I../../Drivers/CMSIS/Device/ST/STM32H7xx/Include -I../../Drivers/CMSIS/Include -I"C:/Users/robin/OneDrive/Hochschule/Master/Masterarbeit/Programme/STM32-Workspace-Steppermotor-Project/NUCLEO-H745ZI-Q-CUBE-AI-TEMPLATE/CM4/TMC-API/tmc/helpers" -I"C:/Users/robin/OneDrive/Hochschule/Master/Masterarbeit/Programme/STM32-Workspace-Steppermotor-Project/NUCLEO-H745ZI-Q-CUBE-AI-TEMPLATE/CM4/TMC-API/tmc/ramp" -I"C:/Users/robin/OneDrive/Hochschule/Master/Masterarbeit/Programme/STM32-Workspace-Steppermotor-Project/NUCLEO-H745ZI-Q-CUBE-AI-TEMPLATE/CM4/TMC-API" -I"C:/Users/robin/OneDrive/Hochschule/Master/Masterarbeit/Programme/STM32-Workspace-Steppermotor-Project/NUCLEO-H745ZI-Q-CUBE-AI-TEMPLATE/CM4/TMC-API/tmc/ic/TMC4361A" -I"C:/Users/robin/OneDrive/Hochschule/Master/Masterarbeit/Programme/STM32-Workspace-Steppermotor-Project/NUCLEO-H745ZI-Q-CUBE-AI-TEMPLATE/CM4/TMC-API/tmc/ic/TMC2130" -O0 -ffunction-sections -fdata-sections -Wall -fstack-usage -MMD -MP -MF"Core/Src/main.d" -MT"Core/Src/main.o" --specs=nano.specs -mfpu=fpv4-sp-d16 -mfloat-abi=hard -mthumb -o "Core/Src/main.o"
../Core/Src/main.c: In function 'main':
../Core/Src/main.c:230:39: warning: format '%d' expects argument of type 'int', but argument 3 has type 'int32_t' {aka 'long int'} [-Wformat=]
  230 |  buf_len = sprintf(buf, "\nPosition: %d \r\n", readController(TMC4361A_X_TARGET));
      |                                      ~^        ~~~~~~~~~~~~~~~~~~~~~~~~~~~~~~~~~
      |                                       |        |
      |                                       int      int32_t {aka long int}
      |                                      %ld
../Core/Src/main.c:237:39: warning: format '%d' expects argument of type 'int', but argument 3 has type 'int32_t' {aka 'long int'} [-Wformat=]
  237 |  buf_len = sprintf(buf, "\nPosition: %d \r\n", readController(TMC4361A_X_TARGET));
      |                                      ~^        ~~~~~~~~~~~~~~~~~~~~~~~~~~~~~~~~~
      |                                       |        |
      |                                       int      int32_t {aka long int}
      |                                      %ld
arm-none-eabi-g++ -o "NUCLEO-H745ZI-Q-CUBE-AI-TEMPLATE_CM4.elf" @"objects.list"   -mcpu=cortex-m4 -T"C:\Users\robin\OneDrive\Hochschule\Master\Masterarbeit\Programme\STM32-Workspace-Steppermotor-Project\NUCLEO-H745ZI-Q-CUBE-AI-TEMPLATE\CM4\STM32H745ZITX_FLASH.ld" --specs=nosys.specs -Wl,-Map="NUCLEO-H745ZI-Q-CUBE-AI-TEMPLATE_CM4.map" -Wl,--gc-sections -static --specs=nano.specs -mfpu=fpv4-sp-d16 -mfloat-abi=hard -mthumb -Wl,--start-group -lc -lm -lstdc++ -lsupc++ -Wl,--end-group
Finished building target: NUCLEO-H745ZI-Q-CUBE-AI-TEMPLATE_CM4.elf
 
arm-none-eabi-size   NUCLEO-H745ZI-Q-CUBE-AI-TEMPLATE_CM4.elf 
arm-none-eabi-objdump -h -S  NUCLEO-H745ZI-Q-CUBE-AI-TEMPLATE_CM4.elf  > "NUCLEO-H745ZI-Q-CUBE-AI-TEMPLATE_CM4.list"
arm-none-eabi-objcopy  -O binary  NUCLEO-H745ZI-Q-CUBE-AI-TEMPLATE_CM4.elf  "NUCLEO-H745ZI-Q-CUBE-AI-TEMPLATE_CM4.bin"
   text	   data	    bss	    dec	    hex	filename
  29612	    124	   2140	  31876	   7c84	NUCLEO-H745ZI-Q-CUBE-AI-TEMPLATE_CM4.elf
Finished building: default.size.stdout
 
Finished building: NUCLEO-H745ZI-Q-CUBE-AI-TEMPLATE_CM4.bin
 
Finished building: NUCLEO-H745ZI-Q-CUBE-AI-TEMPLATE_CM4.list
 
11:05:08 **** Incremental Build of configuration Debug for project NUCLEO-H745ZI-Q-CUBE-AI-TEMPLATE_CM7 ****
make -j8 all 
arm-none-eabi-size   NUCLEO-H745ZI-Q-CUBE-AI-TEMPLATE_CM7.elf 
   text	   data	    bss	    dec	    hex	filename
  53892	   2612	   3224	  59728	   e950	NUCLEO-H745ZI-Q-CUBE-AI-TEMPLATE_CM7.elf
Finished building: default.size.stdout
 
11:05:17 **** Incremental Build of configuration Debug for project NUCLEO-H745ZI-Q-CUBE-AI-TEMPLATE_CM4 ****
make -j8 all 
arm-none-eabi-size   NUCLEO-H745ZI-Q-CUBE-AI-TEMPLATE_CM4.elf 
   text	   data	    bss	    dec	    hex	filename
  29612	    124	   2140	  31876	   7c84	NUCLEO-H745ZI-Q-CUBE-AI-TEMPLATE_CM4.elf
Finished building: default.size.stdout
 
11:29:45 **** Incremental Build of configuration Debug for project NUCLEO-H745ZI-Q-CUBE-AI-TEMPLATE_CM4 ****
make -j8 all 
arm-none-eabi-gcc "C:/Users/robin/OneDrive/Hochschule/Master/Masterarbeit/Programme/STM32-Workspace-Steppermotor-Project/NUCLEO-H745ZI-Q-CUBE-AI-TEMPLATE/Drivers/STM32H7xx_HAL_Driver/Src/stm32h7xx_hal.c" -mcpu=cortex-m4 -std=gnu11 -g3 -DDEBUG -DCORE_CM4 -DUSE_HAL_DRIVER -DSTM32H745xx -c -I../Core/Inc -I../../Drivers/STM32H7xx_HAL_Driver/Inc -I../../Drivers/STM32H7xx_HAL_Driver/Inc/Legacy -I../../Drivers/CMSIS/Device/ST/STM32H7xx/Include -I../../Drivers/CMSIS/Include -I"C:/Users/robin/OneDrive/Hochschule/Master/Masterarbeit/Programme/STM32-Workspace-Steppermotor-Project/NUCLEO-H745ZI-Q-CUBE-AI-TEMPLATE/CM4/TMC-API/tmc/helpers" -I"C:/Users/robin/OneDrive/Hochschule/Master/Masterarbeit/Programme/STM32-Workspace-Steppermotor-Project/NUCLEO-H745ZI-Q-CUBE-AI-TEMPLATE/CM4/TMC-API/tmc/ramp" -I"C:/Users/robin/OneDrive/Hochschule/Master/Masterarbeit/Programme/STM32-Workspace-Steppermotor-Project/NUCLEO-H745ZI-Q-CUBE-AI-TEMPLATE/CM4/TMC-API" -I"C:/Users/robin/OneDrive/Hochschule/Master/Masterarbeit/Programme/STM32-Workspace-Steppermotor-Project/NUCLEO-H745ZI-Q-CUBE-AI-TEMPLATE/CM4/TMC-API/tmc/ic/TMC4361A" -I"C:/Users/robin/OneDrive/Hochschule/Master/Masterarbeit/Programme/STM32-Workspace-Steppermotor-Project/NUCLEO-H745ZI-Q-CUBE-AI-TEMPLATE/CM4/TMC-API/tmc/ic/TMC2130" -O0 -ffunction-sections -fdata-sections -Wall -fstack-usage -MMD -MP -MF"Drivers/STM32H7xx_HAL_Driver/stm32h7xx_hal.d" -MT"Drivers/STM32H7xx_HAL_Driver/stm32h7xx_hal.o" --specs=nano.specs -mfpu=fpv4-sp-d16 -mfloat-abi=hard -mthumb -o "Drivers/STM32H7xx_HAL_Driver/stm32h7xx_hal.o"
arm-none-eabi-gcc "C:/Users/robin/OneDrive/Hochschule/Master/Masterarbeit/Programme/STM32-Workspace-Steppermotor-Project/NUCLEO-H745ZI-Q-CUBE-AI-TEMPLATE/Drivers/STM32H7xx_HAL_Driver/Src/stm32h7xx_hal_cortex.c" -mcpu=cortex-m4 -std=gnu11 -g3 -DDEBUG -DCORE_CM4 -DUSE_HAL_DRIVER -DSTM32H745xx -c -I../Core/Inc -I../../Drivers/STM32H7xx_HAL_Driver/Inc -I../../Drivers/STM32H7xx_HAL_Driver/Inc/Legacy -I../../Drivers/CMSIS/Device/ST/STM32H7xx/Include -I../../Drivers/CMSIS/Include -I"C:/Users/robin/OneDrive/Hochschule/Master/Masterarbeit/Programme/STM32-Workspace-Steppermotor-Project/NUCLEO-H745ZI-Q-CUBE-AI-TEMPLATE/CM4/TMC-API/tmc/helpers" -I"C:/Users/robin/OneDrive/Hochschule/Master/Masterarbeit/Programme/STM32-Workspace-Steppermotor-Project/NUCLEO-H745ZI-Q-CUBE-AI-TEMPLATE/CM4/TMC-API/tmc/ramp" -I"C:/Users/robin/OneDrive/Hochschule/Master/Masterarbeit/Programme/STM32-Workspace-Steppermotor-Project/NUCLEO-H745ZI-Q-CUBE-AI-TEMPLATE/CM4/TMC-API" -I"C:/Users/robin/OneDrive/Hochschule/Master/Masterarbeit/Programme/STM32-Workspace-Steppermotor-Project/NUCLEO-H745ZI-Q-CUBE-AI-TEMPLATE/CM4/TMC-API/tmc/ic/TMC4361A" -I"C:/Users/robin/OneDrive/Hochschule/Master/Masterarbeit/Programme/STM32-Workspace-Steppermotor-Project/NUCLEO-H745ZI-Q-CUBE-AI-TEMPLATE/CM4/TMC-API/tmc/ic/TMC2130" -O0 -ffunction-sections -fdata-sections -Wall -fstack-usage -MMD -MP -MF"Drivers/STM32H7xx_HAL_Driver/stm32h7xx_hal_cortex.d" -MT"Drivers/STM32H7xx_HAL_Driver/stm32h7xx_hal_cortex.o" --specs=nano.specs -mfpu=fpv4-sp-d16 -mfloat-abi=hard -mthumb -o "Drivers/STM32H7xx_HAL_Driver/stm32h7xx_hal_cortex.o"
arm-none-eabi-gcc "C:/Users/robin/OneDrive/Hochschule/Master/Masterarbeit/Programme/STM32-Workspace-Steppermotor-Project/NUCLEO-H745ZI-Q-CUBE-AI-TEMPLATE/Drivers/STM32H7xx_HAL_Driver/Src/stm32h7xx_hal_dma.c" -mcpu=cortex-m4 -std=gnu11 -g3 -DDEBUG -DCORE_CM4 -DUSE_HAL_DRIVER -DSTM32H745xx -c -I../Core/Inc -I../../Drivers/STM32H7xx_HAL_Driver/Inc -I../../Drivers/STM32H7xx_HAL_Driver/Inc/Legacy -I../../Drivers/CMSIS/Device/ST/STM32H7xx/Include -I../../Drivers/CMSIS/Include -I"C:/Users/robin/OneDrive/Hochschule/Master/Masterarbeit/Programme/STM32-Workspace-Steppermotor-Project/NUCLEO-H745ZI-Q-CUBE-AI-TEMPLATE/CM4/TMC-API/tmc/helpers" -I"C:/Users/robin/OneDrive/Hochschule/Master/Masterarbeit/Programme/STM32-Workspace-Steppermotor-Project/NUCLEO-H745ZI-Q-CUBE-AI-TEMPLATE/CM4/TMC-API/tmc/ramp" -I"C:/Users/robin/OneDrive/Hochschule/Master/Masterarbeit/Programme/STM32-Workspace-Steppermotor-Project/NUCLEO-H745ZI-Q-CUBE-AI-TEMPLATE/CM4/TMC-API" -I"C:/Users/robin/OneDrive/Hochschule/Master/Masterarbeit/Programme/STM32-Workspace-Steppermotor-Project/NUCLEO-H745ZI-Q-CUBE-AI-TEMPLATE/CM4/TMC-API/tmc/ic/TMC4361A" -I"C:/Users/robin/OneDrive/Hochschule/Master/Masterarbeit/Programme/STM32-Workspace-Steppermotor-Project/NUCLEO-H745ZI-Q-CUBE-AI-TEMPLATE/CM4/TMC-API/tmc/ic/TMC2130" -O0 -ffunction-sections -fdata-sections -Wall -fstack-usage -MMD -MP -MF"Drivers/STM32H7xx_HAL_Driver/stm32h7xx_hal_dma.d" -MT"Drivers/STM32H7xx_HAL_Driver/stm32h7xx_hal_dma.o" --specs=nano.specs -mfpu=fpv4-sp-d16 -mfloat-abi=hard -mthumb -o "Drivers/STM32H7xx_HAL_Driver/stm32h7xx_hal_dma.o"
arm-none-eabi-gcc "C:/Users/robin/OneDrive/Hochschule/Master/Masterarbeit/Programme/STM32-Workspace-Steppermotor-Project/NUCLEO-H745ZI-Q-CUBE-AI-TEMPLATE/Drivers/STM32H7xx_HAL_Driver/Src/stm32h7xx_hal_dma_ex.c" -mcpu=cortex-m4 -std=gnu11 -g3 -DDEBUG -DCORE_CM4 -DUSE_HAL_DRIVER -DSTM32H745xx -c -I../Core/Inc -I../../Drivers/STM32H7xx_HAL_Driver/Inc -I../../Drivers/STM32H7xx_HAL_Driver/Inc/Legacy -I../../Drivers/CMSIS/Device/ST/STM32H7xx/Include -I../../Drivers/CMSIS/Include -I"C:/Users/robin/OneDrive/Hochschule/Master/Masterarbeit/Programme/STM32-Workspace-Steppermotor-Project/NUCLEO-H745ZI-Q-CUBE-AI-TEMPLATE/CM4/TMC-API/tmc/helpers" -I"C:/Users/robin/OneDrive/Hochschule/Master/Masterarbeit/Programme/STM32-Workspace-Steppermotor-Project/NUCLEO-H745ZI-Q-CUBE-AI-TEMPLATE/CM4/TMC-API/tmc/ramp" -I"C:/Users/robin/OneDrive/Hochschule/Master/Masterarbeit/Programme/STM32-Workspace-Steppermotor-Project/NUCLEO-H745ZI-Q-CUBE-AI-TEMPLATE/CM4/TMC-API" -I"C:/Users/robin/OneDrive/Hochschule/Master/Masterarbeit/Programme/STM32-Workspace-Steppermotor-Project/NUCLEO-H745ZI-Q-CUBE-AI-TEMPLATE/CM4/TMC-API/tmc/ic/TMC4361A" -I"C:/Users/robin/OneDrive/Hochschule/Master/Masterarbeit/Programme/STM32-Workspace-Steppermotor-Project/NUCLEO-H745ZI-Q-CUBE-AI-TEMPLATE/CM4/TMC-API/tmc/ic/TMC2130" -O0 -ffunction-sections -fdata-sections -Wall -fstack-usage -MMD -MP -MF"Drivers/STM32H7xx_HAL_Driver/stm32h7xx_hal_dma_ex.d" -MT"Drivers/STM32H7xx_HAL_Driver/stm32h7xx_hal_dma_ex.o" --specs=nano.specs -mfpu=fpv4-sp-d16 -mfloat-abi=hard -mthumb -o "Drivers/STM32H7xx_HAL_Driver/stm32h7xx_hal_dma_ex.o"
arm-none-eabi-gcc "C:/Users/robin/OneDrive/Hochschule/Master/Masterarbeit/Programme/STM32-Workspace-Steppermotor-Project/NUCLEO-H745ZI-Q-CUBE-AI-TEMPLATE/Drivers/STM32H7xx_HAL_Driver/Src/stm32h7xx_hal_eth.c" -mcpu=cortex-m4 -std=gnu11 -g3 -DDEBUG -DCORE_CM4 -DUSE_HAL_DRIVER -DSTM32H745xx -c -I../Core/Inc -I../../Drivers/STM32H7xx_HAL_Driver/Inc -I../../Drivers/STM32H7xx_HAL_Driver/Inc/Legacy -I../../Drivers/CMSIS/Device/ST/STM32H7xx/Include -I../../Drivers/CMSIS/Include -I"C:/Users/robin/OneDrive/Hochschule/Master/Masterarbeit/Programme/STM32-Workspace-Steppermotor-Project/NUCLEO-H745ZI-Q-CUBE-AI-TEMPLATE/CM4/TMC-API/tmc/helpers" -I"C:/Users/robin/OneDrive/Hochschule/Master/Masterarbeit/Programme/STM32-Workspace-Steppermotor-Project/NUCLEO-H745ZI-Q-CUBE-AI-TEMPLATE/CM4/TMC-API/tmc/ramp" -I"C:/Users/robin/OneDrive/Hochschule/Master/Masterarbeit/Programme/STM32-Workspace-Steppermotor-Project/NUCLEO-H745ZI-Q-CUBE-AI-TEMPLATE/CM4/TMC-API" -I"C:/Users/robin/OneDrive/Hochschule/Master/Masterarbeit/Programme/STM32-Workspace-Steppermotor-Project/NUCLEO-H745ZI-Q-CUBE-AI-TEMPLATE/CM4/TMC-API/tmc/ic/TMC4361A" -I"C:/Users/robin/OneDrive/Hochschule/Master/Masterarbeit/Programme/STM32-Workspace-Steppermotor-Project/NUCLEO-H745ZI-Q-CUBE-AI-TEMPLATE/CM4/TMC-API/tmc/ic/TMC2130" -O0 -ffunction-sections -fdata-sections -Wall -fstack-usage -MMD -MP -MF"Drivers/STM32H7xx_HAL_Driver/stm32h7xx_hal_eth.d" -MT"Drivers/STM32H7xx_HAL_Driver/stm32h7xx_hal_eth.o" --specs=nano.specs -mfpu=fpv4-sp-d16 -mfloat-abi=hard -mthumb -o "Drivers/STM32H7xx_HAL_Driver/stm32h7xx_hal_eth.o"
arm-none-eabi-gcc "C:/Users/robin/OneDrive/Hochschule/Master/Masterarbeit/Programme/STM32-Workspace-Steppermotor-Project/NUCLEO-H745ZI-Q-CUBE-AI-TEMPLATE/Drivers/STM32H7xx_HAL_Driver/Src/stm32h7xx_hal_eth_ex.c" -mcpu=cortex-m4 -std=gnu11 -g3 -DDEBUG -DCORE_CM4 -DUSE_HAL_DRIVER -DSTM32H745xx -c -I../Core/Inc -I../../Drivers/STM32H7xx_HAL_Driver/Inc -I../../Drivers/STM32H7xx_HAL_Driver/Inc/Legacy -I../../Drivers/CMSIS/Device/ST/STM32H7xx/Include -I../../Drivers/CMSIS/Include -I"C:/Users/robin/OneDrive/Hochschule/Master/Masterarbeit/Programme/STM32-Workspace-Steppermotor-Project/NUCLEO-H745ZI-Q-CUBE-AI-TEMPLATE/CM4/TMC-API/tmc/helpers" -I"C:/Users/robin/OneDrive/Hochschule/Master/Masterarbeit/Programme/STM32-Workspace-Steppermotor-Project/NUCLEO-H745ZI-Q-CUBE-AI-TEMPLATE/CM4/TMC-API/tmc/ramp" -I"C:/Users/robin/OneDrive/Hochschule/Master/Masterarbeit/Programme/STM32-Workspace-Steppermotor-Project/NUCLEO-H745ZI-Q-CUBE-AI-TEMPLATE/CM4/TMC-API" -I"C:/Users/robin/OneDrive/Hochschule/Master/Masterarbeit/Programme/STM32-Workspace-Steppermotor-Project/NUCLEO-H745ZI-Q-CUBE-AI-TEMPLATE/CM4/TMC-API/tmc/ic/TMC4361A" -I"C:/Users/robin/OneDrive/Hochschule/Master/Masterarbeit/Programme/STM32-Workspace-Steppermotor-Project/NUCLEO-H745ZI-Q-CUBE-AI-TEMPLATE/CM4/TMC-API/tmc/ic/TMC2130" -O0 -ffunction-sections -fdata-sections -Wall -fstack-usage -MMD -MP -MF"Drivers/STM32H7xx_HAL_Driver/stm32h7xx_hal_eth_ex.d" -MT"Drivers/STM32H7xx_HAL_Driver/stm32h7xx_hal_eth_ex.o" --specs=nano.specs -mfpu=fpv4-sp-d16 -mfloat-abi=hard -mthumb -o "Drivers/STM32H7xx_HAL_Driver/stm32h7xx_hal_eth_ex.o"
arm-none-eabi-gcc "C:/Users/robin/OneDrive/Hochschule/Master/Masterarbeit/Programme/STM32-Workspace-Steppermotor-Project/NUCLEO-H745ZI-Q-CUBE-AI-TEMPLATE/Drivers/STM32H7xx_HAL_Driver/Src/stm32h7xx_hal_exti.c" -mcpu=cortex-m4 -std=gnu11 -g3 -DDEBUG -DCORE_CM4 -DUSE_HAL_DRIVER -DSTM32H745xx -c -I../Core/Inc -I../../Drivers/STM32H7xx_HAL_Driver/Inc -I../../Drivers/STM32H7xx_HAL_Driver/Inc/Legacy -I../../Drivers/CMSIS/Device/ST/STM32H7xx/Include -I../../Drivers/CMSIS/Include -I"C:/Users/robin/OneDrive/Hochschule/Master/Masterarbeit/Programme/STM32-Workspace-Steppermotor-Project/NUCLEO-H745ZI-Q-CUBE-AI-TEMPLATE/CM4/TMC-API/tmc/helpers" -I"C:/Users/robin/OneDrive/Hochschule/Master/Masterarbeit/Programme/STM32-Workspace-Steppermotor-Project/NUCLEO-H745ZI-Q-CUBE-AI-TEMPLATE/CM4/TMC-API/tmc/ramp" -I"C:/Users/robin/OneDrive/Hochschule/Master/Masterarbeit/Programme/STM32-Workspace-Steppermotor-Project/NUCLEO-H745ZI-Q-CUBE-AI-TEMPLATE/CM4/TMC-API" -I"C:/Users/robin/OneDrive/Hochschule/Master/Masterarbeit/Programme/STM32-Workspace-Steppermotor-Project/NUCLEO-H745ZI-Q-CUBE-AI-TEMPLATE/CM4/TMC-API/tmc/ic/TMC4361A" -I"C:/Users/robin/OneDrive/Hochschule/Master/Masterarbeit/Programme/STM32-Workspace-Steppermotor-Project/NUCLEO-H745ZI-Q-CUBE-AI-TEMPLATE/CM4/TMC-API/tmc/ic/TMC2130" -O0 -ffunction-sections -fdata-sections -Wall -fstack-usage -MMD -MP -MF"Drivers/STM32H7xx_HAL_Driver/stm32h7xx_hal_exti.d" -MT"Drivers/STM32H7xx_HAL_Driver/stm32h7xx_hal_exti.o" --specs=nano.specs -mfpu=fpv4-sp-d16 -mfloat-abi=hard -mthumb -o "Drivers/STM32H7xx_HAL_Driver/stm32h7xx_hal_exti.o"
arm-none-eabi-gcc "C:/Users/robin/OneDrive/Hochschule/Master/Masterarbeit/Programme/STM32-Workspace-Steppermotor-Project/NUCLEO-H745ZI-Q-CUBE-AI-TEMPLATE/Drivers/STM32H7xx_HAL_Driver/Src/stm32h7xx_hal_flash.c" -mcpu=cortex-m4 -std=gnu11 -g3 -DDEBUG -DCORE_CM4 -DUSE_HAL_DRIVER -DSTM32H745xx -c -I../Core/Inc -I../../Drivers/STM32H7xx_HAL_Driver/Inc -I../../Drivers/STM32H7xx_HAL_Driver/Inc/Legacy -I../../Drivers/CMSIS/Device/ST/STM32H7xx/Include -I../../Drivers/CMSIS/Include -I"C:/Users/robin/OneDrive/Hochschule/Master/Masterarbeit/Programme/STM32-Workspace-Steppermotor-Project/NUCLEO-H745ZI-Q-CUBE-AI-TEMPLATE/CM4/TMC-API/tmc/helpers" -I"C:/Users/robin/OneDrive/Hochschule/Master/Masterarbeit/Programme/STM32-Workspace-Steppermotor-Project/NUCLEO-H745ZI-Q-CUBE-AI-TEMPLATE/CM4/TMC-API/tmc/ramp" -I"C:/Users/robin/OneDrive/Hochschule/Master/Masterarbeit/Programme/STM32-Workspace-Steppermotor-Project/NUCLEO-H745ZI-Q-CUBE-AI-TEMPLATE/CM4/TMC-API" -I"C:/Users/robin/OneDrive/Hochschule/Master/Masterarbeit/Programme/STM32-Workspace-Steppermotor-Project/NUCLEO-H745ZI-Q-CUBE-AI-TEMPLATE/CM4/TMC-API/tmc/ic/TMC4361A" -I"C:/Users/robin/OneDrive/Hochschule/Master/Masterarbeit/Programme/STM32-Workspace-Steppermotor-Project/NUCLEO-H745ZI-Q-CUBE-AI-TEMPLATE/CM4/TMC-API/tmc/ic/TMC2130" -O0 -ffunction-sections -fdata-sections -Wall -fstack-usage -MMD -MP -MF"Drivers/STM32H7xx_HAL_Driver/stm32h7xx_hal_flash.d" -MT"Drivers/STM32H7xx_HAL_Driver/stm32h7xx_hal_flash.o" --specs=nano.specs -mfpu=fpv4-sp-d16 -mfloat-abi=hard -mthumb -o "Drivers/STM32H7xx_HAL_Driver/stm32h7xx_hal_flash.o"
arm-none-eabi-gcc "C:/Users/robin/OneDrive/Hochschule/Master/Masterarbeit/Programme/STM32-Workspace-Steppermotor-Project/NUCLEO-H745ZI-Q-CUBE-AI-TEMPLATE/Drivers/STM32H7xx_HAL_Driver/Src/stm32h7xx_hal_flash_ex.c" -mcpu=cortex-m4 -std=gnu11 -g3 -DDEBUG -DCORE_CM4 -DUSE_HAL_DRIVER -DSTM32H745xx -c -I../Core/Inc -I../../Drivers/STM32H7xx_HAL_Driver/Inc -I../../Drivers/STM32H7xx_HAL_Driver/Inc/Legacy -I../../Drivers/CMSIS/Device/ST/STM32H7xx/Include -I../../Drivers/CMSIS/Include -I"C:/Users/robin/OneDrive/Hochschule/Master/Masterarbeit/Programme/STM32-Workspace-Steppermotor-Project/NUCLEO-H745ZI-Q-CUBE-AI-TEMPLATE/CM4/TMC-API/tmc/helpers" -I"C:/Users/robin/OneDrive/Hochschule/Master/Masterarbeit/Programme/STM32-Workspace-Steppermotor-Project/NUCLEO-H745ZI-Q-CUBE-AI-TEMPLATE/CM4/TMC-API/tmc/ramp" -I"C:/Users/robin/OneDrive/Hochschule/Master/Masterarbeit/Programme/STM32-Workspace-Steppermotor-Project/NUCLEO-H745ZI-Q-CUBE-AI-TEMPLATE/CM4/TMC-API" -I"C:/Users/robin/OneDrive/Hochschule/Master/Masterarbeit/Programme/STM32-Workspace-Steppermotor-Project/NUCLEO-H745ZI-Q-CUBE-AI-TEMPLATE/CM4/TMC-API/tmc/ic/TMC4361A" -I"C:/Users/robin/OneDrive/Hochschule/Master/Masterarbeit/Programme/STM32-Workspace-Steppermotor-Project/NUCLEO-H745ZI-Q-CUBE-AI-TEMPLATE/CM4/TMC-API/tmc/ic/TMC2130" -O0 -ffunction-sections -fdata-sections -Wall -fstack-usage -MMD -MP -MF"Drivers/STM32H7xx_HAL_Driver/stm32h7xx_hal_flash_ex.d" -MT"Drivers/STM32H7xx_HAL_Driver/stm32h7xx_hal_flash_ex.o" --specs=nano.specs -mfpu=fpv4-sp-d16 -mfloat-abi=hard -mthumb -o "Drivers/STM32H7xx_HAL_Driver/stm32h7xx_hal_flash_ex.o"
arm-none-eabi-gcc "C:/Users/robin/OneDrive/Hochschule/Master/Masterarbeit/Programme/STM32-Workspace-Steppermotor-Project/NUCLEO-H745ZI-Q-CUBE-AI-TEMPLATE/Drivers/STM32H7xx_HAL_Driver/Src/stm32h7xx_hal_gpio.c" -mcpu=cortex-m4 -std=gnu11 -g3 -DDEBUG -DCORE_CM4 -DUSE_HAL_DRIVER -DSTM32H745xx -c -I../Core/Inc -I../../Drivers/STM32H7xx_HAL_Driver/Inc -I../../Drivers/STM32H7xx_HAL_Driver/Inc/Legacy -I../../Drivers/CMSIS/Device/ST/STM32H7xx/Include -I../../Drivers/CMSIS/Include -I"C:/Users/robin/OneDrive/Hochschule/Master/Masterarbeit/Programme/STM32-Workspace-Steppermotor-Project/NUCLEO-H745ZI-Q-CUBE-AI-TEMPLATE/CM4/TMC-API/tmc/helpers" -I"C:/Users/robin/OneDrive/Hochschule/Master/Masterarbeit/Programme/STM32-Workspace-Steppermotor-Project/NUCLEO-H745ZI-Q-CUBE-AI-TEMPLATE/CM4/TMC-API/tmc/ramp" -I"C:/Users/robin/OneDrive/Hochschule/Master/Masterarbeit/Programme/STM32-Workspace-Steppermotor-Project/NUCLEO-H745ZI-Q-CUBE-AI-TEMPLATE/CM4/TMC-API" -I"C:/Users/robin/OneDrive/Hochschule/Master/Masterarbeit/Programme/STM32-Workspace-Steppermotor-Project/NUCLEO-H745ZI-Q-CUBE-AI-TEMPLATE/CM4/TMC-API/tmc/ic/TMC4361A" -I"C:/Users/robin/OneDrive/Hochschule/Master/Masterarbeit/Programme/STM32-Workspace-Steppermotor-Project/NUCLEO-H745ZI-Q-CUBE-AI-TEMPLATE/CM4/TMC-API/tmc/ic/TMC2130" -O0 -ffunction-sections -fdata-sections -Wall -fstack-usage -MMD -MP -MF"Drivers/STM32H7xx_HAL_Driver/stm32h7xx_hal_gpio.d" -MT"Drivers/STM32H7xx_HAL_Driver/stm32h7xx_hal_gpio.o" --specs=nano.specs -mfpu=fpv4-sp-d16 -mfloat-abi=hard -mthumb -o "Drivers/STM32H7xx_HAL_Driver/stm32h7xx_hal_gpio.o"
arm-none-eabi-gcc "C:/Users/robin/OneDrive/Hochschule/Master/Masterarbeit/Programme/STM32-Workspace-Steppermotor-Project/NUCLEO-H745ZI-Q-CUBE-AI-TEMPLATE/Drivers/STM32H7xx_HAL_Driver/Src/stm32h7xx_hal_hsem.c" -mcpu=cortex-m4 -std=gnu11 -g3 -DDEBUG -DCORE_CM4 -DUSE_HAL_DRIVER -DSTM32H745xx -c -I../Core/Inc -I../../Drivers/STM32H7xx_HAL_Driver/Inc -I../../Drivers/STM32H7xx_HAL_Driver/Inc/Legacy -I../../Drivers/CMSIS/Device/ST/STM32H7xx/Include -I../../Drivers/CMSIS/Include -I"C:/Users/robin/OneDrive/Hochschule/Master/Masterarbeit/Programme/STM32-Workspace-Steppermotor-Project/NUCLEO-H745ZI-Q-CUBE-AI-TEMPLATE/CM4/TMC-API/tmc/helpers" -I"C:/Users/robin/OneDrive/Hochschule/Master/Masterarbeit/Programme/STM32-Workspace-Steppermotor-Project/NUCLEO-H745ZI-Q-CUBE-AI-TEMPLATE/CM4/TMC-API/tmc/ramp" -I"C:/Users/robin/OneDrive/Hochschule/Master/Masterarbeit/Programme/STM32-Workspace-Steppermotor-Project/NUCLEO-H745ZI-Q-CUBE-AI-TEMPLATE/CM4/TMC-API" -I"C:/Users/robin/OneDrive/Hochschule/Master/Masterarbeit/Programme/STM32-Workspace-Steppermotor-Project/NUCLEO-H745ZI-Q-CUBE-AI-TEMPLATE/CM4/TMC-API/tmc/ic/TMC4361A" -I"C:/Users/robin/OneDrive/Hochschule/Master/Masterarbeit/Programme/STM32-Workspace-Steppermotor-Project/NUCLEO-H745ZI-Q-CUBE-AI-TEMPLATE/CM4/TMC-API/tmc/ic/TMC2130" -O0 -ffunction-sections -fdata-sections -Wall -fstack-usage -MMD -MP -MF"Drivers/STM32H7xx_HAL_Driver/stm32h7xx_hal_hsem.d" -MT"Drivers/STM32H7xx_HAL_Driver/stm32h7xx_hal_hsem.o" --specs=nano.specs -mfpu=fpv4-sp-d16 -mfloat-abi=hard -mthumb -o "Drivers/STM32H7xx_HAL_Driver/stm32h7xx_hal_hsem.o"
arm-none-eabi-gcc "C:/Users/robin/OneDrive/Hochschule/Master/Masterarbeit/Programme/STM32-Workspace-Steppermotor-Project/NUCLEO-H745ZI-Q-CUBE-AI-TEMPLATE/Drivers/STM32H7xx_HAL_Driver/Src/stm32h7xx_hal_i2c.c" -mcpu=cortex-m4 -std=gnu11 -g3 -DDEBUG -DCORE_CM4 -DUSE_HAL_DRIVER -DSTM32H745xx -c -I../Core/Inc -I../../Drivers/STM32H7xx_HAL_Driver/Inc -I../../Drivers/STM32H7xx_HAL_Driver/Inc/Legacy -I../../Drivers/CMSIS/Device/ST/STM32H7xx/Include -I../../Drivers/CMSIS/Include -I"C:/Users/robin/OneDrive/Hochschule/Master/Masterarbeit/Programme/STM32-Workspace-Steppermotor-Project/NUCLEO-H745ZI-Q-CUBE-AI-TEMPLATE/CM4/TMC-API/tmc/helpers" -I"C:/Users/robin/OneDrive/Hochschule/Master/Masterarbeit/Programme/STM32-Workspace-Steppermotor-Project/NUCLEO-H745ZI-Q-CUBE-AI-TEMPLATE/CM4/TMC-API/tmc/ramp" -I"C:/Users/robin/OneDrive/Hochschule/Master/Masterarbeit/Programme/STM32-Workspace-Steppermotor-Project/NUCLEO-H745ZI-Q-CUBE-AI-TEMPLATE/CM4/TMC-API" -I"C:/Users/robin/OneDrive/Hochschule/Master/Masterarbeit/Programme/STM32-Workspace-Steppermotor-Project/NUCLEO-H745ZI-Q-CUBE-AI-TEMPLATE/CM4/TMC-API/tmc/ic/TMC4361A" -I"C:/Users/robin/OneDrive/Hochschule/Master/Masterarbeit/Programme/STM32-Workspace-Steppermotor-Project/NUCLEO-H745ZI-Q-CUBE-AI-TEMPLATE/CM4/TMC-API/tmc/ic/TMC2130" -O0 -ffunction-sections -fdata-sections -Wall -fstack-usage -MMD -MP -MF"Drivers/STM32H7xx_HAL_Driver/stm32h7xx_hal_i2c.d" -MT"Drivers/STM32H7xx_HAL_Driver/stm32h7xx_hal_i2c.o" --specs=nano.specs -mfpu=fpv4-sp-d16 -mfloat-abi=hard -mthumb -o "Drivers/STM32H7xx_HAL_Driver/stm32h7xx_hal_i2c.o"
arm-none-eabi-gcc "C:/Users/robin/OneDrive/Hochschule/Master/Masterarbeit/Programme/STM32-Workspace-Steppermotor-Project/NUCLEO-H745ZI-Q-CUBE-AI-TEMPLATE/Drivers/STM32H7xx_HAL_Driver/Src/stm32h7xx_hal_i2c_ex.c" -mcpu=cortex-m4 -std=gnu11 -g3 -DDEBUG -DCORE_CM4 -DUSE_HAL_DRIVER -DSTM32H745xx -c -I../Core/Inc -I../../Drivers/STM32H7xx_HAL_Driver/Inc -I../../Drivers/STM32H7xx_HAL_Driver/Inc/Legacy -I../../Drivers/CMSIS/Device/ST/STM32H7xx/Include -I../../Drivers/CMSIS/Include -I"C:/Users/robin/OneDrive/Hochschule/Master/Masterarbeit/Programme/STM32-Workspace-Steppermotor-Project/NUCLEO-H745ZI-Q-CUBE-AI-TEMPLATE/CM4/TMC-API/tmc/helpers" -I"C:/Users/robin/OneDrive/Hochschule/Master/Masterarbeit/Programme/STM32-Workspace-Steppermotor-Project/NUCLEO-H745ZI-Q-CUBE-AI-TEMPLATE/CM4/TMC-API/tmc/ramp" -I"C:/Users/robin/OneDrive/Hochschule/Master/Masterarbeit/Programme/STM32-Workspace-Steppermotor-Project/NUCLEO-H745ZI-Q-CUBE-AI-TEMPLATE/CM4/TMC-API" -I"C:/Users/robin/OneDrive/Hochschule/Master/Masterarbeit/Programme/STM32-Workspace-Steppermotor-Project/NUCLEO-H745ZI-Q-CUBE-AI-TEMPLATE/CM4/TMC-API/tmc/ic/TMC4361A" -I"C:/Users/robin/OneDrive/Hochschule/Master/Masterarbeit/Programme/STM32-Workspace-Steppermotor-Project/NUCLEO-H745ZI-Q-CUBE-AI-TEMPLATE/CM4/TMC-API/tmc/ic/TMC2130" -O0 -ffunction-sections -fdata-sections -Wall -fstack-usage -MMD -MP -MF"Drivers/STM32H7xx_HAL_Driver/stm32h7xx_hal_i2c_ex.d" -MT"Drivers/STM32H7xx_HAL_Driver/stm32h7xx_hal_i2c_ex.o" --specs=nano.specs -mfpu=fpv4-sp-d16 -mfloat-abi=hard -mthumb -o "Drivers/STM32H7xx_HAL_Driver/stm32h7xx_hal_i2c_ex.o"
arm-none-eabi-gcc "C:/Users/robin/OneDrive/Hochschule/Master/Masterarbeit/Programme/STM32-Workspace-Steppermotor-Project/NUCLEO-H745ZI-Q-CUBE-AI-TEMPLATE/Drivers/STM32H7xx_HAL_Driver/Src/stm32h7xx_hal_mdma.c" -mcpu=cortex-m4 -std=gnu11 -g3 -DDEBUG -DCORE_CM4 -DUSE_HAL_DRIVER -DSTM32H745xx -c -I../Core/Inc -I../../Drivers/STM32H7xx_HAL_Driver/Inc -I../../Drivers/STM32H7xx_HAL_Driver/Inc/Legacy -I../../Drivers/CMSIS/Device/ST/STM32H7xx/Include -I../../Drivers/CMSIS/Include -I"C:/Users/robin/OneDrive/Hochschule/Master/Masterarbeit/Programme/STM32-Workspace-Steppermotor-Project/NUCLEO-H745ZI-Q-CUBE-AI-TEMPLATE/CM4/TMC-API/tmc/helpers" -I"C:/Users/robin/OneDrive/Hochschule/Master/Masterarbeit/Programme/STM32-Workspace-Steppermotor-Project/NUCLEO-H745ZI-Q-CUBE-AI-TEMPLATE/CM4/TMC-API/tmc/ramp" -I"C:/Users/robin/OneDrive/Hochschule/Master/Masterarbeit/Programme/STM32-Workspace-Steppermotor-Project/NUCLEO-H745ZI-Q-CUBE-AI-TEMPLATE/CM4/TMC-API" -I"C:/Users/robin/OneDrive/Hochschule/Master/Masterarbeit/Programme/STM32-Workspace-Steppermotor-Project/NUCLEO-H745ZI-Q-CUBE-AI-TEMPLATE/CM4/TMC-API/tmc/ic/TMC4361A" -I"C:/Users/robin/OneDrive/Hochschule/Master/Masterarbeit/Programme/STM32-Workspace-Steppermotor-Project/NUCLEO-H745ZI-Q-CUBE-AI-TEMPLATE/CM4/TMC-API/tmc/ic/TMC2130" -O0 -ffunction-sections -fdata-sections -Wall -fstack-usage -MMD -MP -MF"Drivers/STM32H7xx_HAL_Driver/stm32h7xx_hal_mdma.d" -MT"Drivers/STM32H7xx_HAL_Driver/stm32h7xx_hal_mdma.o" --specs=nano.specs -mfpu=fpv4-sp-d16 -mfloat-abi=hard -mthumb -o "Drivers/STM32H7xx_HAL_Driver/stm32h7xx_hal_mdma.o"
arm-none-eabi-gcc "C:/Users/robin/OneDrive/Hochschule/Master/Masterarbeit/Programme/STM32-Workspace-Steppermotor-Project/NUCLEO-H745ZI-Q-CUBE-AI-TEMPLATE/Drivers/STM32H7xx_HAL_Driver/Src/stm32h7xx_hal_pwr.c" -mcpu=cortex-m4 -std=gnu11 -g3 -DDEBUG -DCORE_CM4 -DUSE_HAL_DRIVER -DSTM32H745xx -c -I../Core/Inc -I../../Drivers/STM32H7xx_HAL_Driver/Inc -I../../Drivers/STM32H7xx_HAL_Driver/Inc/Legacy -I../../Drivers/CMSIS/Device/ST/STM32H7xx/Include -I../../Drivers/CMSIS/Include -I"C:/Users/robin/OneDrive/Hochschule/Master/Masterarbeit/Programme/STM32-Workspace-Steppermotor-Project/NUCLEO-H745ZI-Q-CUBE-AI-TEMPLATE/CM4/TMC-API/tmc/helpers" -I"C:/Users/robin/OneDrive/Hochschule/Master/Masterarbeit/Programme/STM32-Workspace-Steppermotor-Project/NUCLEO-H745ZI-Q-CUBE-AI-TEMPLATE/CM4/TMC-API/tmc/ramp" -I"C:/Users/robin/OneDrive/Hochschule/Master/Masterarbeit/Programme/STM32-Workspace-Steppermotor-Project/NUCLEO-H745ZI-Q-CUBE-AI-TEMPLATE/CM4/TMC-API" -I"C:/Users/robin/OneDrive/Hochschule/Master/Masterarbeit/Programme/STM32-Workspace-Steppermotor-Project/NUCLEO-H745ZI-Q-CUBE-AI-TEMPLATE/CM4/TMC-API/tmc/ic/TMC4361A" -I"C:/Users/robin/OneDrive/Hochschule/Master/Masterarbeit/Programme/STM32-Workspace-Steppermotor-Project/NUCLEO-H745ZI-Q-CUBE-AI-TEMPLATE/CM4/TMC-API/tmc/ic/TMC2130" -O0 -ffunction-sections -fdata-sections -Wall -fstack-usage -MMD -MP -MF"Drivers/STM32H7xx_HAL_Driver/stm32h7xx_hal_pwr.d" -MT"Drivers/STM32H7xx_HAL_Driver/stm32h7xx_hal_pwr.o" --specs=nano.specs -mfpu=fpv4-sp-d16 -mfloat-abi=hard -mthumb -o "Drivers/STM32H7xx_HAL_Driver/stm32h7xx_hal_pwr.o"
arm-none-eabi-gcc "C:/Users/robin/OneDrive/Hochschule/Master/Masterarbeit/Programme/STM32-Workspace-Steppermotor-Project/NUCLEO-H745ZI-Q-CUBE-AI-TEMPLATE/Drivers/STM32H7xx_HAL_Driver/Src/stm32h7xx_hal_pwr_ex.c" -mcpu=cortex-m4 -std=gnu11 -g3 -DDEBUG -DCORE_CM4 -DUSE_HAL_DRIVER -DSTM32H745xx -c -I../Core/Inc -I../../Drivers/STM32H7xx_HAL_Driver/Inc -I../../Drivers/STM32H7xx_HAL_Driver/Inc/Legacy -I../../Drivers/CMSIS/Device/ST/STM32H7xx/Include -I../../Drivers/CMSIS/Include -I"C:/Users/robin/OneDrive/Hochschule/Master/Masterarbeit/Programme/STM32-Workspace-Steppermotor-Project/NUCLEO-H745ZI-Q-CUBE-AI-TEMPLATE/CM4/TMC-API/tmc/helpers" -I"C:/Users/robin/OneDrive/Hochschule/Master/Masterarbeit/Programme/STM32-Workspace-Steppermotor-Project/NUCLEO-H745ZI-Q-CUBE-AI-TEMPLATE/CM4/TMC-API/tmc/ramp" -I"C:/Users/robin/OneDrive/Hochschule/Master/Masterarbeit/Programme/STM32-Workspace-Steppermotor-Project/NUCLEO-H745ZI-Q-CUBE-AI-TEMPLATE/CM4/TMC-API" -I"C:/Users/robin/OneDrive/Hochschule/Master/Masterarbeit/Programme/STM32-Workspace-Steppermotor-Project/NUCLEO-H745ZI-Q-CUBE-AI-TEMPLATE/CM4/TMC-API/tmc/ic/TMC4361A" -I"C:/Users/robin/OneDrive/Hochschule/Master/Masterarbeit/Programme/STM32-Workspace-Steppermotor-Project/NUCLEO-H745ZI-Q-CUBE-AI-TEMPLATE/CM4/TMC-API/tmc/ic/TMC2130" -O0 -ffunction-sections -fdata-sections -Wall -fstack-usage -MMD -MP -MF"Drivers/STM32H7xx_HAL_Driver/stm32h7xx_hal_pwr_ex.d" -MT"Drivers/STM32H7xx_HAL_Driver/stm32h7xx_hal_pwr_ex.o" --specs=nano.specs -mfpu=fpv4-sp-d16 -mfloat-abi=hard -mthumb -o "Drivers/STM32H7xx_HAL_Driver/stm32h7xx_hal_pwr_ex.o"
arm-none-eabi-gcc "C:/Users/robin/OneDrive/Hochschule/Master/Masterarbeit/Programme/STM32-Workspace-Steppermotor-Project/NUCLEO-H745ZI-Q-CUBE-AI-TEMPLATE/Drivers/STM32H7xx_HAL_Driver/Src/stm32h7xx_hal_rcc.c" -mcpu=cortex-m4 -std=gnu11 -g3 -DDEBUG -DCORE_CM4 -DUSE_HAL_DRIVER -DSTM32H745xx -c -I../Core/Inc -I../../Drivers/STM32H7xx_HAL_Driver/Inc -I../../Drivers/STM32H7xx_HAL_Driver/Inc/Legacy -I../../Drivers/CMSIS/Device/ST/STM32H7xx/Include -I../../Drivers/CMSIS/Include -I"C:/Users/robin/OneDrive/Hochschule/Master/Masterarbeit/Programme/STM32-Workspace-Steppermotor-Project/NUCLEO-H745ZI-Q-CUBE-AI-TEMPLATE/CM4/TMC-API/tmc/helpers" -I"C:/Users/robin/OneDrive/Hochschule/Master/Masterarbeit/Programme/STM32-Workspace-Steppermotor-Project/NUCLEO-H745ZI-Q-CUBE-AI-TEMPLATE/CM4/TMC-API/tmc/ramp" -I"C:/Users/robin/OneDrive/Hochschule/Master/Masterarbeit/Programme/STM32-Workspace-Steppermotor-Project/NUCLEO-H745ZI-Q-CUBE-AI-TEMPLATE/CM4/TMC-API" -I"C:/Users/robin/OneDrive/Hochschule/Master/Masterarbeit/Programme/STM32-Workspace-Steppermotor-Project/NUCLEO-H745ZI-Q-CUBE-AI-TEMPLATE/CM4/TMC-API/tmc/ic/TMC4361A" -I"C:/Users/robin/OneDrive/Hochschule/Master/Masterarbeit/Programme/STM32-Workspace-Steppermotor-Project/NUCLEO-H745ZI-Q-CUBE-AI-TEMPLATE/CM4/TMC-API/tmc/ic/TMC2130" -O0 -ffunction-sections -fdata-sections -Wall -fstack-usage -MMD -MP -MF"Drivers/STM32H7xx_HAL_Driver/stm32h7xx_hal_rcc.d" -MT"Drivers/STM32H7xx_HAL_Driver/stm32h7xx_hal_rcc.o" --specs=nano.specs -mfpu=fpv4-sp-d16 -mfloat-abi=hard -mthumb -o "Drivers/STM32H7xx_HAL_Driver/stm32h7xx_hal_rcc.o"
arm-none-eabi-gcc "C:/Users/robin/OneDrive/Hochschule/Master/Masterarbeit/Programme/STM32-Workspace-Steppermotor-Project/NUCLEO-H745ZI-Q-CUBE-AI-TEMPLATE/Drivers/STM32H7xx_HAL_Driver/Src/stm32h7xx_hal_rcc_ex.c" -mcpu=cortex-m4 -std=gnu11 -g3 -DDEBUG -DCORE_CM4 -DUSE_HAL_DRIVER -DSTM32H745xx -c -I../Core/Inc -I../../Drivers/STM32H7xx_HAL_Driver/Inc -I../../Drivers/STM32H7xx_HAL_Driver/Inc/Legacy -I../../Drivers/CMSIS/Device/ST/STM32H7xx/Include -I../../Drivers/CMSIS/Include -I"C:/Users/robin/OneDrive/Hochschule/Master/Masterarbeit/Programme/STM32-Workspace-Steppermotor-Project/NUCLEO-H745ZI-Q-CUBE-AI-TEMPLATE/CM4/TMC-API/tmc/helpers" -I"C:/Users/robin/OneDrive/Hochschule/Master/Masterarbeit/Programme/STM32-Workspace-Steppermotor-Project/NUCLEO-H745ZI-Q-CUBE-AI-TEMPLATE/CM4/TMC-API/tmc/ramp" -I"C:/Users/robin/OneDrive/Hochschule/Master/Masterarbeit/Programme/STM32-Workspace-Steppermotor-Project/NUCLEO-H745ZI-Q-CUBE-AI-TEMPLATE/CM4/TMC-API" -I"C:/Users/robin/OneDrive/Hochschule/Master/Masterarbeit/Programme/STM32-Workspace-Steppermotor-Project/NUCLEO-H745ZI-Q-CUBE-AI-TEMPLATE/CM4/TMC-API/tmc/ic/TMC4361A" -I"C:/Users/robin/OneDrive/Hochschule/Master/Masterarbeit/Programme/STM32-Workspace-Steppermotor-Project/NUCLEO-H745ZI-Q-CUBE-AI-TEMPLATE/CM4/TMC-API/tmc/ic/TMC2130" -O0 -ffunction-sections -fdata-sections -Wall -fstack-usage -MMD -MP -MF"Drivers/STM32H7xx_HAL_Driver/stm32h7xx_hal_rcc_ex.d" -MT"Drivers/STM32H7xx_HAL_Driver/stm32h7xx_hal_rcc_ex.o" --specs=nano.specs -mfpu=fpv4-sp-d16 -mfloat-abi=hard -mthumb -o "Drivers/STM32H7xx_HAL_Driver/stm32h7xx_hal_rcc_ex.o"
arm-none-eabi-gcc "C:/Users/robin/OneDrive/Hochschule/Master/Masterarbeit/Programme/STM32-Workspace-Steppermotor-Project/NUCLEO-H745ZI-Q-CUBE-AI-TEMPLATE/Drivers/STM32H7xx_HAL_Driver/Src/stm32h7xx_hal_spi.c" -mcpu=cortex-m4 -std=gnu11 -g3 -DDEBUG -DCORE_CM4 -DUSE_HAL_DRIVER -DSTM32H745xx -c -I../Core/Inc -I../../Drivers/STM32H7xx_HAL_Driver/Inc -I../../Drivers/STM32H7xx_HAL_Driver/Inc/Legacy -I../../Drivers/CMSIS/Device/ST/STM32H7xx/Include -I../../Drivers/CMSIS/Include -I"C:/Users/robin/OneDrive/Hochschule/Master/Masterarbeit/Programme/STM32-Workspace-Steppermotor-Project/NUCLEO-H745ZI-Q-CUBE-AI-TEMPLATE/CM4/TMC-API/tmc/helpers" -I"C:/Users/robin/OneDrive/Hochschule/Master/Masterarbeit/Programme/STM32-Workspace-Steppermotor-Project/NUCLEO-H745ZI-Q-CUBE-AI-TEMPLATE/CM4/TMC-API/tmc/ramp" -I"C:/Users/robin/OneDrive/Hochschule/Master/Masterarbeit/Programme/STM32-Workspace-Steppermotor-Project/NUCLEO-H745ZI-Q-CUBE-AI-TEMPLATE/CM4/TMC-API" -I"C:/Users/robin/OneDrive/Hochschule/Master/Masterarbeit/Programme/STM32-Workspace-Steppermotor-Project/NUCLEO-H745ZI-Q-CUBE-AI-TEMPLATE/CM4/TMC-API/tmc/ic/TMC4361A" -I"C:/Users/robin/OneDrive/Hochschule/Master/Masterarbeit/Programme/STM32-Workspace-Steppermotor-Project/NUCLEO-H745ZI-Q-CUBE-AI-TEMPLATE/CM4/TMC-API/tmc/ic/TMC2130" -O0 -ffunction-sections -fdata-sections -Wall -fstack-usage -MMD -MP -MF"Drivers/STM32H7xx_HAL_Driver/stm32h7xx_hal_spi.d" -MT"Drivers/STM32H7xx_HAL_Driver/stm32h7xx_hal_spi.o" --specs=nano.specs -mfpu=fpv4-sp-d16 -mfloat-abi=hard -mthumb -o "Drivers/STM32H7xx_HAL_Driver/stm32h7xx_hal_spi.o"
arm-none-eabi-gcc "C:/Users/robin/OneDrive/Hochschule/Master/Masterarbeit/Programme/STM32-Workspace-Steppermotor-Project/NUCLEO-H745ZI-Q-CUBE-AI-TEMPLATE/Drivers/STM32H7xx_HAL_Driver/Src/stm32h7xx_hal_spi_ex.c" -mcpu=cortex-m4 -std=gnu11 -g3 -DDEBUG -DCORE_CM4 -DUSE_HAL_DRIVER -DSTM32H745xx -c -I../Core/Inc -I../../Drivers/STM32H7xx_HAL_Driver/Inc -I../../Drivers/STM32H7xx_HAL_Driver/Inc/Legacy -I../../Drivers/CMSIS/Device/ST/STM32H7xx/Include -I../../Drivers/CMSIS/Include -I"C:/Users/robin/OneDrive/Hochschule/Master/Masterarbeit/Programme/STM32-Workspace-Steppermotor-Project/NUCLEO-H745ZI-Q-CUBE-AI-TEMPLATE/CM4/TMC-API/tmc/helpers" -I"C:/Users/robin/OneDrive/Hochschule/Master/Masterarbeit/Programme/STM32-Workspace-Steppermotor-Project/NUCLEO-H745ZI-Q-CUBE-AI-TEMPLATE/CM4/TMC-API/tmc/ramp" -I"C:/Users/robin/OneDrive/Hochschule/Master/Masterarbeit/Programme/STM32-Workspace-Steppermotor-Project/NUCLEO-H745ZI-Q-CUBE-AI-TEMPLATE/CM4/TMC-API" -I"C:/Users/robin/OneDrive/Hochschule/Master/Masterarbeit/Programme/STM32-Workspace-Steppermotor-Project/NUCLEO-H745ZI-Q-CUBE-AI-TEMPLATE/CM4/TMC-API/tmc/ic/TMC4361A" -I"C:/Users/robin/OneDrive/Hochschule/Master/Masterarbeit/Programme/STM32-Workspace-Steppermotor-Project/NUCLEO-H745ZI-Q-CUBE-AI-TEMPLATE/CM4/TMC-API/tmc/ic/TMC2130" -O0 -ffunction-sections -fdata-sections -Wall -fstack-usage -MMD -MP -MF"Drivers/STM32H7xx_HAL_Driver/stm32h7xx_hal_spi_ex.d" -MT"Drivers/STM32H7xx_HAL_Driver/stm32h7xx_hal_spi_ex.o" --specs=nano.specs -mfpu=fpv4-sp-d16 -mfloat-abi=hard -mthumb -o "Drivers/STM32H7xx_HAL_Driver/stm32h7xx_hal_spi_ex.o"
arm-none-eabi-gcc "C:/Users/robin/OneDrive/Hochschule/Master/Masterarbeit/Programme/STM32-Workspace-Steppermotor-Project/NUCLEO-H745ZI-Q-CUBE-AI-TEMPLATE/Drivers/STM32H7xx_HAL_Driver/Src/stm32h7xx_hal_tim.c" -mcpu=cortex-m4 -std=gnu11 -g3 -DDEBUG -DCORE_CM4 -DUSE_HAL_DRIVER -DSTM32H745xx -c -I../Core/Inc -I../../Drivers/STM32H7xx_HAL_Driver/Inc -I../../Drivers/STM32H7xx_HAL_Driver/Inc/Legacy -I../../Drivers/CMSIS/Device/ST/STM32H7xx/Include -I../../Drivers/CMSIS/Include -I"C:/Users/robin/OneDrive/Hochschule/Master/Masterarbeit/Programme/STM32-Workspace-Steppermotor-Project/NUCLEO-H745ZI-Q-CUBE-AI-TEMPLATE/CM4/TMC-API/tmc/helpers" -I"C:/Users/robin/OneDrive/Hochschule/Master/Masterarbeit/Programme/STM32-Workspace-Steppermotor-Project/NUCLEO-H745ZI-Q-CUBE-AI-TEMPLATE/CM4/TMC-API/tmc/ramp" -I"C:/Users/robin/OneDrive/Hochschule/Master/Masterarbeit/Programme/STM32-Workspace-Steppermotor-Project/NUCLEO-H745ZI-Q-CUBE-AI-TEMPLATE/CM4/TMC-API" -I"C:/Users/robin/OneDrive/Hochschule/Master/Masterarbeit/Programme/STM32-Workspace-Steppermotor-Project/NUCLEO-H745ZI-Q-CUBE-AI-TEMPLATE/CM4/TMC-API/tmc/ic/TMC4361A" -I"C:/Users/robin/OneDrive/Hochschule/Master/Masterarbeit/Programme/STM32-Workspace-Steppermotor-Project/NUCLEO-H745ZI-Q-CUBE-AI-TEMPLATE/CM4/TMC-API/tmc/ic/TMC2130" -O0 -ffunction-sections -fdata-sections -Wall -fstack-usage -MMD -MP -MF"Drivers/STM32H7xx_HAL_Driver/stm32h7xx_hal_tim.d" -MT"Drivers/STM32H7xx_HAL_Driver/stm32h7xx_hal_tim.o" --specs=nano.specs -mfpu=fpv4-sp-d16 -mfloat-abi=hard -mthumb -o "Drivers/STM32H7xx_HAL_Driver/stm32h7xx_hal_tim.o"
arm-none-eabi-gcc "C:/Users/robin/OneDrive/Hochschule/Master/Masterarbeit/Programme/STM32-Workspace-Steppermotor-Project/NUCLEO-H745ZI-Q-CUBE-AI-TEMPLATE/Drivers/STM32H7xx_HAL_Driver/Src/stm32h7xx_hal_tim_ex.c" -mcpu=cortex-m4 -std=gnu11 -g3 -DDEBUG -DCORE_CM4 -DUSE_HAL_DRIVER -DSTM32H745xx -c -I../Core/Inc -I../../Drivers/STM32H7xx_HAL_Driver/Inc -I../../Drivers/STM32H7xx_HAL_Driver/Inc/Legacy -I../../Drivers/CMSIS/Device/ST/STM32H7xx/Include -I../../Drivers/CMSIS/Include -I"C:/Users/robin/OneDrive/Hochschule/Master/Masterarbeit/Programme/STM32-Workspace-Steppermotor-Project/NUCLEO-H745ZI-Q-CUBE-AI-TEMPLATE/CM4/TMC-API/tmc/helpers" -I"C:/Users/robin/OneDrive/Hochschule/Master/Masterarbeit/Programme/STM32-Workspace-Steppermotor-Project/NUCLEO-H745ZI-Q-CUBE-AI-TEMPLATE/CM4/TMC-API/tmc/ramp" -I"C:/Users/robin/OneDrive/Hochschule/Master/Masterarbeit/Programme/STM32-Workspace-Steppermotor-Project/NUCLEO-H745ZI-Q-CUBE-AI-TEMPLATE/CM4/TMC-API" -I"C:/Users/robin/OneDrive/Hochschule/Master/Masterarbeit/Programme/STM32-Workspace-Steppermotor-Project/NUCLEO-H745ZI-Q-CUBE-AI-TEMPLATE/CM4/TMC-API/tmc/ic/TMC4361A" -I"C:/Users/robin/OneDrive/Hochschule/Master/Masterarbeit/Programme/STM32-Workspace-Steppermotor-Project/NUCLEO-H745ZI-Q-CUBE-AI-TEMPLATE/CM4/TMC-API/tmc/ic/TMC2130" -O0 -ffunction-sections -fdata-sections -Wall -fstack-usage -MMD -MP -MF"Drivers/STM32H7xx_HAL_Driver/stm32h7xx_hal_tim_ex.d" -MT"Drivers/STM32H7xx_HAL_Driver/stm32h7xx_hal_tim_ex.o" --specs=nano.specs -mfpu=fpv4-sp-d16 -mfloat-abi=hard -mthumb -o "Drivers/STM32H7xx_HAL_Driver/stm32h7xx_hal_tim_ex.o"
arm-none-eabi-gcc "C:/Users/robin/OneDrive/Hochschule/Master/Masterarbeit/Programme/STM32-Workspace-Steppermotor-Project/NUCLEO-H745ZI-Q-CUBE-AI-TEMPLATE/Drivers/STM32H7xx_HAL_Driver/Src/stm32h7xx_hal_uart.c" -mcpu=cortex-m4 -std=gnu11 -g3 -DDEBUG -DCORE_CM4 -DUSE_HAL_DRIVER -DSTM32H745xx -c -I../Core/Inc -I../../Drivers/STM32H7xx_HAL_Driver/Inc -I../../Drivers/STM32H7xx_HAL_Driver/Inc/Legacy -I../../Drivers/CMSIS/Device/ST/STM32H7xx/Include -I../../Drivers/CMSIS/Include -I"C:/Users/robin/OneDrive/Hochschule/Master/Masterarbeit/Programme/STM32-Workspace-Steppermotor-Project/NUCLEO-H745ZI-Q-CUBE-AI-TEMPLATE/CM4/TMC-API/tmc/helpers" -I"C:/Users/robin/OneDrive/Hochschule/Master/Masterarbeit/Programme/STM32-Workspace-Steppermotor-Project/NUCLEO-H745ZI-Q-CUBE-AI-TEMPLATE/CM4/TMC-API/tmc/ramp" -I"C:/Users/robin/OneDrive/Hochschule/Master/Masterarbeit/Programme/STM32-Workspace-Steppermotor-Project/NUCLEO-H745ZI-Q-CUBE-AI-TEMPLATE/CM4/TMC-API" -I"C:/Users/robin/OneDrive/Hochschule/Master/Masterarbeit/Programme/STM32-Workspace-Steppermotor-Project/NUCLEO-H745ZI-Q-CUBE-AI-TEMPLATE/CM4/TMC-API/tmc/ic/TMC4361A" -I"C:/Users/robin/OneDrive/Hochschule/Master/Masterarbeit/Programme/STM32-Workspace-Steppermotor-Project/NUCLEO-H745ZI-Q-CUBE-AI-TEMPLATE/CM4/TMC-API/tmc/ic/TMC2130" -O0 -ffunction-sections -fdata-sections -Wall -fstack-usage -MMD -MP -MF"Drivers/STM32H7xx_HAL_Driver/stm32h7xx_hal_uart.d" -MT"Drivers/STM32H7xx_HAL_Driver/stm32h7xx_hal_uart.o" --specs=nano.specs -mfpu=fpv4-sp-d16 -mfloat-abi=hard -mthumb -o "Drivers/STM32H7xx_HAL_Driver/stm32h7xx_hal_uart.o"
arm-none-eabi-gcc "C:/Users/robin/OneDrive/Hochschule/Master/Masterarbeit/Programme/STM32-Workspace-Steppermotor-Project/NUCLEO-H745ZI-Q-CUBE-AI-TEMPLATE/Drivers/STM32H7xx_HAL_Driver/Src/stm32h7xx_hal_uart_ex.c" -mcpu=cortex-m4 -std=gnu11 -g3 -DDEBUG -DCORE_CM4 -DUSE_HAL_DRIVER -DSTM32H745xx -c -I../Core/Inc -I../../Drivers/STM32H7xx_HAL_Driver/Inc -I../../Drivers/STM32H7xx_HAL_Driver/Inc/Legacy -I../../Drivers/CMSIS/Device/ST/STM32H7xx/Include -I../../Drivers/CMSIS/Include -I"C:/Users/robin/OneDrive/Hochschule/Master/Masterarbeit/Programme/STM32-Workspace-Steppermotor-Project/NUCLEO-H745ZI-Q-CUBE-AI-TEMPLATE/CM4/TMC-API/tmc/helpers" -I"C:/Users/robin/OneDrive/Hochschule/Master/Masterarbeit/Programme/STM32-Workspace-Steppermotor-Project/NUCLEO-H745ZI-Q-CUBE-AI-TEMPLATE/CM4/TMC-API/tmc/ramp" -I"C:/Users/robin/OneDrive/Hochschule/Master/Masterarbeit/Programme/STM32-Workspace-Steppermotor-Project/NUCLEO-H745ZI-Q-CUBE-AI-TEMPLATE/CM4/TMC-API" -I"C:/Users/robin/OneDrive/Hochschule/Master/Masterarbeit/Programme/STM32-Workspace-Steppermotor-Project/NUCLEO-H745ZI-Q-CUBE-AI-TEMPLATE/CM4/TMC-API/tmc/ic/TMC4361A" -I"C:/Users/robin/OneDrive/Hochschule/Master/Masterarbeit/Programme/STM32-Workspace-Steppermotor-Project/NUCLEO-H745ZI-Q-CUBE-AI-TEMPLATE/CM4/TMC-API/tmc/ic/TMC2130" -O0 -ffunction-sections -fdata-sections -Wall -fstack-usage -MMD -MP -MF"Drivers/STM32H7xx_HAL_Driver/stm32h7xx_hal_uart_ex.d" -MT"Drivers/STM32H7xx_HAL_Driver/stm32h7xx_hal_uart_ex.o" --specs=nano.specs -mfpu=fpv4-sp-d16 -mfloat-abi=hard -mthumb -o "Drivers/STM32H7xx_HAL_Driver/stm32h7xx_hal_uart_ex.o"
arm-none-eabi-gcc "../Core/Src/main.c" -mcpu=cortex-m4 -std=gnu11 -g3 -DDEBUG -DCORE_CM4 -DUSE_HAL_DRIVER -DSTM32H745xx -c -I../Core/Inc -I../../Drivers/STM32H7xx_HAL_Driver/Inc -I../../Drivers/STM32H7xx_HAL_Driver/Inc/Legacy -I../../Drivers/CMSIS/Device/ST/STM32H7xx/Include -I../../Drivers/CMSIS/Include -I"C:/Users/robin/OneDrive/Hochschule/Master/Masterarbeit/Programme/STM32-Workspace-Steppermotor-Project/NUCLEO-H745ZI-Q-CUBE-AI-TEMPLATE/CM4/TMC-API/tmc/helpers" -I"C:/Users/robin/OneDrive/Hochschule/Master/Masterarbeit/Programme/STM32-Workspace-Steppermotor-Project/NUCLEO-H745ZI-Q-CUBE-AI-TEMPLATE/CM4/TMC-API/tmc/ramp" -I"C:/Users/robin/OneDrive/Hochschule/Master/Masterarbeit/Programme/STM32-Workspace-Steppermotor-Project/NUCLEO-H745ZI-Q-CUBE-AI-TEMPLATE/CM4/TMC-API" -I"C:/Users/robin/OneDrive/Hochschule/Master/Masterarbeit/Programme/STM32-Workspace-Steppermotor-Project/NUCLEO-H745ZI-Q-CUBE-AI-TEMPLATE/CM4/TMC-API/tmc/ic/TMC4361A" -I"C:/Users/robin/OneDrive/Hochschule/Master/Masterarbeit/Programme/STM32-Workspace-Steppermotor-Project/NUCLEO-H745ZI-Q-CUBE-AI-TEMPLATE/CM4/TMC-API/tmc/ic/TMC2130" -O0 -ffunction-sections -fdata-sections -Wall -fstack-usage -MMD -MP -MF"Core/Src/main.d" -MT"Core/Src/main.o" --specs=nano.specs -mfpu=fpv4-sp-d16 -mfloat-abi=hard -mthumb -o "Core/Src/main.o"
arm-none-eabi-gcc "../Core/Src/stm32h7xx_hal_msp.c" -mcpu=cortex-m4 -std=gnu11 -g3 -DDEBUG -DCORE_CM4 -DUSE_HAL_DRIVER -DSTM32H745xx -c -I../Core/Inc -I../../Drivers/STM32H7xx_HAL_Driver/Inc -I../../Drivers/STM32H7xx_HAL_Driver/Inc/Legacy -I../../Drivers/CMSIS/Device/ST/STM32H7xx/Include -I../../Drivers/CMSIS/Include -I"C:/Users/robin/OneDrive/Hochschule/Master/Masterarbeit/Programme/STM32-Workspace-Steppermotor-Project/NUCLEO-H745ZI-Q-CUBE-AI-TEMPLATE/CM4/TMC-API/tmc/helpers" -I"C:/Users/robin/OneDrive/Hochschule/Master/Masterarbeit/Programme/STM32-Workspace-Steppermotor-Project/NUCLEO-H745ZI-Q-CUBE-AI-TEMPLATE/CM4/TMC-API/tmc/ramp" -I"C:/Users/robin/OneDrive/Hochschule/Master/Masterarbeit/Programme/STM32-Workspace-Steppermotor-Project/NUCLEO-H745ZI-Q-CUBE-AI-TEMPLATE/CM4/TMC-API" -I"C:/Users/robin/OneDrive/Hochschule/Master/Masterarbeit/Programme/STM32-Workspace-Steppermotor-Project/NUCLEO-H745ZI-Q-CUBE-AI-TEMPLATE/CM4/TMC-API/tmc/ic/TMC4361A" -I"C:/Users/robin/OneDrive/Hochschule/Master/Masterarbeit/Programme/STM32-Workspace-Steppermotor-Project/NUCLEO-H745ZI-Q-CUBE-AI-TEMPLATE/CM4/TMC-API/tmc/ic/TMC2130" -O0 -ffunction-sections -fdata-sections -Wall -fstack-usage -MMD -MP -MF"Core/Src/stm32h7xx_hal_msp.d" -MT"Core/Src/stm32h7xx_hal_msp.o" --specs=nano.specs -mfpu=fpv4-sp-d16 -mfloat-abi=hard -mthumb -o "Core/Src/stm32h7xx_hal_msp.o"
arm-none-eabi-gcc "../Core/Src/stm32h7xx_it.c" -mcpu=cortex-m4 -std=gnu11 -g3 -DDEBUG -DCORE_CM4 -DUSE_HAL_DRIVER -DSTM32H745xx -c -I../Core/Inc -I../../Drivers/STM32H7xx_HAL_Driver/Inc -I../../Drivers/STM32H7xx_HAL_Driver/Inc/Legacy -I../../Drivers/CMSIS/Device/ST/STM32H7xx/Include -I../../Drivers/CMSIS/Include -I"C:/Users/robin/OneDrive/Hochschule/Master/Masterarbeit/Programme/STM32-Workspace-Steppermotor-Project/NUCLEO-H745ZI-Q-CUBE-AI-TEMPLATE/CM4/TMC-API/tmc/helpers" -I"C:/Users/robin/OneDrive/Hochschule/Master/Masterarbeit/Programme/STM32-Workspace-Steppermotor-Project/NUCLEO-H745ZI-Q-CUBE-AI-TEMPLATE/CM4/TMC-API/tmc/ramp" -I"C:/Users/robin/OneDrive/Hochschule/Master/Masterarbeit/Programme/STM32-Workspace-Steppermotor-Project/NUCLEO-H745ZI-Q-CUBE-AI-TEMPLATE/CM4/TMC-API" -I"C:/Users/robin/OneDrive/Hochschule/Master/Masterarbeit/Programme/STM32-Workspace-Steppermotor-Project/NUCLEO-H745ZI-Q-CUBE-AI-TEMPLATE/CM4/TMC-API/tmc/ic/TMC4361A" -I"C:/Users/robin/OneDrive/Hochschule/Master/Masterarbeit/Programme/STM32-Workspace-Steppermotor-Project/NUCLEO-H745ZI-Q-CUBE-AI-TEMPLATE/CM4/TMC-API/tmc/ic/TMC2130" -O0 -ffunction-sections -fdata-sections -Wall -fstack-usage -MMD -MP -MF"Core/Src/stm32h7xx_it.d" -MT"Core/Src/stm32h7xx_it.o" --specs=nano.specs -mfpu=fpv4-sp-d16 -mfloat-abi=hard -mthumb -o "Core/Src/stm32h7xx_it.o"
arm-none-eabi-gcc "C:/Users/robin/OneDrive/Hochschule/Master/Masterarbeit/Programme/STM32-Workspace-Steppermotor-Project/NUCLEO-H745ZI-Q-CUBE-AI-TEMPLATE/Common/Src/system_stm32h7xx_dualcore_boot_cm4_cm7.c" -mcpu=cortex-m4 -std=gnu11 -g3 -DDEBUG -DCORE_CM4 -DUSE_HAL_DRIVER -DSTM32H745xx -c -I../Core/Inc -I../../Drivers/STM32H7xx_HAL_Driver/Inc -I../../Drivers/STM32H7xx_HAL_Driver/Inc/Legacy -I../../Drivers/CMSIS/Device/ST/STM32H7xx/Include -I../../Drivers/CMSIS/Include -I"C:/Users/robin/OneDrive/Hochschule/Master/Masterarbeit/Programme/STM32-Workspace-Steppermotor-Project/NUCLEO-H745ZI-Q-CUBE-AI-TEMPLATE/CM4/TMC-API/tmc/helpers" -I"C:/Users/robin/OneDrive/Hochschule/Master/Masterarbeit/Programme/STM32-Workspace-Steppermotor-Project/NUCLEO-H745ZI-Q-CUBE-AI-TEMPLATE/CM4/TMC-API/tmc/ramp" -I"C:/Users/robin/OneDrive/Hochschule/Master/Masterarbeit/Programme/STM32-Workspace-Steppermotor-Project/NUCLEO-H745ZI-Q-CUBE-AI-TEMPLATE/CM4/TMC-API" -I"C:/Users/robin/OneDrive/Hochschule/Master/Masterarbeit/Programme/STM32-Workspace-Steppermotor-Project/NUCLEO-H745ZI-Q-CUBE-AI-TEMPLATE/CM4/TMC-API/tmc/ic/TMC4361A" -I"C:/Users/robin/OneDrive/Hochschule/Master/Masterarbeit/Programme/STM32-Workspace-Steppermotor-Project/NUCLEO-H745ZI-Q-CUBE-AI-TEMPLATE/CM4/TMC-API/tmc/ic/TMC2130" -O0 -ffunction-sections -fdata-sections -Wall -fstack-usage -MMD -MP -MF"Common/Src/system_stm32h7xx_dualcore_boot_cm4_cm7.d" -MT"Common/Src/system_stm32h7xx_dualcore_boot_cm4_cm7.o" --specs=nano.specs -mfpu=fpv4-sp-d16 -mfloat-abi=hard -mthumb -o "Common/Src/system_stm32h7xx_dualcore_boot_cm4_cm7.o"
../Core/Src/main.c: In function 'main':
../Core/Src/main.c:230:39: warning: format '%d' expects argument of type 'int', but argument 3 has type 'int32_t' {aka 'long int'} [-Wformat=]
  230 |  buf_len = sprintf(buf, "\nPosition: %d \r\n", readController(TMC4361A_X_TARGET));
      |                                      ~^        ~~~~~~~~~~~~~~~~~~~~~~~~~~~~~~~~~
      |                                       |        |
      |                                       int      int32_t {aka long int}
      |                                      %ld
../Core/Src/main.c:237:39: warning: format '%d' expects argument of type 'int', but argument 3 has type 'int32_t' {aka 'long int'} [-Wformat=]
  237 |  buf_len = sprintf(buf, "\nPosition: %d \r\n", readController(TMC4361A_X_TARGET));
      |                                      ~^        ~~~~~~~~~~~~~~~~~~~~~~~~~~~~~~~~~
      |                                       |        |
      |                                       int      int32_t {aka long int}
      |                                      %ld
arm-none-eabi-g++ -o "NUCLEO-H745ZI-Q-CUBE-AI-TEMPLATE_CM4.elf" @"objects.list"   -mcpu=cortex-m4 -T"C:\Users\robin\OneDrive\Hochschule\Master\Masterarbeit\Programme\STM32-Workspace-Steppermotor-Project\NUCLEO-H745ZI-Q-CUBE-AI-TEMPLATE\CM4\STM32H745ZITX_FLASH.ld" --specs=nosys.specs -Wl,-Map="NUCLEO-H745ZI-Q-CUBE-AI-TEMPLATE_CM4.map" -Wl,--gc-sections -static --specs=nano.specs -mfpu=fpv4-sp-d16 -mfloat-abi=hard -mthumb -Wl,--start-group -lc -lm -lstdc++ -lsupc++ -Wl,--end-group
Finished building target: NUCLEO-H745ZI-Q-CUBE-AI-TEMPLATE_CM4.elf
 
arm-none-eabi-size   NUCLEO-H745ZI-Q-CUBE-AI-TEMPLATE_CM4.elf 
arm-none-eabi-objdump -h -S  NUCLEO-H745ZI-Q-CUBE-AI-TEMPLATE_CM4.elf  > "NUCLEO-H745ZI-Q-CUBE-AI-TEMPLATE_CM4.list"
arm-none-eabi-objcopy  -O binary  NUCLEO-H745ZI-Q-CUBE-AI-TEMPLATE_CM4.elf  "NUCLEO-H745ZI-Q-CUBE-AI-TEMPLATE_CM4.bin"
   text	   data	    bss	    dec	    hex	filename
  29612	    124	   2140	  31876	   7c84	NUCLEO-H745ZI-Q-CUBE-AI-TEMPLATE_CM4.elf
Finished building: default.size.stdout
 
Finished building: NUCLEO-H745ZI-Q-CUBE-AI-TEMPLATE_CM4.bin
 
Finished building: NUCLEO-H745ZI-Q-CUBE-AI-TEMPLATE_CM4.list
 
11:29:50 **** Incremental Build of configuration Debug for project NUCLEO-H745ZI-Q-CUBE-AI-TEMPLATE_CM7 ****
make -j8 all 
arm-none-eabi-gcc "../X-CUBE-AI/App/sine_model.c" -mcpu=cortex-m7 -std=gnu11 -g3 -DDEBUG -DCORE_CM7 -DUSE_HAL_DRIVER -DSTM32H745xx -c -I../Core/Inc -I../../Drivers/STM32H7xx_HAL_Driver/Inc -I../../Drivers/STM32H7xx_HAL_Driver/Inc/Legacy -I../../Drivers/CMSIS/Device/ST/STM32H7xx/Include -I../../Drivers/CMSIS/Include -I../../Middlewares/ST/AI/Inc -I../X-CUBE-AI/App -Os -ffunction-sections -fdata-sections -Wall -fstack-usage -MMD -MP -MF"X-CUBE-AI/App/sine_model.d" -MT"X-CUBE-AI/App/sine_model.o" --specs=nano.specs -mfpu=fpv5-d16 -mfloat-abi=hard -mthumb -o "X-CUBE-AI/App/sine_model.o"
arm-none-eabi-gcc "../X-CUBE-AI/App/sine_model_data.c" -mcpu=cortex-m7 -std=gnu11 -g3 -DDEBUG -DCORE_CM7 -DUSE_HAL_DRIVER -DSTM32H745xx -c -I../Core/Inc -I../../Drivers/STM32H7xx_HAL_Driver/Inc -I../../Drivers/STM32H7xx_HAL_Driver/Inc/Legacy -I../../Drivers/CMSIS/Device/ST/STM32H7xx/Include -I../../Drivers/CMSIS/Include -I../../Middlewares/ST/AI/Inc -I../X-CUBE-AI/App -Os -ffunction-sections -fdata-sections -Wall -fstack-usage -MMD -MP -MF"X-CUBE-AI/App/sine_model_data.d" -MT"X-CUBE-AI/App/sine_model_data.o" --specs=nano.specs -mfpu=fpv5-d16 -mfloat-abi=hard -mthumb -o "X-CUBE-AI/App/sine_model_data.o"
arm-none-eabi-gcc "C:/Users/robin/OneDrive/Hochschule/Master/Masterarbeit/Programme/STM32-Workspace-Steppermotor-Project/NUCLEO-H745ZI-Q-CUBE-AI-TEMPLATE/Drivers/STM32H7xx_HAL_Driver/Src/stm32h7xx_hal.c" -mcpu=cortex-m7 -std=gnu11 -g3 -DDEBUG -DCORE_CM7 -DUSE_HAL_DRIVER -DSTM32H745xx -c -I../Core/Inc -I../../Drivers/STM32H7xx_HAL_Driver/Inc -I../../Drivers/STM32H7xx_HAL_Driver/Inc/Legacy -I../../Drivers/CMSIS/Device/ST/STM32H7xx/Include -I../../Drivers/CMSIS/Include -I../../Middlewares/ST/AI/Inc -I../X-CUBE-AI/App -Os -ffunction-sections -fdata-sections -Wall -fstack-usage -MMD -MP -MF"Drivers/STM32H7xx_HAL_Driver/stm32h7xx_hal.d" -MT"Drivers/STM32H7xx_HAL_Driver/stm32h7xx_hal.o" --specs=nano.specs -mfpu=fpv5-d16 -mfloat-abi=hard -mthumb -o "Drivers/STM32H7xx_HAL_Driver/stm32h7xx_hal.o"
arm-none-eabi-gcc "C:/Users/robin/OneDrive/Hochschule/Master/Masterarbeit/Programme/STM32-Workspace-Steppermotor-Project/NUCLEO-H745ZI-Q-CUBE-AI-TEMPLATE/Drivers/STM32H7xx_HAL_Driver/Src/stm32h7xx_hal_cortex.c" -mcpu=cortex-m7 -std=gnu11 -g3 -DDEBUG -DCORE_CM7 -DUSE_HAL_DRIVER -DSTM32H745xx -c -I../Core/Inc -I../../Drivers/STM32H7xx_HAL_Driver/Inc -I../../Drivers/STM32H7xx_HAL_Driver/Inc/Legacy -I../../Drivers/CMSIS/Device/ST/STM32H7xx/Include -I../../Drivers/CMSIS/Include -I../../Middlewares/ST/AI/Inc -I../X-CUBE-AI/App -Os -ffunction-sections -fdata-sections -Wall -fstack-usage -MMD -MP -MF"Drivers/STM32H7xx_HAL_Driver/stm32h7xx_hal_cortex.d" -MT"Drivers/STM32H7xx_HAL_Driver/stm32h7xx_hal_cortex.o" --specs=nano.specs -mfpu=fpv5-d16 -mfloat-abi=hard -mthumb -o "Drivers/STM32H7xx_HAL_Driver/stm32h7xx_hal_cortex.o"
arm-none-eabi-gcc "C:/Users/robin/OneDrive/Hochschule/Master/Masterarbeit/Programme/STM32-Workspace-Steppermotor-Project/NUCLEO-H745ZI-Q-CUBE-AI-TEMPLATE/Drivers/STM32H7xx_HAL_Driver/Src/stm32h7xx_hal_crc.c" -mcpu=cortex-m7 -std=gnu11 -g3 -DDEBUG -DCORE_CM7 -DUSE_HAL_DRIVER -DSTM32H745xx -c -I../Core/Inc -I../../Drivers/STM32H7xx_HAL_Driver/Inc -I../../Drivers/STM32H7xx_HAL_Driver/Inc/Legacy -I../../Drivers/CMSIS/Device/ST/STM32H7xx/Include -I../../Drivers/CMSIS/Include -I../../Middlewares/ST/AI/Inc -I../X-CUBE-AI/App -Os -ffunction-sections -fdata-sections -Wall -fstack-usage -MMD -MP -MF"Drivers/STM32H7xx_HAL_Driver/stm32h7xx_hal_crc.d" -MT"Drivers/STM32H7xx_HAL_Driver/stm32h7xx_hal_crc.o" --specs=nano.specs -mfpu=fpv5-d16 -mfloat-abi=hard -mthumb -o "Drivers/STM32H7xx_HAL_Driver/stm32h7xx_hal_crc.o"
arm-none-eabi-gcc "C:/Users/robin/OneDrive/Hochschule/Master/Masterarbeit/Programme/STM32-Workspace-Steppermotor-Project/NUCLEO-H745ZI-Q-CUBE-AI-TEMPLATE/Drivers/STM32H7xx_HAL_Driver/Src/stm32h7xx_hal_crc_ex.c" -mcpu=cortex-m7 -std=gnu11 -g3 -DDEBUG -DCORE_CM7 -DUSE_HAL_DRIVER -DSTM32H745xx -c -I../Core/Inc -I../../Drivers/STM32H7xx_HAL_Driver/Inc -I../../Drivers/STM32H7xx_HAL_Driver/Inc/Legacy -I../../Drivers/CMSIS/Device/ST/STM32H7xx/Include -I../../Drivers/CMSIS/Include -I../../Middlewares/ST/AI/Inc -I../X-CUBE-AI/App -Os -ffunction-sections -fdata-sections -Wall -fstack-usage -MMD -MP -MF"Drivers/STM32H7xx_HAL_Driver/stm32h7xx_hal_crc_ex.d" -MT"Drivers/STM32H7xx_HAL_Driver/stm32h7xx_hal_crc_ex.o" --specs=nano.specs -mfpu=fpv5-d16 -mfloat-abi=hard -mthumb -o "Drivers/STM32H7xx_HAL_Driver/stm32h7xx_hal_crc_ex.o"
arm-none-eabi-gcc "C:/Users/robin/OneDrive/Hochschule/Master/Masterarbeit/Programme/STM32-Workspace-Steppermotor-Project/NUCLEO-H745ZI-Q-CUBE-AI-TEMPLATE/Drivers/STM32H7xx_HAL_Driver/Src/stm32h7xx_hal_dma.c" -mcpu=cortex-m7 -std=gnu11 -g3 -DDEBUG -DCORE_CM7 -DUSE_HAL_DRIVER -DSTM32H745xx -c -I../Core/Inc -I../../Drivers/STM32H7xx_HAL_Driver/Inc -I../../Drivers/STM32H7xx_HAL_Driver/Inc/Legacy -I../../Drivers/CMSIS/Device/ST/STM32H7xx/Include -I../../Drivers/CMSIS/Include -I../../Middlewares/ST/AI/Inc -I../X-CUBE-AI/App -Os -ffunction-sections -fdata-sections -Wall -fstack-usage -MMD -MP -MF"Drivers/STM32H7xx_HAL_Driver/stm32h7xx_hal_dma.d" -MT"Drivers/STM32H7xx_HAL_Driver/stm32h7xx_hal_dma.o" --specs=nano.specs -mfpu=fpv5-d16 -mfloat-abi=hard -mthumb -o "Drivers/STM32H7xx_HAL_Driver/stm32h7xx_hal_dma.o"
[...]
arm-none-eabi-gcc "C:/Users/robin/OneDrive/Hochschule/Master/Masterarbeit/Programme/STM32-Workspace-Steppermotor-Project/NUCLEO-H745ZI-Q-CUBE-AI-TEMPLATE/Drivers/STM32H7xx_HAL_Driver/Src/stm32h7xx_hal_eth_ex.c" -mcpu=cortex-m7 -std=gnu11 -DCORE_CM7 -DUSE_HAL_DRIVER -DSTM32H745xx -c -I../Core/Inc -I../../Drivers/STM32H7xx_HAL_Driver/Inc -I../../Drivers/STM32H7xx_HAL_Driver/Inc/Legacy -I../../Drivers/CMSIS/Device/ST/STM32H7xx/Include -I../../Drivers/CMSIS/Include -I../../Middlewares/ST/AI/Inc -I../X-CUBE-AI/App -Os -ffunction-sections -fdata-sections -Wall -fstack-usage -MMD -MP -MF"Drivers/STM32H7xx_HAL_Driver/stm32h7xx_hal_eth_ex.d" -MT"Drivers/STM32H7xx_HAL_Driver/stm32h7xx_hal_eth_ex.o" --specs=nano.specs -mfpu=fpv5-d16 -mfloat-abi=hard -mthumb -o "Drivers/STM32H7xx_HAL_Driver/stm32h7xx_hal_eth_ex.o"
arm-none-eabi-gcc "C:/Users/robin/OneDrive/Hochschule/Master/Masterarbeit/Programme/STM32-Workspace-Steppermotor-Project/NUCLEO-H745ZI-Q-CUBE-AI-TEMPLATE/Drivers/STM32H7xx_HAL_Driver/Src/stm32h7xx_hal_exti.c" -mcpu=cortex-m7 -std=gnu11 -DCORE_CM7 -DUSE_HAL_DRIVER -DSTM32H745xx -c -I../Core/Inc -I../../Drivers/STM32H7xx_HAL_Driver/Inc -I../../Drivers/STM32H7xx_HAL_Driver/Inc/Legacy -I../../Drivers/CMSIS/Device/ST/STM32H7xx/Include -I../../Drivers/CMSIS/Include -I../../Middlewares/ST/AI/Inc -I../X-CUBE-AI/App -Os -ffunction-sections -fdata-sections -Wall -fstack-usage -MMD -MP -MF"Drivers/STM32H7xx_HAL_Driver/stm32h7xx_hal_exti.d" -MT"Drivers/STM32H7xx_HAL_Driver/stm32h7xx_hal_exti.o" --specs=nano.specs -mfpu=fpv5-d16 -mfloat-abi=hard -mthumb -o "Drivers/STM32H7xx_HAL_Driver/stm32h7xx_hal_exti.o"
arm-none-eabi-gcc "C:/Users/robin/OneDrive/Hochschule/Master/Masterarbeit/Programme/STM32-Workspace-Steppermotor-Project/NUCLEO-H745ZI-Q-CUBE-AI-TEMPLATE/Drivers/STM32H7xx_HAL_Driver/Src/stm32h7xx_hal_flash.c" -mcpu=cortex-m7 -std=gnu11 -DCORE_CM7 -DUSE_HAL_DRIVER -DSTM32H745xx -c -I../Core/Inc -I../../Drivers/STM32H7xx_HAL_Driver/Inc -I../../Drivers/STM32H7xx_HAL_Driver/Inc/Legacy -I../../Drivers/CMSIS/Device/ST/STM32H7xx/Include -I../../Drivers/CMSIS/Include -I../../Middlewares/ST/AI/Inc -I../X-CUBE-AI/App -Os -ffunction-sections -fdata-sections -Wall -fstack-usage -MMD -MP -MF"Drivers/STM32H7xx_HAL_Driver/stm32h7xx_hal_flash.d" -MT"Drivers/STM32H7xx_HAL_Driver/stm32h7xx_hal_flash.o" --specs=nano.specs -mfpu=fpv5-d16 -mfloat-abi=hard -mthumb -o "Drivers/STM32H7xx_HAL_Driver/stm32h7xx_hal_flash.o"
arm-none-eabi-gcc "C:/Users/robin/OneDrive/Hochschule/Master/Masterarbeit/Programme/STM32-Workspace-Steppermotor-Project/NUCLEO-H745ZI-Q-CUBE-AI-TEMPLATE/Drivers/STM32H7xx_HAL_Driver/Src/stm32h7xx_hal_flash_ex.c" -mcpu=cortex-m7 -std=gnu11 -DCORE_CM7 -DUSE_HAL_DRIVER -DSTM32H745xx -c -I../Core/Inc -I../../Drivers/STM32H7xx_HAL_Driver/Inc -I../../Drivers/STM32H7xx_HAL_Driver/Inc/Legacy -I../../Drivers/CMSIS/Device/ST/STM32H7xx/Include -I../../Drivers/CMSIS/Include -I../../Middlewares/ST/AI/Inc -I../X-CUBE-AI/App -Os -ffunction-sections -fdata-sections -Wall -fstack-usage -MMD -MP -MF"Drivers/STM32H7xx_HAL_Driver/stm32h7xx_hal_flash_ex.d" -MT"Drivers/STM32H7xx_HAL_Driver/stm32h7xx_hal_flash_ex.o" --specs=nano.specs -mfpu=fpv5-d16 -mfloat-abi=hard -mthumb -o "Drivers/STM32H7xx_HAL_Driver/stm32h7xx_hal_flash_ex.o"
arm-none-eabi-gcc "C:/Users/robin/OneDrive/Hochschule/Master/Masterarbeit/Programme/STM32-Workspace-Steppermotor-Project/NUCLEO-H745ZI-Q-CUBE-AI-TEMPLATE/Drivers/STM32H7xx_HAL_Driver/Src/stm32h7xx_hal_gpio.c" -mcpu=cortex-m7 -std=gnu11 -DCORE_CM7 -DUSE_HAL_DRIVER -DSTM32H745xx -c -I../Core/Inc -I../../Drivers/STM32H7xx_HAL_Driver/Inc -I../../Drivers/STM32H7xx_HAL_Driver/Inc/Legacy -I../../Drivers/CMSIS/Device/ST/STM32H7xx/Include -I../../Drivers/CMSIS/Include -I../../Middlewares/ST/AI/Inc -I../X-CUBE-AI/App -Os -ffunction-sections -fdata-sections -Wall -fstack-usage -MMD -MP -MF"Drivers/STM32H7xx_HAL_Driver/stm32h7xx_hal_gpio.d" -MT"Drivers/STM32H7xx_HAL_Driver/stm32h7xx_hal_gpio.o" --specs=nano.specs -mfpu=fpv5-d16 -mfloat-abi=hard -mthumb -o "Drivers/STM32H7xx_HAL_Driver/stm32h7xx_hal_gpio.o"
arm-none-eabi-gcc "C:/Users/robin/OneDrive/Hochschule/Master/Masterarbeit/Programme/STM32-Workspace-Steppermotor-Project/NUCLEO-H745ZI-Q-CUBE-AI-TEMPLATE/Drivers/STM32H7xx_HAL_Driver/Src/stm32h7xx_hal_hsem.c" -mcpu=cortex-m7 -std=gnu11 -DCORE_CM7 -DUSE_HAL_DRIVER -DSTM32H745xx -c -I../Core/Inc -I../../Drivers/STM32H7xx_HAL_Driver/Inc -I../../Drivers/STM32H7xx_HAL_Driver/Inc/Legacy -I../../Drivers/CMSIS/Device/ST/STM32H7xx/Include -I../../Drivers/CMSIS/Include -I../../Middlewares/ST/AI/Inc -I../X-CUBE-AI/App -Os -ffunction-sections -fdata-sections -Wall -fstack-usage -MMD -MP -MF"Drivers/STM32H7xx_HAL_Driver/stm32h7xx_hal_hsem.d" -MT"Drivers/STM32H7xx_HAL_Driver/stm32h7xx_hal_hsem.o" --specs=nano.specs -mfpu=fpv5-d16 -mfloat-abi=hard -mthumb -o "Drivers/STM32H7xx_HAL_Driver/stm32h7xx_hal_hsem.o"
arm-none-eabi-gcc "C:/Users/robin/OneDrive/Hochschule/Master/Masterarbeit/Programme/STM32-Workspace-Steppermotor-Project/NUCLEO-H745ZI-Q-CUBE-AI-TEMPLATE/Drivers/STM32H7xx_HAL_Driver/Src/stm32h7xx_hal_i2c.c" -mcpu=cortex-m7 -std=gnu11 -DCORE_CM7 -DUSE_HAL_DRIVER -DSTM32H745xx -c -I../Core/Inc -I../../Drivers/STM32H7xx_HAL_Driver/Inc -I../../Drivers/STM32H7xx_HAL_Driver/Inc/Legacy -I../../Drivers/CMSIS/Device/ST/STM32H7xx/Include -I../../Drivers/CMSIS/Include -I../../Middlewares/ST/AI/Inc -I../X-CUBE-AI/App -Os -ffunction-sections -fdata-sections -Wall -fstack-usage -MMD -MP -MF"Drivers/STM32H7xx_HAL_Driver/stm32h7xx_hal_i2c.d" -MT"Drivers/STM32H7xx_HAL_Driver/stm32h7xx_hal_i2c.o" --specs=nano.specs -mfpu=fpv5-d16 -mfloat-abi=hard -mthumb -o "Drivers/STM32H7xx_HAL_Driver/stm32h7xx_hal_i2c.o"
arm-none-eabi-gcc "C:/Users/robin/OneDrive/Hochschule/Master/Masterarbeit/Programme/STM32-Workspace-Steppermotor-Project/NUCLEO-H745ZI-Q-CUBE-AI-TEMPLATE/Drivers/STM32H7xx_HAL_Driver/Src/stm32h7xx_hal_i2c_ex.c" -mcpu=cortex-m7 -std=gnu11 -DCORE_CM7 -DUSE_HAL_DRIVER -DSTM32H745xx -c -I../Core/Inc -I../../Drivers/STM32H7xx_HAL_Driver/Inc -I../../Drivers/STM32H7xx_HAL_Driver/Inc/Legacy -I../../Drivers/CMSIS/Device/ST/STM32H7xx/Include -I../../Drivers/CMSIS/Include -I../../Middlewares/ST/AI/Inc -I../X-CUBE-AI/App -Os -ffunction-sections -fdata-sections -Wall -fstack-usage -MMD -MP -MF"Drivers/STM32H7xx_HAL_Driver/stm32h7xx_hal_i2c_ex.d" -MT"Drivers/STM32H7xx_HAL_Driver/stm32h7xx_hal_i2c_ex.o" --specs=nano.specs -mfpu=fpv5-d16 -mfloat-abi=hard -mthumb -o "Drivers/STM32H7xx_HAL_Driver/stm32h7xx_hal_i2c_ex.o"
arm-none-eabi-gcc "C:/Users/robin/OneDrive/Hochschule/Master/Masterarbeit/Programme/STM32-Workspace-Steppermotor-Project/NUCLEO-H745ZI-Q-CUBE-AI-TEMPLATE/Drivers/STM32H7xx_HAL_Driver/Src/stm32h7xx_hal_mdma.c" -mcpu=cortex-m7 -std=gnu11 -DCORE_CM7 -DUSE_HAL_DRIVER -DSTM32H745xx -c -I../Core/Inc -I../../Drivers/STM32H7xx_HAL_Driver/Inc -I../../Drivers/STM32H7xx_HAL_Driver/Inc/Legacy -I../../Drivers/CMSIS/Device/ST/STM32H7xx/Include -I../../Drivers/CMSIS/Include -I../../Middlewares/ST/AI/Inc -I../X-CUBE-AI/App -Os -ffunction-sections -fdata-sections -Wall -fstack-usage -MMD -MP -MF"Drivers/STM32H7xx_HAL_Driver/stm32h7xx_hal_mdma.d" -MT"Drivers/STM32H7xx_HAL_Driver/stm32h7xx_hal_mdma.o" --specs=nano.specs -mfpu=fpv5-d16 -mfloat-abi=hard -mthumb -o "Drivers/STM32H7xx_HAL_Driver/stm32h7xx_hal_mdma.o"
arm-none-eabi-gcc "C:/Users/robin/OneDrive/Hochschule/Master/Masterarbeit/Programme/STM32-Workspace-Steppermotor-Project/NUCLEO-H745ZI-Q-CUBE-AI-TEMPLATE/Drivers/STM32H7xx_HAL_Driver/Src/stm32h7xx_hal_pcd.c" -mcpu=cortex-m7 -std=gnu11 -DCORE_CM7 -DUSE_HAL_DRIVER -DSTM32H745xx -c -I../Core/Inc -I../../Drivers/STM32H7xx_HAL_Driver/Inc -I../../Drivers/STM32H7xx_HAL_Driver/Inc/Legacy -I../../Drivers/CMSIS/Device/ST/STM32H7xx/Include -I../../Drivers/CMSIS/Include -I../../Middlewares/ST/AI/Inc -I../X-CUBE-AI/App -Os -ffunction-sections -fdata-sections -Wall -fstack-usage -MMD -MP -MF"Drivers/STM32H7xx_HAL_Driver/stm32h7xx_hal_pcd.d" -MT"Drivers/STM32H7xx_HAL_Driver/stm32h7xx_hal_pcd.o" --specs=nano.specs -mfpu=fpv5-d16 -mfloat-abi=hard -mthumb -o "Drivers/STM32H7xx_HAL_Driver/stm32h7xx_hal_pcd.o"
arm-none-eabi-gcc "C:/Users/robin/OneDrive/Hochschule/Master/Masterarbeit/Programme/STM32-Workspace-Steppermotor-Project/NUCLEO-H745ZI-Q-CUBE-AI-TEMPLATE/Drivers/STM32H7xx_HAL_Driver/Src/stm32h7xx_hal_pcd_ex.c" -mcpu=cortex-m7 -std=gnu11 -DCORE_CM7 -DUSE_HAL_DRIVER -DSTM32H745xx -c -I../Core/Inc -I../../Drivers/STM32H7xx_HAL_Driver/Inc -I../../Drivers/STM32H7xx_HAL_Driver/Inc/Legacy -I../../Drivers/CMSIS/Device/ST/STM32H7xx/Include -I../../Drivers/CMSIS/Include -I../../Middlewares/ST/AI/Inc -I../X-CUBE-AI/App -Os -ffunction-sections -fdata-sections -Wall -fstack-usage -MMD -MP -MF"Drivers/STM32H7xx_HAL_Driver/stm32h7xx_hal_pcd_ex.d" -MT"Drivers/STM32H7xx_HAL_Driver/stm32h7xx_hal_pcd_ex.o" --specs=nano.specs -mfpu=fpv5-d16 -mfloat-abi=hard -mthumb -o "Drivers/STM32H7xx_HAL_Driver/stm32h7xx_hal_pcd_ex.o"
arm-none-eabi-gcc "C:/Users/robin/OneDrive/Hochschule/Master/Masterarbeit/Programme/STM32-Workspace-Steppermotor-Project/NUCLEO-H745ZI-Q-CUBE-AI-TEMPLATE/Drivers/STM32H7xx_HAL_Driver/Src/stm32h7xx_hal_pwr.c" -mcpu=cortex-m7 -std=gnu11 -DCORE_CM7 -DUSE_HAL_DRIVER -DSTM32H745xx -c -I../Core/Inc -I../../Drivers/STM32H7xx_HAL_Driver/Inc -I../../Drivers/STM32H7xx_HAL_Driver/Inc/Legacy -I../../Drivers/CMSIS/Device/ST/STM32H7xx/Include -I../../Drivers/CMSIS/Include -I../../Middlewares/ST/AI/Inc -I../X-CUBE-AI/App -Os -ffunction-sections -fdata-sections -Wall -fstack-usage -MMD -MP -MF"Drivers/STM32H7xx_HAL_Driver/stm32h7xx_hal_pwr.d" -MT"Drivers/STM32H7xx_HAL_Driver/stm32h7xx_hal_pwr.o" --specs=nano.specs -mfpu=fpv5-d16 -mfloat-abi=hard -mthumb -o "Drivers/STM32H7xx_HAL_Driver/stm32h7xx_hal_pwr.o"
arm-none-eabi-gcc "C:/Users/robin/OneDrive/Hochschule/Master/Masterarbeit/Programme/STM32-Workspace-Steppermotor-Project/NUCLEO-H745ZI-Q-CUBE-AI-TEMPLATE/Drivers/STM32H7xx_HAL_Driver/Src/stm32h7xx_hal_pwr_ex.c" -mcpu=cortex-m7 -std=gnu11 -DCORE_CM7 -DUSE_HAL_DRIVER -DSTM32H745xx -c -I../Core/Inc -I../../Drivers/STM32H7xx_HAL_Driver/Inc -I../../Drivers/STM32H7xx_HAL_Driver/Inc/Legacy -I../../Drivers/CMSIS/Device/ST/STM32H7xx/Include -I../../Drivers/CMSIS/Include -I../../Middlewares/ST/AI/Inc -I../X-CUBE-AI/App -Os -ffunction-sections -fdata-sections -Wall -fstack-usage -MMD -MP -MF"Drivers/STM32H7xx_HAL_Driver/stm32h7xx_hal_pwr_ex.d" -MT"Drivers/STM32H7xx_HAL_Driver/stm32h7xx_hal_pwr_ex.o" --specs=nano.specs -mfpu=fpv5-d16 -mfloat-abi=hard -mthumb -o "Drivers/STM32H7xx_HAL_Driver/stm32h7xx_hal_pwr_ex.o"
arm-none-eabi-gcc "C:/Users/robin/OneDrive/Hochschule/Master/Masterarbeit/Programme/STM32-Workspace-Steppermotor-Project/NUCLEO-H745ZI-Q-CUBE-AI-TEMPLATE/Drivers/STM32H7xx_HAL_Driver/Src/stm32h7xx_hal_rcc.c" -mcpu=cortex-m7 -std=gnu11 -DCORE_CM7 -DUSE_HAL_DRIVER -DSTM32H745xx -c -I../Core/Inc -I../../Drivers/STM32H7xx_HAL_Driver/Inc -I../../Drivers/STM32H7xx_HAL_Driver/Inc/Legacy -I../../Drivers/CMSIS/Device/ST/STM32H7xx/Include -I../../Drivers/CMSIS/Include -I../../Middlewares/ST/AI/Inc -I../X-CUBE-AI/App -Os -ffunction-sections -fdata-sections -Wall -fstack-usage -MMD -MP -MF"Drivers/STM32H7xx_HAL_Driver/stm32h7xx_hal_rcc.d" -MT"Drivers/STM32H7xx_HAL_Driver/stm32h7xx_hal_rcc.o" --specs=nano.specs -mfpu=fpv5-d16 -mfloat-abi=hard -mthumb -o "Drivers/STM32H7xx_HAL_Driver/stm32h7xx_hal_rcc.o"
arm-none-eabi-gcc "C:/Users/robin/OneDrive/Hochschule/Master/Masterarbeit/Programme/STM32-Workspace-Steppermotor-Project/NUCLEO-H745ZI-Q-CUBE-AI-TEMPLATE/Drivers/STM32H7xx_HAL_Driver/Src/stm32h7xx_hal_rcc_ex.c" -mcpu=cortex-m7 -std=gnu11 -DCORE_CM7 -DUSE_HAL_DRIVER -DSTM32H745xx -c -I../Core/Inc -I../../Drivers/STM32H7xx_HAL_Driver/Inc -I../../Drivers/STM32H7xx_HAL_Driver/Inc/Legacy -I../../Drivers/CMSIS/Device/ST/STM32H7xx/Include -I../../Drivers/CMSIS/Include -I../../Middlewares/ST/AI/Inc -I../X-CUBE-AI/App -Os -ffunction-sections -fdata-sections -Wall -fstack-usage -MMD -MP -MF"Drivers/STM32H7xx_HAL_Driver/stm32h7xx_hal_rcc_ex.d" -MT"Drivers/STM32H7xx_HAL_Driver/stm32h7xx_hal_rcc_ex.o" --specs=nano.specs -mfpu=fpv5-d16 -mfloat-abi=hard -mthumb -o "Drivers/STM32H7xx_HAL_Driver/stm32h7xx_hal_rcc_ex.o"
arm-none-eabi-gcc "C:/Users/robin/OneDrive/Hochschule/Master/Masterarbeit/Programme/STM32-Workspace-Steppermotor-Project/NUCLEO-H745ZI-Q-CUBE-AI-TEMPLATE/Drivers/STM32H7xx_HAL_Driver/Src/stm32h7xx_hal_tim.c" -mcpu=cortex-m7 -std=gnu11 -DCORE_CM7 -DUSE_HAL_DRIVER -DSTM32H745xx -c -I../Core/Inc -I../../Drivers/STM32H7xx_HAL_Driver/Inc -I../../Drivers/STM32H7xx_HAL_Driver/Inc/Legacy -I../../Drivers/CMSIS/Device/ST/STM32H7xx/Include -I../../Drivers/CMSIS/Include -I../../Middlewares/ST/AI/Inc -I../X-CUBE-AI/App -Os -ffunction-sections -fdata-sections -Wall -fstack-usage -MMD -MP -MF"Drivers/STM32H7xx_HAL_Driver/stm32h7xx_hal_tim.d" -MT"Drivers/STM32H7xx_HAL_Driver/stm32h7xx_hal_tim.o" --specs=nano.specs -mfpu=fpv5-d16 -mfloat-abi=hard -mthumb -o "Drivers/STM32H7xx_HAL_Driver/stm32h7xx_hal_tim.o"
arm-none-eabi-gcc "C:/Users/robin/OneDrive/Hochschule/Master/Masterarbeit/Programme/STM32-Workspace-Steppermotor-Project/NUCLEO-H745ZI-Q-CUBE-AI-TEMPLATE/Drivers/STM32H7xx_HAL_Driver/Src/stm32h7xx_hal_tim_ex.c" -mcpu=cortex-m7 -std=gnu11 -DCORE_CM7 -DUSE_HAL_DRIVER -DSTM32H745xx -c -I../Core/Inc -I../../Drivers/STM32H7xx_HAL_Driver/Inc -I../../Drivers/STM32H7xx_HAL_Driver/Inc/Legacy -I../../Drivers/CMSIS/Device/ST/STM32H7xx/Include -I../../Drivers/CMSIS/Include -I../../Middlewares/ST/AI/Inc -I../X-CUBE-AI/App -Os -ffunction-sections -fdata-sections -Wall -fstack-usage -MMD -MP -MF"Drivers/STM32H7xx_HAL_Driver/stm32h7xx_hal_tim_ex.d" -MT"Drivers/STM32H7xx_HAL_Driver/stm32h7xx_hal_tim_ex.o" --specs=nano.specs -mfpu=fpv5-d16 -mfloat-abi=hard -mthumb -o "Drivers/STM32H7xx_HAL_Driver/stm32h7xx_hal_tim_ex.o"
arm-none-eabi-gcc "C:/Users/robin/OneDrive/Hochschule/Master/Masterarbeit/Programme/STM32-Workspace-Steppermotor-Project/NUCLEO-H745ZI-Q-CUBE-AI-TEMPLATE/Drivers/STM32H7xx_HAL_Driver/Src/stm32h7xx_hal_uart.c" -mcpu=cortex-m7 -std=gnu11 -DCORE_CM7 -DUSE_HAL_DRIVER -DSTM32H745xx -c -I../Core/Inc -I../../Drivers/STM32H7xx_HAL_Driver/Inc -I../../Drivers/STM32H7xx_HAL_Driver/Inc/Legacy -I../../Drivers/CMSIS/Device/ST/STM32H7xx/Include -I../../Drivers/CMSIS/Include -I../../Middlewares/ST/AI/Inc -I../X-CUBE-AI/App -Os -ffunction-sections -fdata-sections -Wall -fstack-usage -MMD -MP -MF"Drivers/STM32H7xx_HAL_Driver/stm32h7xx_hal_uart.d" -MT"Drivers/STM32H7xx_HAL_Driver/stm32h7xx_hal_uart.o" --specs=nano.specs -mfpu=fpv5-d16 -mfloat-abi=hard -mthumb -o "Drivers/STM32H7xx_HAL_Driver/stm32h7xx_hal_uart.o"
arm-none-eabi-gcc "C:/Users/robin/OneDrive/Hochschule/Master/Masterarbeit/Programme/STM32-Workspace-Steppermotor-Project/NUCLEO-H745ZI-Q-CUBE-AI-TEMPLATE/Drivers/STM32H7xx_HAL_Driver/Src/stm32h7xx_hal_uart_ex.c" -mcpu=cortex-m7 -std=gnu11 -DCORE_CM7 -DUSE_HAL_DRIVER -DSTM32H745xx -c -I../Core/Inc -I../../Drivers/STM32H7xx_HAL_Driver/Inc -I../../Drivers/STM32H7xx_HAL_Driver/Inc/Legacy -I../../Drivers/CMSIS/Device/ST/STM32H7xx/Include -I../../Drivers/CMSIS/Include -I../../Middlewares/ST/AI/Inc -I../X-CUBE-AI/App -Os -ffunction-sections -fdata-sections -Wall -fstack-usage -MMD -MP -MF"Drivers/STM32H7xx_HAL_Driver/stm32h7xx_hal_uart_ex.d" -MT"Drivers/STM32H7xx_HAL_Driver/stm32h7xx_hal_uart_ex.o" --specs=nano.specs -mfpu=fpv5-d16 -mfloat-abi=hard -mthumb -o "Drivers/STM32H7xx_HAL_Driver/stm32h7xx_hal_uart_ex.o"
arm-none-eabi-gcc "C:/Users/robin/OneDrive/Hochschule/Master/Masterarbeit/Programme/STM32-Workspace-Steppermotor-Project/NUCLEO-H745ZI-Q-CUBE-AI-TEMPLATE/Drivers/STM32H7xx_HAL_Driver/Src/stm32h7xx_ll_usb.c" -mcpu=cortex-m7 -std=gnu11 -DCORE_CM7 -DUSE_HAL_DRIVER -DSTM32H745xx -c -I../Core/Inc -I../../Drivers/STM32H7xx_HAL_Driver/Inc -I../../Drivers/STM32H7xx_HAL_Driver/Inc/Legacy -I../../Drivers/CMSIS/Device/ST/STM32H7xx/Include -I../../Drivers/CMSIS/Include -I../../Middlewares/ST/AI/Inc -I../X-CUBE-AI/App -Os -ffunction-sections -fdata-sections -Wall -fstack-usage -MMD -MP -MF"Drivers/STM32H7xx_HAL_Driver/stm32h7xx_ll_usb.d" -MT"Drivers/STM32H7xx_HAL_Driver/stm32h7xx_ll_usb.o" --specs=nano.specs -mfpu=fpv5-d16 -mfloat-abi=hard -mthumb -o "Drivers/STM32H7xx_HAL_Driver/stm32h7xx_ll_usb.o"
arm-none-eabi-gcc "../Core/Src/main.c" -mcpu=cortex-m7 -std=gnu11 -DCORE_CM7 -DUSE_HAL_DRIVER -DSTM32H745xx -c -I../Core/Inc -I../../Drivers/STM32H7xx_HAL_Driver/Inc -I../../Drivers/STM32H7xx_HAL_Driver/Inc/Legacy -I../../Drivers/CMSIS/Device/ST/STM32H7xx/Include -I../../Drivers/CMSIS/Include -I../../Middlewares/ST/AI/Inc -I../X-CUBE-AI/App -Os -ffunction-sections -fdata-sections -Wall -fstack-usage -MMD -MP -MF"Core/Src/main.d" -MT"Core/Src/main.o" --specs=nano.specs -mfpu=fpv5-d16 -mfloat-abi=hard -mthumb -o "Core/Src/main.o"
arm-none-eabi-gcc "../Core/Src/stm32h7xx_hal_msp.c" -mcpu=cortex-m7 -std=gnu11 -DCORE_CM7 -DUSE_HAL_DRIVER -DSTM32H745xx -c -I../Core/Inc -I../../Drivers/STM32H7xx_HAL_Driver/Inc -I../../Drivers/STM32H7xx_HAL_Driver/Inc/Legacy -I../../Drivers/CMSIS/Device/ST/STM32H7xx/Include -I../../Drivers/CMSIS/Include -I../../Middlewares/ST/AI/Inc -I../X-CUBE-AI/App -Os -ffunction-sections -fdata-sections -Wall -fstack-usage -MMD -MP -MF"Core/Src/stm32h7xx_hal_msp.d" -MT"Core/Src/stm32h7xx_hal_msp.o" --specs=nano.specs -mfpu=fpv5-d16 -mfloat-abi=hard -mthumb -o "Core/Src/stm32h7xx_hal_msp.o"
arm-none-eabi-gcc "../Core/Src/stm32h7xx_it.c" -mcpu=cortex-m7 -std=gnu11 -DCORE_CM7 -DUSE_HAL_DRIVER -DSTM32H745xx -c -I../Core/Inc -I../../Drivers/STM32H7xx_HAL_Driver/Inc -I../../Drivers/STM32H7xx_HAL_Driver/Inc/Legacy -I../../Drivers/CMSIS/Device/ST/STM32H7xx/Include -I../../Drivers/CMSIS/Include -I../../Middlewares/ST/AI/Inc -I../X-CUBE-AI/App -Os -ffunction-sections -fdata-sections -Wall -fstack-usage -MMD -MP -MF"Core/Src/stm32h7xx_it.d" -MT"Core/Src/stm32h7xx_it.o" --specs=nano.specs -mfpu=fpv5-d16 -mfloat-abi=hard -mthumb -o "Core/Src/stm32h7xx_it.o"
arm-none-eabi-gcc "C:/Users/robin/OneDrive/Hochschule/Master/Masterarbeit/Programme/STM32-Workspace-Steppermotor-Project/NUCLEO-H745ZI-Q-CUBE-AI-TEMPLATE/Common/Src/system_stm32h7xx_dualcore_boot_cm4_cm7.c" -mcpu=cortex-m7 -std=gnu11 -DCORE_CM7 -DUSE_HAL_DRIVER -DSTM32H745xx -c -I../Core/Inc -I../../Drivers/STM32H7xx_HAL_Driver/Inc -I../../Drivers/STM32H7xx_HAL_Driver/Inc/Legacy -I../../Drivers/CMSIS/Device/ST/STM32H7xx/Include -I../../Drivers/CMSIS/Include -I../../Middlewares/ST/AI/Inc -I../X-CUBE-AI/App -Os -ffunction-sections -fdata-sections -Wall -fstack-usage -MMD -MP -MF"Common/Src/system_stm32h7xx_dualcore_boot_cm4_cm7.d" -MT"Common/Src/system_stm32h7xx_dualcore_boot_cm4_cm7.o" --specs=nano.specs -mfpu=fpv5-d16 -mfloat-abi=hard -mthumb -o "Common/Src/system_stm32h7xx_dualcore_boot_cm4_cm7.o"
arm-none-eabi-g++ -o "NUCLEO-H745ZI-Q-CUBE-AI-TEMPLATE_CM7.elf" @"objects.list"  -l:NetworkRuntime700_CM7_GCC.a -mcpu=cortex-m7 -T"C:\Users\robin\OneDrive\Hochschule\Master\Masterarbeit\Programme\STM32-Workspace-Steppermotor-Project\NUCLEO-H745ZI-Q-CUBE-AI-TEMPLATE\CM7\STM32H745ZITX_FLASH.ld" --specs=nosys.specs -Wl,-Map="NUCLEO-H745ZI-Q-CUBE-AI-TEMPLATE_CM7.map" -Wl,--gc-sections -static -L../../Middlewares/ST/AI/Lib --specs=nano.specs -mfpu=fpv5-d16 -mfloat-abi=hard -mthumb -u _printf_float -u _scanf_float -Wl,--start-group -lc -lm -lstdc++ -lsupc++ -Wl,--end-group
Finished building target: NUCLEO-H745ZI-Q-CUBE-AI-TEMPLATE_CM7.elf
 
arm-none-eabi-size   NUCLEO-H745ZI-Q-CUBE-AI-TEMPLATE_CM7.elf 
arm-none-eabi-objdump -h -S  NUCLEO-H745ZI-Q-CUBE-AI-TEMPLATE_CM7.elf  > "NUCLEO-H745ZI-Q-CUBE-AI-TEMPLATE_CM7.list"
arm-none-eabi-objcopy  -O binary  NUCLEO-H745ZI-Q-CUBE-AI-TEMPLATE_CM7.elf  "NUCLEO-H745ZI-Q-CUBE-AI-TEMPLATE_CM7.bin"
   text	   data	    bss	    dec	    hex	filename
  53892	   2612	   3224	  59728	   e950	NUCLEO-H745ZI-Q-CUBE-AI-TEMPLATE_CM7.elf
Finished building: default.size.stdout
 
Finished building: NUCLEO-H745ZI-Q-CUBE-AI-TEMPLATE_CM7.bin
 
Finished building: NUCLEO-H745ZI-Q-CUBE-AI-TEMPLATE_CM7.list
 
