22:49:44 **** Incremental Build of configuration Debug for project NUCLEO-H745ZI-Q-TFLITE-RNN_CM7 ****
make -j12 all 
arm-none-eabi-g++ "../Core/Src/main.cpp" -mcpu=cortex-m7 -std=gnu++14 -g3 -DDEBUG -DCORE_CM7 -DUSE_HAL_DRIVER -DSTM32H745xx -c -I../Core/Inc -I../../Drivers/STM32H7xx_HAL_Driver/Inc -I../../Drivers/STM32H7xx_HAL_Driver/Inc/Legacy -I../../Drivers/CMSIS/Device/ST/STM32H7xx/Include -I../../Drivers/CMSIS/Include -I"C:/Users/robin/OneDrive/Hochschule/Master/Masterarbeit/Programme/STM32-Workspace/NUCLEO-H745ZI-Q-TFLITE-RNN/CM7/tensorflow_lite" -I"C:/Users/robin/OneDrive/Hochschule/Master/Masterarbeit/Programme/STM32-Workspace/NUCLEO-H745ZI-Q-TFLITE-RNN/CM7/tensorflow_lite/third_party/flatbuffers/include" -I"C:/Users/robin/OneDrive/Hochschule/Master/Masterarbeit/Programme/STM32-Workspace/NUCLEO-H745ZI-Q-TFLITE-RNN/CM7/tensorflow_lite/third_party/gemmlowp" -I"C:/Users/robin/OneDrive/Hochschule/Master/Masterarbeit/Programme/STM32-Workspace/NUCLEO-H745ZI-Q-TFLITE-RNN/CM7/tensorflow_lite/third_party/ruy" -O0 -ffunction-sections -fdata-sections -fno-exceptions -fno-rtti -fno-use-cxa-atexit -Wall -fstack-usage -MMD -MP -MF"Core/Src/main.d" -MT"Core/Src/main.o" --specs=nano.specs -mfpu=fpv5-d16 -mfloat-abi=hard -mthumb -o "Core/Src/main.o"
../Core/Src/main.cpp: In function 'int main()':
../Core/Src/main.cpp:185:8: warning: unused variable 'idx' [-Wunused-variable]
  185 |    int idx = 0;
      |        ^~~
../Core/Src/main.cpp:198:10: warning: unused variable 'in_val' [-Wunused-variable]
  198 |    float in_val;
      |          ^~~~~~
../Core/Src/main.cpp:199:10: warning: unused variable 'predicted_out' [-Wunused-variable]
  199 |    float predicted_out;
      |          ^~~~~~~~~~~~~
../Core/Src/main.cpp:200:10: warning: unused variable 'actual_out' [-Wunused-variable]
  200 |    float actual_out;
      |          ^~~~~~~~~~
arm-none-eabi-g++ -o "NUCLEO-H745ZI-Q-TFLITE-RNN_CM7.elf" @"objects.list"   -mcpu=cortex-m7 -T"C:\Users\robin\OneDrive\Hochschule\Master\Masterarbeit\Programme\STM32-Workspace\NUCLEO-H745ZI-Q-TFLITE-RNN\CM7\STM32H745ZITX_FLASH.ld" --specs=nosys.specs -Wl,-Map="NUCLEO-H745ZI-Q-TFLITE-RNN_CM7.map" -Wl,--gc-sections -static --specs=nano.specs -mfpu=fpv5-d16 -mfloat-abi=hard -mthumb -u _printf_float -u _scanf_float -Wl,--start-group -lc -lm -lstdc++ -lsupc++ -Wl,--end-group
Finished building target: NUCLEO-H745ZI-Q-TFLITE-RNN_CM7.elf
 
arm-none-eabi-size   NUCLEO-H745ZI-Q-TFLITE-RNN_CM7.elf 
arm-none-eabi-objdump -h -S  NUCLEO-H745ZI-Q-TFLITE-RNN_CM7.elf  > "NUCLEO-H745ZI-Q-TFLITE-RNN_CM7.list"
arm-none-eabi-objcopy  -O binary  NUCLEO-H745ZI-Q-TFLITE-RNN_CM7.elf  "NUCLEO-H745ZI-Q-TFLITE-RNN_CM7.bin"
   text	   data	    bss	    dec	    hex	filename
 155620	    696	 105768	 262084	  3ffc4	NUCLEO-H745ZI-Q-TFLITE-RNN_CM7.elf
Finished building: default.size.stdout
 
Finished building: NUCLEO-H745ZI-Q-TFLITE-RNN_CM7.bin
 
Finished building: NUCLEO-H745ZI-Q-TFLITE-RNN_CM7.list
 

22:49:49 Build Finished. 0 errors, 4 warnings. (took 4s.597ms)

